 game_shader_dx9

 Timestamp is 4e99ba69 (Sat Oct 15 09:52:57 2011)

 Preferred load address is 10000000

 Start         Length     Name                   Class
 0001:00000000 000414c8H .text                   CODE
 0001:000414d0 00008673H .text$yc                CODE
 0001:00049b50 000005dfH .text$yd                CODE
 0002:00000000 00000130H .idata$5                DATA
 0002:00000130 00000004H .CRT$XCA                DATA
 0002:00000134 00000b9cH .CRT$XCU                DATA
 0002:00000cd0 00000004H .CRT$XCZ                DATA
 0002:00000cd4 00000004H .CRT$XIA                DATA
 0002:00000cd8 00000014H .CRT$XIC                DATA
 0002:00000cec 00000004H .CRT$XIZ                DATA
 0002:00000cf0 00000004H .CRT$XPA                DATA
 0002:00000cf4 00000004H .CRT$XPX                DATA
 0002:00000cf8 00000004H .CRT$XPXA               DATA
 0002:00000cfc 00000004H .CRT$XPZ                DATA
 0002:00000d00 00000004H .CRT$XTA                DATA
 0002:00000d04 00000004H .CRT$XTZ                DATA
 0002:00000d10 00010530H .rdata                  DATA
 0002:00011240 00000079H .rdata$debug            DATA
 0002:000112bc 00001cbcH .rdata$r                DATA
 0002:00012f80 0000000cH .rdata$sxdata           DATA
 0002:00012f8c 00000004H .rtc$IAA                DATA
 0002:00012f90 00000004H .rtc$IZZ                DATA
 0002:00012f94 00000004H .rtc$TAA                DATA
 0002:00012f98 00000004H .rtc$TZZ                DATA
 0002:00012fa0 00000344H .xdata$x                DATA
 0002:000132e4 0000003cH .idata$2                DATA
 0002:00013320 00000014H .idata$3                DATA
 0002:00013334 00000130H .idata$4                DATA
 0002:00013464 0000054eH .idata$6                DATA
 0002:000139c0 00000088H .edata                  DATA
 0003:00000000 0000688aH .data                   DATA
 0003:000068a0 0000d4e0H .bss                    DATA

  Address         Publics by Value              Rva+Base       Lib:Object

 0000:00000000       __except_list              00000000     <absolute>
 0000:00000003       ___safe_se_handler_count   00000003     <absolute>
 0000:00000000       ___ImageBase               10000000     <linker-defined>
 0001:00000000       ?GetFallbackShader@CShader@SDK_LightmappedReflective_DX90@@UBEPBDPAPAVIMaterialVar@@@Z 10001000 f i lightmappedreflective.obj
 0001:00000000       ?GetFallbackShader@CShader@SDK_LightmappedGeneric_Decal@@UBEPBDPAPAVIMaterialVar@@@Z 10001000 f i lightmappedgeneric_decal.obj
 0001:00000000       ?GetFallbackShader@CBaseShader@@UBEPBDPAPAVIMaterialVar@@@Z 10001000 f i aftershock.obj
 0001:00000010       ?GetSoftwareVertexShader@CBaseShader@@UBEQ6AXAAVCMeshBuilder@@PAPAVIMaterialVar@@PAVIShaderDynamicAPI@@@ZXZ 10001010 f i aftershock.obj
 0001:00000020       ?GetFallbackShader@CShader@SDK_Aftershock@@UBEPBDPAPAVIMaterialVar@@@Z 10001020 f i aftershock.obj
 0001:00000030       ?GetName@CShader@SDK_Aftershock@@UBEPBDXZ 10001030 f i aftershock.obj
 0001:00000040       ?GetFlags@CShader@SDK_Aftershock@@UBEHXZ 10001040 f i aftershock.obj
 0001:00000050       ?GetNumParams@CShader@SDK_Aftershock@@UBEHXZ 10001050 f i aftershock.obj
 0001:00000060       ?GetParamName@CShader@SDK_Aftershock@@UBEPBDH@Z 10001060 f i aftershock.obj
 0001:00000090       ?GetParamHelp@CShader@SDK_Aftershock@@UBEPBDH@Z 10001090 f i aftershock.obj
 0001:000000d0       ?GetParamType@CShader@SDK_Aftershock@@UBE?AW4ShaderParamType_t@@H@Z 100010d0 f i aftershock.obj
 0001:00000100       ?GetParamDefault@CShader@SDK_Aftershock@@UBEPBDH@Z 10001100 f i aftershock.obj
 0001:00000140       ?GetParamFlags@CShader@SDK_Aftershock@@UBEHH@Z 10001140 f i aftershock.obj
 0001:00000180       ??0CShader@SDK_Aftershock@@QAE@XZ 10001180 f i aftershock.obj
 0001:000001e0       ?OnInitShaderParams@CShader@SDK_Aftershock_dx9@@UAEXPAPAVIMaterialVar@@PBD@Z 100011e0 f i aftershock.obj
 0001:00000270       ?GetFallbackShader@CShader@SDK_Aftershock_dx9@@UBEPBDPAPAVIMaterialVar@@@Z 10001270 f i aftershock.obj
 0001:00000290       ?GetName@CShader@SDK_Aftershock_dx9@@UBEPBDXZ 10001290 f i aftershock.obj
 0001:000002a0       ?GetFlags@CShader@SDK_Aftershock_dx9@@UBEHXZ 100012a0 f i aftershock.obj
 0001:000002b0       ?GetNumParams@CShader@SDK_Aftershock_dx9@@UBEHXZ 100012b0 f i aftershock.obj
 0001:000002c0       ?GetParamName@CShader@SDK_Aftershock_dx9@@UBEPBDH@Z 100012c0 f i aftershock.obj
 0001:000002f0       ?GetParamHelp@CShader@SDK_Aftershock_dx9@@UBEPBDH@Z 100012f0 f i aftershock.obj
 0001:00000330       ?GetParamType@CShader@SDK_Aftershock_dx9@@UBE?AW4ShaderParamType_t@@H@Z 10001330 f i aftershock.obj
 0001:00000360       ?GetParamDefault@CShader@SDK_Aftershock_dx9@@UBEPBDH@Z 10001360 f i aftershock.obj
 0001:000003a0       ?GetParamFlags@CShader@SDK_Aftershock_dx9@@UBEHH@Z 100013a0 f i aftershock.obj
 0001:000003e0       ?OnInitShaderInstance@CShader@SDK_Aftershock_dx9@@UAEXPAPAVIMaterialVar@@PAVIShaderInit@@PBD@Z 100013e0 f i aftershock.obj
 0001:00000440       ?OnDrawElements@CShader@SDK_Aftershock_dx9@@UAEXPAPAVIMaterialVar@@PAVIShaderShadow@@PAVIShaderDynamicAPI@@W4VertexCompressionType_t@@PAPAVCBasePerMaterialContextData@@@Z 10001440 f i aftershock.obj
 0001:000004e0       ??1?$CUtlVector@PAVCShaderParam@SDK_Aftershock@@V?$CUtlMemory@PAVCShaderParam@SDK_Aftershock@@H@@@@QAE@XZ 100014e0 f i aftershock.obj
 0001:00000550       ??1?$CUtlVector@PAVCShaderParam@SDK_Aftershock_dx9@@V?$CUtlMemory@PAVCShaderParam@SDK_Aftershock_dx9@@H@@@@QAE@XZ 10001550 f i aftershock.obj
 0001:000005c0       ?InsertBefore@?$CUtlVector@PAVCShaderParam@SDK_Aftershock_dx9@@V?$CUtlMemory@PAVCShaderParam@SDK_Aftershock_dx9@@H@@@@QAEHHABQAVCShaderParam@SDK_Aftershock_dx9@@@Z 100015c0 f i aftershock.obj
 0001:00000630       ?Grow@?$CUtlMemory@PAVCShaderParam@SDK_Aftershock_dx9@@H@@QAEXH@Z 10001630 f i aftershock.obj
 0001:000006d0       ?InitParamsAftershock@@YAXPAVCBaseVSShader@@PAPAVIMaterialVar@@PBDAAUAftershockVars_t@@@Z 100016d0 f   aftershock_helper.obj
 0001:000008d0       ?DrawAftershock@@YAXPAVCBaseVSShader@@PAPAVIMaterialVar@@PAVIShaderDynamicAPI@@PAVIShaderShadow@@AAUAftershockVars_t@@W4VertexCompressionType_t@@@Z 100018d0 f   aftershock_helper.obj
 0001:00000eb0       ?SetPixelShaderConstant@CBaseVSShader@@QAEXHHH@Z 10001eb0 f   BaseVSShader.obj
 0001:00000f30       ?SetPixelShaderConstantGammaToLinear@CBaseVSShader@@QAEXHH@Z 10001f30 f   BaseVSShader.obj
 0001:00001010       ?SetVertexShaderTextureTransform@CBaseVSShader@@QAEXHH@Z 10002010 f   BaseVSShader.obj
 0001:000010e0       ?SetVertexShaderTextureScaledTransform@CBaseVSShader@@QAEXHHH@Z 100020e0 f   BaseVSShader.obj
 0001:00001250       ?LoadModelViewMatrixIntoVertexShaderConstant@CBaseVSShader@@QAEXH@Z 10002250 f   BaseVSShader.obj
 0001:000012e0       ?EnablePixelShaderOverbright@CBaseVSShader@@QAEXH_N0@Z 100022e0 f   BaseVSShader.obj
 0001:00001320       ?SetModulationPixelShaderDynamicState_LinearColorSpace@CBaseVSShader@@QAEXH@Z 10002320 f   BaseVSShader.obj
 0001:000013d0       ?SetModulationPixelShaderDynamicState_LinearColorSpace_LinearScale@CBaseVSShader@@QAEXHM@Z 100023d0 f   BaseVSShader.obj
 0001:000014b0       ?SetEnvMapTintPixelShaderDynamicState@CBaseVSShader@@QAEXHHH_N@Z 100024b0 f   BaseVSShader.obj
 0001:00001540       ?SetHWMorphVertexShaderState@CBaseVSShader@@QAEXHHW4VertexTextureSampler_t@@@Z 10002540 f   BaseVSShader.obj
 0001:00001670       ?EvaluateBlendRequirements@CBaseVSShader@@QAE?AW4BlendType_t@@H_NH@Z 10002670 f   BaseVSShader.obj
 0001:00001740       ?SetFlashlightVertexShaderConstants@CBaseVSShader@@QAEX_NH0H0@Z 10002740 f   BaseVSShader.obj
 0001:00001910       ?DrawFlashlight_dx80@CBaseVSShader@@QAEXPAPAVIMaterialVar@@PAVIShaderDynamicAPI@@PAVIShaderShadow@@_NHHHHH33HHH3HH@Z 10002910 f   BaseVSShader.obj
 0001:00001ba0       ?DrawFlashlight_dx90@CBaseVSShader@@QAEXPAPAVIMaterialVar@@PAVIShaderDynamicAPI@@PAVIShaderShadow@@AAUDrawFlashlight_dx90_Vars_t@1@@Z 10002ba0 f   BaseVSShader.obj
 0001:00002630       ?HashShadow2DJitter@CBaseVSShader@@QAEXMPAM0@Z 10003630 f   BaseVSShader.obj
 0001:000026a0       ?DrawEqualDepthToDestAlpha@CBaseVSShader@@QAEXXZ 100036a0 f   BaseVSShader.obj
 0001:00002790       ?GetName@CShader@Bleach_Bypass@@UBEPBDXZ 10003790 f i bleach_bypass.obj
 0001:000027a0       ?GetNumParams@CShader@Bleach_Bypass@@UBEHXZ 100037a0 f i bleach_bypass.obj
 0001:000027b0       ?GetParamName@CShader@Bleach_Bypass@@UBEPBDH@Z 100037b0 f i bleach_bypass.obj
 0001:000027e0       ?GetParamHelp@CShader@Bleach_Bypass@@UBEPBDH@Z 100037e0 f i bleach_bypass.obj
 0001:00002820       ?GetParamType@CShader@Bleach_Bypass@@UBE?AW4ShaderParamType_t@@H@Z 10003820 f i bleach_bypass.obj
 0001:00002850       ?GetParamDefault@CShader@Bleach_Bypass@@UBEPBDH@Z 10003850 f i bleach_bypass.obj
 0001:00002890       ?GetParamFlags@CShader@Bleach_Bypass@@UBEHH@Z 10003890 f i bleach_bypass.obj
 0001:000028d0       ?OnInitShaderInstance@CShader@Bleach_Bypass@@UAEXPAPAVIMaterialVar@@PAVIShaderInit@@PBD@Z 100038d0 f i bleach_bypass.obj
 0001:00002930       ?OnDrawElements@CShader@Bleach_Bypass@@UAEXPAPAVIMaterialVar@@PAVIShaderShadow@@PAVIShaderDynamicAPI@@W4VertexCompressionType_t@@PAPAVCBasePerMaterialContextData@@@Z 10003930 f i bleach_bypass.obj
 0001:00002ab0       ??1?$CUtlVector@PAVCShaderParam@Bleach_Bypass@@V?$CUtlMemory@PAVCShaderParam@Bleach_Bypass@@H@@@@QAE@XZ 10003ab0 f i bleach_bypass.obj
 0001:00002b20       ?InsertBefore@?$CUtlVector@PAVCShaderParam@Bleach_Bypass@@V?$CUtlMemory@PAVCShaderParam@Bleach_Bypass@@H@@@@QAEHHABQAVCShaderParam@Bleach_Bypass@@@Z 10003b20 f i bleach_bypass.obj
 0001:00002b90       ?Grow@?$CUtlMemory@PAVCShaderParam@Bleach_Bypass@@H@@QAEXH@Z 10003b90 f i bleach_bypass.obj
 0001:00002c30       ?GetName@CShader@SDK_Bloom@@UBEPBDXZ 10003c30 f i Bloom.obj
 0001:00002c40       ?GetNumParams@CShader@SDK_Bloom@@UBEHXZ 10003c40 f i Bloom.obj
 0001:00002c50       ?GetParamName@CShader@SDK_Bloom@@UBEPBDH@Z 10003c50 f i Bloom.obj
 0001:00002c80       ?GetParamHelp@CShader@SDK_Bloom@@UBEPBDH@Z 10003c80 f i Bloom.obj
 0001:00002cc0       ?GetParamType@CShader@SDK_Bloom@@UBE?AW4ShaderParamType_t@@H@Z 10003cc0 f i Bloom.obj
 0001:00002cf0       ?GetParamDefault@CShader@SDK_Bloom@@UBEPBDH@Z 10003cf0 f i Bloom.obj
 0001:00002d30       ?GetParamFlags@CShader@SDK_Bloom@@UBEHH@Z 10003d30 f i Bloom.obj
 0001:00002d70       ?OnInitShaderInstance@CShader@SDK_Bloom@@UAEXPAPAVIMaterialVar@@PAVIShaderInit@@PBD@Z 10003d70 f i Bloom.obj
 0001:00002e20       ?OnDrawElements@CShader@SDK_Bloom@@UAEXPAPAVIMaterialVar@@PAVIShaderShadow@@PAVIShaderDynamicAPI@@W4VertexCompressionType_t@@PAPAVCBasePerMaterialContextData@@@Z 10003e20 f i Bloom.obj
 0001:00002fb0       ??1?$CUtlVector@PAVCShaderParam@SDK_Bloom@@V?$CUtlMemory@PAVCShaderParam@SDK_Bloom@@H@@@@QAE@XZ 10003fb0 f i Bloom.obj
 0001:00003020       ?InsertBefore@?$CUtlVector@PAVCShaderParam@SDK_Bloom@@V?$CUtlMemory@PAVCShaderParam@SDK_Bloom@@H@@@@QAEHHABQAVCShaderParam@SDK_Bloom@@@Z 10004020 f i Bloom.obj
 0001:00003090       ?Grow@?$CUtlMemory@PAVCShaderParam@SDK_Bloom@@H@@QAEXH@Z 10004090 f i Bloom.obj
 0001:00003130       ?GetFallbackShader@CShader@SDK_Cable@@UBEPBDPAPAVIMaterialVar@@@Z 10004130 f i cable_dx9.obj
 0001:00003140       ?GetName@CShader@SDK_Cable@@UBEPBDXZ 10004140 f i cable_dx9.obj
 0001:00003150       ?GetFlags@CShader@SDK_Cable@@UBEHXZ 10004150 f i cable_dx9.obj
 0001:00003160       ?GetNumParams@CShader@SDK_Cable@@UBEHXZ 10004160 f i cable_dx9.obj
 0001:00003170       ?GetParamName@CShader@SDK_Cable@@UBEPBDH@Z 10004170 f i cable_dx9.obj
 0001:000031a0       ?GetParamHelp@CShader@SDK_Cable@@UBEPBDH@Z 100041a0 f i cable_dx9.obj
 0001:000031e0       ?GetParamType@CShader@SDK_Cable@@UBE?AW4ShaderParamType_t@@H@Z 100041e0 f i cable_dx9.obj
 0001:00003210       ?GetParamDefault@CShader@SDK_Cable@@UBEPBDH@Z 10004210 f i cable_dx9.obj
 0001:00003250       ?GetParamFlags@CShader@SDK_Cable@@UBEHH@Z 10004250 f i cable_dx9.obj
 0001:00003290       ??0CShader@SDK_Cable@@QAE@XZ 10004290 f i cable_dx9.obj
 0001:000032f0       ?GetFallbackShader@CShader@SDK_Cable_DX9@@UBEPBDPAPAVIMaterialVar@@@Z 100042f0 f i cable_dx9.obj
 0001:00003340       ?GetName@CShader@SDK_Cable_DX9@@UBEPBDXZ 10004340 f i cable_dx9.obj
 0001:00003350       ?GetFlags@CShader@SDK_Cable_DX9@@UBEHXZ 10004350 f i cable_dx9.obj
 0001:00003360       ?GetNumParams@CShader@SDK_Cable_DX9@@UBEHXZ 10004360 f i cable_dx9.obj
 0001:00003370       ?GetParamName@CShader@SDK_Cable_DX9@@UBEPBDH@Z 10004370 f i cable_dx9.obj
 0001:000033a0       ?GetParamHelp@CShader@SDK_Cable_DX9@@UBEPBDH@Z 100043a0 f i cable_dx9.obj
 0001:000033e0       ?GetParamType@CShader@SDK_Cable_DX9@@UBE?AW4ShaderParamType_t@@H@Z 100043e0 f i cable_dx9.obj
 0001:00003410       ?GetParamDefault@CShader@SDK_Cable_DX9@@UBEPBDH@Z 10004410 f i cable_dx9.obj
 0001:00003450       ?GetParamFlags@CShader@SDK_Cable_DX9@@UBEHH@Z 10004450 f i cable_dx9.obj
 0001:00003490       ?OnInitShaderInstance@CShader@SDK_Cable_DX9@@UAEXPAPAVIMaterialVar@@PAVIShaderInit@@PBD@Z 10004490 f i cable_dx9.obj
 0001:00003510       ?OnDrawElements@CShader@SDK_Cable_DX9@@UAEXPAPAVIMaterialVar@@PAVIShaderShadow@@PAVIShaderDynamicAPI@@W4VertexCompressionType_t@@PAPAVCBasePerMaterialContextData@@@Z 10004510 f i cable_dx9.obj
 0001:000038c0       ??1?$CUtlVector@PAVCShaderParam@SDK_Cable@@V?$CUtlMemory@PAVCShaderParam@SDK_Cable@@H@@@@QAE@XZ 100048c0 f i cable_dx9.obj
 0001:00003930       ??1?$CUtlVector@PAVCShaderParam@SDK_Cable_DX9@@V?$CUtlMemory@PAVCShaderParam@SDK_Cable_DX9@@H@@@@QAE@XZ 10004930 f i cable_dx9.obj
 0001:000039a0       ?InsertBefore@?$CUtlVector@PAVCShaderParam@SDK_Cable_DX9@@V?$CUtlMemory@PAVCShaderParam@SDK_Cable_DX9@@H@@@@QAEHHABQAVCShaderParam@SDK_Cable_DX9@@@Z 100049a0 f i cable_dx9.obj
 0001:00003a10       ?Grow@?$CUtlMemory@PAVCShaderParam@SDK_Cable_DX9@@H@@QAEXH@Z 10004a10 f i cable_dx9.obj
 0001:00003ab0       ?GetName@CShader@Chromatic_Dispersion@@UBEPBDXZ 10004ab0 f i chromatic.obj
 0001:00003ac0       ?GetFlags@CShader@Chromatic_Dispersion@@UBEHXZ 10004ac0 f i chromatic.obj
 0001:00003ad0       ?GetNumParams@CShader@Chromatic_Dispersion@@UBEHXZ 10004ad0 f i chromatic.obj
 0001:00003ae0       ?GetParamName@CShader@Chromatic_Dispersion@@UBEPBDH@Z 10004ae0 f i chromatic.obj
 0001:00003b10       ?GetParamHelp@CShader@Chromatic_Dispersion@@UBEPBDH@Z 10004b10 f i chromatic.obj
 0001:00003b50       ?GetParamType@CShader@Chromatic_Dispersion@@UBE?AW4ShaderParamType_t@@H@Z 10004b50 f i chromatic.obj
 0001:00003b80       ?GetParamDefault@CShader@Chromatic_Dispersion@@UBEPBDH@Z 10004b80 f i chromatic.obj
 0001:00003bc0       ?GetParamFlags@CShader@Chromatic_Dispersion@@UBEHH@Z 10004bc0 f i chromatic.obj
 0001:00003c00       ?OnInitShaderInstance@CShader@Chromatic_Dispersion@@UAEXPAPAVIMaterialVar@@PAVIShaderInit@@PBD@Z 10004c00 f i chromatic.obj
 0001:00003c60       ?OnDrawElements@CShader@Chromatic_Dispersion@@UAEXPAPAVIMaterialVar@@PAVIShaderShadow@@PAVIShaderDynamicAPI@@W4VertexCompressionType_t@@PAPAVCBasePerMaterialContextData@@@Z 10004c60 f i chromatic.obj
 0001:00003df0       ??1?$CUtlVector@PAVCShaderParam@Chromatic_Dispersion@@V?$CUtlMemory@PAVCShaderParam@Chromatic_Dispersion@@H@@@@QAE@XZ 10004df0 f i chromatic.obj
 0001:00003e60       ?InsertBefore@?$CUtlVector@PAVCShaderParam@Chromatic_Dispersion@@V?$CUtlMemory@PAVCShaderParam@Chromatic_Dispersion@@H@@@@QAEHHABQAVCShaderParam@Chromatic_Dispersion@@@Z 10004e60 f i chromatic.obj
 0001:00003ed0       ?Grow@?$CUtlMemory@PAVCShaderParam@Chromatic_Dispersion@@H@@QAEXH@Z 10004ed0 f i chromatic.obj
 0001:00003f70       ?InitParamsCloakBlendedPass@@YAXPAVCBaseVSShader@@PAPAVIMaterialVar@@PBDAAUCloakBlendedPassVars_t@@@Z 10004f70 f   cloak_blended_pass_helper.obj
 0001:00004060       ?DrawCloakBlendedPass@@YAXPAVCBaseVSShader@@PAPAVIMaterialVar@@PAVIShaderDynamicAPI@@PAVIShaderShadow@@AAUCloakBlendedPassVars_t@@W4VertexCompressionType_t@@@Z 10005060 f   cloak_blended_pass_helper.obj
 0001:00004520       ?CloakBlendedPassIsFullyOpaque@@YA_NPAPAVIMaterialVar@@AAUCloakBlendedPassVars_t@@@Z 10005520 f   cloak_blended_pass_helper.obj
 0001:000045f0       ?GetName@CShader@Color_Clipping@@UBEPBDXZ 100055f0 f i color_clipping.obj
 0001:00004600       ?GetNumParams@CShader@Color_Clipping@@UBEHXZ 10005600 f i color_clipping.obj
 0001:00004610       ?GetParamName@CShader@Color_Clipping@@UBEPBDH@Z 10005610 f i color_clipping.obj
 0001:00004640       ?GetParamHelp@CShader@Color_Clipping@@UBEPBDH@Z 10005640 f i color_clipping.obj
 0001:00004680       ?GetParamType@CShader@Color_Clipping@@UBE?AW4ShaderParamType_t@@H@Z 10005680 f i color_clipping.obj
 0001:000046b0       ?GetParamDefault@CShader@Color_Clipping@@UBEPBDH@Z 100056b0 f i color_clipping.obj
 0001:000046f0       ?GetParamFlags@CShader@Color_Clipping@@UBEHH@Z 100056f0 f i color_clipping.obj
 0001:00004730       ?OnInitShaderInstance@CShader@Color_Clipping@@UAEXPAPAVIMaterialVar@@PAVIShaderInit@@PBD@Z 10005730 f i color_clipping.obj
 0001:00004790       ?GetFallbackShader@CShader@SDK_EyeGlint_dx9@@UBEPBDPAPAVIMaterialVar@@@Z 10005790 f i eyeglint_dx9.obj
 0001:00004790       ?GetFallbackShader@CShader@Desaturate@@UBEPBDPAPAVIMaterialVar@@@Z 10005790 f i Desaturate.obj
 0001:00004790       ?GetFallbackShader@CShader@Vignetting@@UBEPBDPAPAVIMaterialVar@@@Z 10005790 f i vignetting.obj
 0001:00004790       ?GetFallbackShader@CShader@Nightvision@@UBEPBDPAPAVIMaterialVar@@@Z 10005790 f i nightvision.obj
 0001:00004790       ?GetFallbackShader@CShader@GaussianY@@UBEPBDPAPAVIMaterialVar@@@Z 10005790 f i gaussiany.obj
 0001:00004790       ?GetFallbackShader@CShader@SDK_Bloom@@UBEPBDPAPAVIMaterialVar@@@Z 10005790 f i Bloom.obj
 0001:00004790       ?GetFallbackShader@CShader@Noise@@UBEPBDPAPAVIMaterialVar@@@Z 10005790 f i noise.obj
 0001:00004790       ?GetFallbackShader@CShader@Sepia@@UBEPBDPAPAVIMaterialVar@@@Z 10005790 f i sepia.obj
 0001:00004790       ?GetFallbackShader@CShader@GaussianX@@UBEPBDPAPAVIMaterialVar@@@Z 10005790 f i gaussianx.obj
 0001:00004790       ?GetFallbackShader@CShader@Unsharp_Blur@@UBEPBDPAPAVIMaterialVar@@@Z 10005790 f i unsharp_blur.obj
 0001:00004790       ?GetFallbackShader@CShader@Bleach_Bypass@@UBEPBDPAPAVIMaterialVar@@@Z 10005790 f i bleach_bypass.obj
 0001:00004790       ?GetFallbackShader@CShader@Cubic_Distortion@@UBEPBDPAPAVIMaterialVar@@@Z 10005790 f i cubic_distortion.obj
 0001:00004790       ?GetFallbackShader@CShader@RadialGaussianX@@UBEPBDPAPAVIMaterialVar@@@Z 10005790 f i radialgaussianx.obj
 0001:00004790       ?GetFallbackShader@CShader@Unsharp@@UBEPBDPAPAVIMaterialVar@@@Z 10005790 f i unsharp.obj
 0001:00004790       ?GetFallbackShader@CShader@ScreenWater@@UBEPBDPAPAVIMaterialVar@@@Z 10005790 f i screenwater.obj
 0001:00004790       ?GetFallbackShader@CShader@Negative@@UBEPBDPAPAVIMaterialVar@@@Z 10005790 f i negative.obj
 0001:00004790       ?GetFallbackShader@CShader@RadialGaussianY@@UBEPBDPAPAVIMaterialVar@@@Z 10005790 f i radialgaussiany.obj
 0001:00004790       ?GetFallbackShader@CShader@Chromatic_Dispersion@@UBEPBDPAPAVIMaterialVar@@@Z 10005790 f i chromatic.obj
 0001:00004790       ?GetFallbackShader@CShader@Color_Clipping@@UBEPBDPAPAVIMaterialVar@@@Z 10005790 f i color_clipping.obj
 0001:000047b0       ?OnDrawElements@CShader@Color_Clipping@@UAEXPAPAVIMaterialVar@@PAVIShaderShadow@@PAVIShaderDynamicAPI@@W4VertexCompressionType_t@@PAPAVCBasePerMaterialContextData@@@Z 100057b0 f i color_clipping.obj
 0001:00004a00       ??1?$CUtlVector@PAVCShaderParam@Color_Clipping@@V?$CUtlMemory@PAVCShaderParam@Color_Clipping@@H@@@@QAE@XZ 10005a00 f i color_clipping.obj
 0001:00004a70       ?InsertBefore@?$CUtlVector@PAVCShaderParam@Color_Clipping@@V?$CUtlMemory@PAVCShaderParam@Color_Clipping@@H@@@@QAEHHABQAVCShaderParam@Color_Clipping@@@Z 10005a70 f i color_clipping.obj
 0001:00004ae0       ?Grow@?$CUtlMemory@PAVCShaderParam@Color_Clipping@@H@@QAEXH@Z 10005ae0 f i color_clipping.obj
 0001:00004b80       ?GetName@CShader@Complements@@UBEPBDXZ 10005b80 f i complements.obj
 0001:00004b90       ?GetNumParams@CShader@Complements@@UBEHXZ 10005b90 f i complements.obj
 0001:00004ba0       ?GetParamName@CShader@Complements@@UBEPBDH@Z 10005ba0 f i complements.obj
 0001:00004bd0       ?GetParamHelp@CShader@Complements@@UBEPBDH@Z 10005bd0 f i complements.obj
 0001:00004c10       ?GetParamType@CShader@Complements@@UBE?AW4ShaderParamType_t@@H@Z 10005c10 f i complements.obj
 0001:00004c40       ?GetParamDefault@CShader@Complements@@UBEPBDH@Z 10005c40 f i complements.obj
 0001:00004c80       ?GetParamFlags@CShader@Complements@@UBEHH@Z 10005c80 f i complements.obj
 0001:00004cc0       ?OnInitShaderInstance@CShader@Complements@@UAEXPAPAVIMaterialVar@@PAVIShaderInit@@PBD@Z 10005cc0 f i complements.obj
 0001:00004d20       ?GetFallbackShader@CShader@Complements@@UBEPBDPAPAVIMaterialVar@@@Z 10005d20 f i complements.obj
 0001:00004d60       ?OnDrawElements@CShader@Complements@@UAEXPAPAVIMaterialVar@@PAVIShaderShadow@@PAVIShaderDynamicAPI@@W4VertexCompressionType_t@@PAPAVCBasePerMaterialContextData@@@Z 10005d60 f i complements.obj
 0001:00004f80       ??1?$CUtlVector@PAVCShaderParam@Complements@@V?$CUtlMemory@PAVCShaderParam@Complements@@H@@@@QAE@XZ 10005f80 f i complements.obj
 0001:00004ff0       ?InsertBefore@?$CUtlVector@PAVCShaderParam@Complements@@V?$CUtlMemory@PAVCShaderParam@Complements@@H@@@@QAEHHABQAVCShaderParam@Complements@@@Z 10005ff0 f i complements.obj
 0001:00005060       ?Grow@?$CUtlMemory@PAVCShaderParam@Complements@@H@@QAEXH@Z 10006060 f i complements.obj
 0001:00005100       ?GetFallbackShader@CShader@SDK_Core@@UBEPBDPAPAVIMaterialVar@@@Z 10006100 f i core_dx9.obj
 0001:00005110       ?GetName@CShader@SDK_Core@@UBEPBDXZ 10006110 f i core_dx9.obj
 0001:00005120       ?GetFlags@CShader@SDK_Core@@UBEHXZ 10006120 f i core_dx9.obj
 0001:00005130       ?GetNumParams@CShader@SDK_Core@@UBEHXZ 10006130 f i core_dx9.obj
 0001:00005140       ?GetParamName@CShader@SDK_Core@@UBEPBDH@Z 10006140 f i core_dx9.obj
 0001:00005170       ?GetParamHelp@CShader@SDK_Core@@UBEPBDH@Z 10006170 f i core_dx9.obj
 0001:000051b0       ?GetParamType@CShader@SDK_Core@@UBE?AW4ShaderParamType_t@@H@Z 100061b0 f i core_dx9.obj
 0001:000051e0       ?GetParamDefault@CShader@SDK_Core@@UBEPBDH@Z 100061e0 f i core_dx9.obj
 0001:00005220       ?GetParamFlags@CShader@SDK_Core@@UBEHH@Z 10006220 f i core_dx9.obj
 0001:00005260       ??0CShader@SDK_Core@@QAE@XZ 10006260 f i core_dx9.obj
 0001:000052c0       ?OnInitShaderParams@CShader@SDK_Core_DX90@@UAEXPAPAVIMaterialVar@@PBD@Z 100062c0 f i core_dx9.obj
 0001:000053d0       ?GetFallbackShader@CShader@SDK_Core_DX90@@UBEPBDPAPAVIMaterialVar@@@Z 100063d0 f i core_dx9.obj
 0001:000053f0       ?GetName@CShader@SDK_Core_DX90@@UBEPBDXZ 100063f0 f i core_dx9.obj
 0001:00005400       ?GetFlags@CShader@SDK_Core_DX90@@UBEHXZ 10006400 f i core_dx9.obj
 0001:00005410       ?GetNumParams@CShader@SDK_Core_DX90@@UBEHXZ 10006410 f i core_dx9.obj
 0001:00005420       ?GetParamName@CShader@SDK_Core_DX90@@UBEPBDH@Z 10006420 f i core_dx9.obj
 0001:00005450       ?GetParamHelp@CShader@SDK_Core_DX90@@UBEPBDH@Z 10006450 f i core_dx9.obj
 0001:00005490       ?GetParamType@CShader@SDK_Core_DX90@@UBE?AW4ShaderParamType_t@@H@Z 10006490 f i core_dx9.obj
 0001:000054c0       ?GetParamDefault@CShader@SDK_Core_DX90@@UBEPBDH@Z 100064c0 f i core_dx9.obj
 0001:00005500       ?GetParamFlags@CShader@SDK_Core_DX90@@UBEHH@Z 10006500 f i core_dx9.obj
 0001:00005540       ?OnInitShaderInstance@CShader@SDK_Core_DX90@@UAEXPAPAVIMaterialVar@@PAVIShaderInit@@PBD@Z 10006540 f i core_dx9.obj
 0001:000056d0       ?DrawPass@CShader@SDK_Core_DX90@@QAEXPAPAVIMaterialVar@@PAVIShaderShadow@@PAVIShaderDynamicAPI@@HW4VertexCompressionType_t@@@Z 100066d0 f i core_dx9.obj
 0001:000060b0       ?OnDrawElements@CShader@SDK_Core_DX90@@UAEXPAPAVIMaterialVar@@PAVIShaderShadow@@PAVIShaderDynamicAPI@@W4VertexCompressionType_t@@PAPAVCBasePerMaterialContextData@@@Z 100070b0 f i core_dx9.obj
 0001:000060f0       ??1?$CUtlVector@PAVCShaderParam@SDK_Core@@V?$CUtlMemory@PAVCShaderParam@SDK_Core@@H@@@@QAE@XZ 100070f0 f i core_dx9.obj
 0001:00006160       ??1?$CUtlVector@PAVCShaderParam@SDK_Core_DX90@@V?$CUtlMemory@PAVCShaderParam@SDK_Core_DX90@@H@@@@QAE@XZ 10007160 f i core_dx9.obj
 0001:000061d0       ?InsertBefore@?$CUtlVector@PAVCShaderParam@SDK_Core_DX90@@V?$CUtlMemory@PAVCShaderParam@SDK_Core_DX90@@H@@@@QAEHHABQAVCShaderParam@SDK_Core_DX90@@@Z 100071d0 f i core_dx9.obj
 0001:00006240       ?Grow@?$CUtlMemory@PAVCShaderParam@SDK_Core_DX90@@H@@QAEXH@Z 10007240 f i core_dx9.obj
 0001:000062e0       ?C17_GearDev@@YAXXZ        100072e0 f   credits.obj
 0001:000063d0       ?GetName@CShader@Cubic_Distortion@@UBEPBDXZ 100073d0 f i cubic_distortion.obj
 0001:000063e0       ?GetNumParams@CShader@Cubic_Distortion@@UBEHXZ 100073e0 f i cubic_distortion.obj
 0001:000063f0       ?GetParamName@CShader@Cubic_Distortion@@UBEPBDH@Z 100073f0 f i cubic_distortion.obj
 0001:00006420       ?GetParamHelp@CShader@Cubic_Distortion@@UBEPBDH@Z 10007420 f i cubic_distortion.obj
 0001:00006460       ?GetParamType@CShader@Cubic_Distortion@@UBE?AW4ShaderParamType_t@@H@Z 10007460 f i cubic_distortion.obj
 0001:00006490       ?GetParamDefault@CShader@Cubic_Distortion@@UBEPBDH@Z 10007490 f i cubic_distortion.obj
 0001:000064d0       ?GetParamFlags@CShader@Cubic_Distortion@@UBEHH@Z 100074d0 f i cubic_distortion.obj
 0001:00006510       ?OnInitShaderInstance@CShader@Cubic_Distortion@@UAEXPAPAVIMaterialVar@@PAVIShaderInit@@PBD@Z 10007510 f i cubic_distortion.obj
 0001:00006570       ?OnDrawElements@CShader@Cubic_Distortion@@UAEXPAPAVIMaterialVar@@PAVIShaderShadow@@PAVIShaderDynamicAPI@@W4VertexCompressionType_t@@PAPAVCBasePerMaterialContextData@@@Z 10007570 f i cubic_distortion.obj
 0001:00006720       ??1?$CUtlVector@PAVCShaderParam@Cubic_Distortion@@V?$CUtlMemory@PAVCShaderParam@Cubic_Distortion@@H@@@@QAE@XZ 10007720 f i cubic_distortion.obj
 0001:00006790       ?InsertBefore@?$CUtlVector@PAVCShaderParam@Cubic_Distortion@@V?$CUtlMemory@PAVCShaderParam@Cubic_Distortion@@H@@@@QAEHHABQAVCShaderParam@Cubic_Distortion@@@Z 10007790 f i cubic_distortion.obj
 0001:00006800       ?Grow@?$CUtlMemory@PAVCShaderParam@Cubic_Distortion@@H@@QAEXH@Z 10007800 f i cubic_distortion.obj
 0001:000068a0       ?GetName@CShader@Desaturate@@UBEPBDXZ 100078a0 f i Desaturate.obj
 0001:000068b0       ?GetFlags@CShader@Color_Clipping@@UBEHXZ 100078b0 f i color_clipping.obj
 0001:000068b0       ?GetFlags@CShader@Complements@@UBEHXZ 100078b0 f i complements.obj
 0001:000068b0       ?GetFlags@CShader@FXAA@@UBEHXZ 100078b0 f i fxaa.obj
 0001:000068b0       ?GetFlags@CShader@SDK_Bloom@@UBEHXZ 100078b0 f i Bloom.obj
 0001:000068b0       ?GetFlags@CShader@Radial_Blur@@UBEHXZ 100078b0 f i radial_blur.obj
 0001:000068b0       ?GetFlags@CShader@Desaturate@@UBEHXZ 100078b0 f i Desaturate.obj
 0001:000068b0       ?GetFlags@CShader@LUMA@@UBEHXZ 100078b0 f i luma.obj
 0001:000068b0       ?GetFlags@CShader@Cubic_Distortion@@UBEHXZ 100078b0 f i cubic_distortion.obj
 0001:000068b0       ?GetFlags@CShader@SDK_screenspace_general_dx9@@UBEHXZ 100078b0 f i screenspace_general.obj
 0001:000068b0       ?GetFlags@CShader@Bleach_Bypass@@UBEHXZ 100078b0 f i bleach_bypass.obj
 0001:000068b0       ?GetFlags@CShader@Negative@@UBEHXZ 100078b0 f i negative.obj
 0001:000068b0       ?GetFlags@CShader@SDK_Spritecard@@UBEHXZ 100078b0 f i spritecard.obj
 0001:000068c0       ?GetNumParams@CShader@Desaturate@@UBEHXZ 100078c0 f i Desaturate.obj
 0001:000068d0       ?GetParamName@CShader@Desaturate@@UBEPBDH@Z 100078d0 f i Desaturate.obj
 0001:00006900       ?GetParamHelp@CShader@Desaturate@@UBEPBDH@Z 10007900 f i Desaturate.obj
 0001:00006940       ?GetParamType@CShader@Desaturate@@UBE?AW4ShaderParamType_t@@H@Z 10007940 f i Desaturate.obj
 0001:00006970       ?GetParamDefault@CShader@Desaturate@@UBEPBDH@Z 10007970 f i Desaturate.obj
 0001:000069b0       ?GetParamFlags@CShader@Desaturate@@UBEHH@Z 100079b0 f i Desaturate.obj
 0001:000069f0       ?OnInitShaderInstance@CShader@Desaturate@@UAEXPAPAVIMaterialVar@@PAVIShaderInit@@PBD@Z 100079f0 f i Desaturate.obj
 0001:00006a50       ?OnDrawElements@CShader@Desaturate@@UAEXPAPAVIMaterialVar@@PAVIShaderShadow@@PAVIShaderDynamicAPI@@W4VertexCompressionType_t@@PAPAVCBasePerMaterialContextData@@@Z 10007a50 f i Desaturate.obj
 0001:00006bd0       ??1?$CUtlVector@PAVCShaderParam@Desaturate@@V?$CUtlMemory@PAVCShaderParam@Desaturate@@H@@@@QAE@XZ 10007bd0 f i Desaturate.obj
 0001:00006c40       ?InsertBefore@?$CUtlVector@PAVCShaderParam@Desaturate@@V?$CUtlMemory@PAVCShaderParam@Desaturate@@H@@@@QAEHHABQAVCShaderParam@Desaturate@@@Z 10007c40 f i Desaturate.obj
 0001:00006cb0       ?Grow@?$CUtlMemory@PAVCShaderParam@Desaturate@@H@@QAEXH@Z 10007cb0 f i Desaturate.obj
 0001:00006d50       ?GetName@CShader@SDK_DepthWrite@@UBEPBDXZ 10007d50 f i dx8fallbacks.obj
 0001:00006d60       ?GetFlags@CShader@SDK_DepthWrite@@UBEHXZ 10007d60 f i dx8fallbacks.obj
 0001:00006d70       ?GetNumParams@CShader@SDK_DepthWrite@@UBEHXZ 10007d70 f i dx8fallbacks.obj
 0001:00006d80       ?GetParamName@CShader@SDK_DepthWrite@@UBEPBDH@Z 10007d80 f i dx8fallbacks.obj
 0001:00006db0       ?GetParamHelp@CShader@SDK_DepthWrite@@UBEPBDH@Z 10007db0 f i dx8fallbacks.obj
 0001:00006df0       ?GetParamType@CShader@SDK_DepthWrite@@UBE?AW4ShaderParamType_t@@H@Z 10007df0 f i dx8fallbacks.obj
 0001:00006e20       ?GetParamDefault@CShader@SDK_DepthWrite@@UBEPBDH@Z 10007e20 f i dx8fallbacks.obj
 0001:00006e60       ?GetParamFlags@CShader@SDK_DepthWrite@@UBEHH@Z 10007e60 f i dx8fallbacks.obj
 0001:00006ea0       ??0CShader@SDK_DepthWrite@@QAE@XZ 10007ea0 f i dx8fallbacks.obj
 0001:00006f00       ?GetFallbackShader@CShader@SDK_EyeRefract@@UBEPBDPAPAVIMaterialVar@@@Z 10007f00 f i dx8fallbacks.obj
 0001:00006f10       ?GetName@CShader@SDK_EyeRefract@@UBEPBDXZ 10007f10 f i dx8fallbacks.obj
 0001:00006f20       ?GetFlags@CShader@SDK_EyeRefract@@UBEHXZ 10007f20 f i dx8fallbacks.obj
 0001:00006f30       ?GetNumParams@CShader@SDK_EyeRefract@@UBEHXZ 10007f30 f i dx8fallbacks.obj
 0001:00006f40       ?GetParamName@CShader@SDK_EyeRefract@@UBEPBDH@Z 10007f40 f i dx8fallbacks.obj
 0001:00006f70       ?GetParamHelp@CShader@SDK_EyeRefract@@UBEPBDH@Z 10007f70 f i dx8fallbacks.obj
 0001:00006fb0       ?GetParamType@CShader@SDK_EyeRefract@@UBE?AW4ShaderParamType_t@@H@Z 10007fb0 f i dx8fallbacks.obj
 0001:00006fe0       ?GetParamDefault@CShader@SDK_EyeRefract@@UBEPBDH@Z 10007fe0 f i dx8fallbacks.obj
 0001:00007020       ?GetParamFlags@CShader@SDK_EyeRefract@@UBEHH@Z 10008020 f i dx8fallbacks.obj
 0001:00007060       ?GetFallbackShader@CShader@SDK_VolumeClouds@@UBEPBDPAPAVIMaterialVar@@@Z 10008060 f i dx8fallbacks.obj
 0001:00007070       ?GetName@CShader@SDK_VolumeClouds@@UBEPBDXZ 10008070 f i dx8fallbacks.obj
 0001:00007080       ?GetFlags@CShader@SDK_VolumeClouds@@UBEHXZ 10008080 f i dx8fallbacks.obj
 0001:00007090       ?GetNumParams@CShader@SDK_VolumeClouds@@UBEHXZ 10008090 f i dx8fallbacks.obj
 0001:000070a0       ?GetParamName@CShader@SDK_VolumeClouds@@UBEPBDH@Z 100080a0 f i dx8fallbacks.obj
 0001:000070d0       ?GetParamHelp@CShader@SDK_VolumeClouds@@UBEPBDH@Z 100080d0 f i dx8fallbacks.obj
 0001:00007110       ?GetParamType@CShader@SDK_VolumeClouds@@UBE?AW4ShaderParamType_t@@H@Z 10008110 f i dx8fallbacks.obj
 0001:00007140       ?GetParamDefault@CShader@SDK_VolumeClouds@@UBEPBDH@Z 10008140 f i dx8fallbacks.obj
 0001:00007180       ?GetParamFlags@CShader@SDK_VolumeClouds@@UBEHH@Z 10008180 f i dx8fallbacks.obj
 0001:000071c0       ??0CShader@SDK_VolumeClouds@@QAE@XZ 100081c0 f i dx8fallbacks.obj
 0001:00007220       ?GetFallbackShader@CShader@SDK_EyeGlint@@UBEPBDPAPAVIMaterialVar@@@Z 10008220 f i dx8fallbacks.obj
 0001:00007230       ?GetName@CShader@SDK_EyeGlint@@UBEPBDXZ 10008230 f i dx8fallbacks.obj
 0001:00007240       ?GetFlags@CShader@SDK_EyeGlint@@UBEHXZ 10008240 f i dx8fallbacks.obj
 0001:00007250       ?GetNumParams@CShader@SDK_EyeGlint@@UBEHXZ 10008250 f i dx8fallbacks.obj
 0001:00007260       ?GetParamName@CShader@SDK_EyeGlint@@UBEPBDH@Z 10008260 f i dx8fallbacks.obj
 0001:00007290       ?GetParamHelp@CShader@SDK_EyeGlint@@UBEPBDH@Z 10008290 f i dx8fallbacks.obj
 0001:000072d0       ?GetParamType@CShader@SDK_EyeGlint@@UBE?AW4ShaderParamType_t@@H@Z 100082d0 f i dx8fallbacks.obj
 0001:00007300       ?GetParamDefault@CShader@SDK_EyeGlint@@UBEPBDH@Z 10008300 f i dx8fallbacks.obj
 0001:00007340       ?GetParamFlags@CShader@SDK_EyeGlint@@UBEHH@Z 10008340 f i dx8fallbacks.obj
 0001:00007380       ?GetFallbackShader@CShader@SDK_AfterShock@@UBEPBDPAPAVIMaterialVar@@@Z 10008380 f i dx8fallbacks.obj
 0001:00007390       ?GetName@CShader@SDK_AfterShock@@UBEPBDXZ 10008390 f i dx8fallbacks.obj
 0001:000073a0       ?GetFlags@CShader@SDK_AfterShock@@UBEHXZ 100083a0 f i dx8fallbacks.obj
 0001:000073b0       ?GetNumParams@CShader@SDK_AfterShock@@UBEHXZ 100083b0 f i dx8fallbacks.obj
 0001:000073c0       ?GetParamName@CShader@SDK_AfterShock@@UBEPBDH@Z 100083c0 f i dx8fallbacks.obj
 0001:000073f0       ?GetParamHelp@CShader@SDK_AfterShock@@UBEPBDH@Z 100083f0 f i dx8fallbacks.obj
 0001:00007430       ?GetParamType@CShader@SDK_AfterShock@@UBE?AW4ShaderParamType_t@@H@Z 10008430 f i dx8fallbacks.obj
 0001:00007460       ?GetParamDefault@CShader@SDK_AfterShock@@UBEPBDH@Z 10008460 f i dx8fallbacks.obj
 0001:000074a0       ?GetParamFlags@CShader@SDK_AfterShock@@UBEHH@Z 100084a0 f i dx8fallbacks.obj
 0001:000074e0       ?OnDrawElements@CShader@SDK_VortWarp@@UAEXPAPAVIMaterialVar@@PAVIShaderShadow@@PAVIShaderDynamicAPI@@W4VertexCompressionType_t@@PAPAVCBasePerMaterialContextData@@@Z 100084e0 f i vortwarp_dx9.obj
 0001:000074e0       ?OnDrawElements@CShader@SDK_LightmappedReflective@@UAEXPAPAVIMaterialVar@@PAVIShaderShadow@@PAVIShaderDynamicAPI@@W4VertexCompressionType_t@@PAPAVCBasePerMaterialContextData@@@Z 100084e0 f i lightmappedreflective.obj
 0001:000074e0       ?OnDrawElements@CShader@SDK_screenspace_general@@UAEXPAPAVIMaterialVar@@PAVIShaderShadow@@PAVIShaderDynamicAPI@@W4VertexCompressionType_t@@PAPAVCBasePerMaterialContextData@@@Z 100084e0 f i screenspace_general.obj
 0001:000074e0       ?OnDrawElements@CShader@SDK_EyeGlint@@UAEXPAPAVIMaterialVar@@PAVIShaderShadow@@PAVIShaderDynamicAPI@@W4VertexCompressionType_t@@PAPAVCBasePerMaterialContextData@@@Z 100084e0 f i dx8fallbacks.obj
 0001:000074e0       ?OnDrawElements@CShader@SDK_AfterShock@@UAEXPAPAVIMaterialVar@@PAVIShaderShadow@@PAVIShaderDynamicAPI@@W4VertexCompressionType_t@@PAPAVCBasePerMaterialContextData@@@Z 100084e0 f i dx8fallbacks.obj
 0001:000074e0       ?OnDrawElements@CShader@SDK_WorldVertexTransition@@UAEXPAPAVIMaterialVar@@PAVIShaderShadow@@PAVIShaderDynamicAPI@@W4VertexCompressionType_t@@PAPAVCBasePerMaterialContextData@@@Z 100084e0 f i worldvertextransition.obj
 0001:000074e0       ?OnDrawElements@CShader@SDK_Core@@UAEXPAPAVIMaterialVar@@PAVIShaderShadow@@PAVIShaderDynamicAPI@@W4VertexCompressionType_t@@PAPAVCBasePerMaterialContextData@@@Z 100084e0 f i core_dx9.obj
 0001:000074e0       ?OnDrawElements@CShader@SDK_Teeth@@UAEXPAPAVIMaterialVar@@PAVIShaderShadow@@PAVIShaderDynamicAPI@@W4VertexCompressionType_t@@PAPAVCBasePerMaterialContextData@@@Z 100084e0 f i teeth.obj
 0001:000074e0       ?OnDrawElements@CShader@SDK_eyes@@UAEXPAPAVIMaterialVar@@PAVIShaderShadow@@PAVIShaderDynamicAPI@@W4VertexCompressionType_t@@PAPAVCBasePerMaterialContextData@@@Z 100084e0 f i eyes.obj
 0001:000074e0       ?OnDrawElements@CShader@SDK_EyeRefract@@UAEXPAPAVIMaterialVar@@PAVIShaderShadow@@PAVIShaderDynamicAPI@@W4VertexCompressionType_t@@PAPAVCBasePerMaterialContextData@@@Z 100084e0 f i dx8fallbacks.obj
 0001:000074e0       ?OnDrawElements@CShader@SDK_Water@@UAEXPAPAVIMaterialVar@@PAVIShaderShadow@@PAVIShaderDynamicAPI@@W4VertexCompressionType_t@@PAPAVCBasePerMaterialContextData@@@Z 100084e0 f i water.obj
 0001:000074e0       ?OnDrawElements@CShader@SDK_UnlitTwoTexture@@UAEXPAPAVIMaterialVar@@PAVIShaderShadow@@PAVIShaderDynamicAPI@@W4VertexCompressionType_t@@PAPAVCBasePerMaterialContextData@@@Z 100084e0 f i unlittwotexture_dx9.obj
 0001:000074e0       ?OnDrawElements@CShader@SDK_VolumeClouds@@UAEXPAPAVIMaterialVar@@PAVIShaderShadow@@PAVIShaderDynamicAPI@@W4VertexCompressionType_t@@PAPAVCBasePerMaterialContextData@@@Z 100084e0 f i dx8fallbacks.obj
 0001:000074e0       ?OnDrawElements@CShader@SDK_Eyeball@@UAEXPAPAVIMaterialVar@@PAVIShaderShadow@@PAVIShaderDynamicAPI@@W4VertexCompressionType_t@@PAPAVCBasePerMaterialContextData@@@Z 100084e0 f i eyeball.obj
 0001:000074e0       ?OnDrawElements@CShader@LightmappedAdv@@UAEXPAPAVIMaterialVar@@PAVIShaderShadow@@PAVIShaderDynamicAPI@@W4VertexCompressionType_t@@PAPAVCBasePerMaterialContextData@@@Z 100084e0 f i lightmappedadv.obj
 0001:000074e0       ?OnDrawElements@CShader@SDK_Cable@@UAEXPAPAVIMaterialVar@@PAVIShaderShadow@@PAVIShaderDynamicAPI@@W4VertexCompressionType_t@@PAPAVCBasePerMaterialContextData@@@Z 100084e0 f i cable_dx9.obj
 0001:000074e0       ?OnDrawElements@CShader@SDK_DepthWrite@@UAEXPAPAVIMaterialVar@@PAVIShaderShadow@@PAVIShaderDynamicAPI@@W4VertexCompressionType_t@@PAPAVCBasePerMaterialContextData@@@Z 100084e0 f i dx8fallbacks.obj
 0001:000074e0       ?OnDrawElements@CShader@SDK_Aftershock@@UAEXPAPAVIMaterialVar@@PAVIShaderShadow@@PAVIShaderDynamicAPI@@W4VertexCompressionType_t@@PAPAVCBasePerMaterialContextData@@@Z 100084e0 f i aftershock.obj
 0001:000074e0       ?OnDrawElements@CShader@SDK_Refract@@UAEXPAPAVIMaterialVar@@PAVIShaderShadow@@PAVIShaderDynamicAPI@@W4VertexCompressionType_t@@PAPAVCBasePerMaterialContextData@@@Z 100084e0 f i refract.obj
 0001:000074f0       ??0CShader@SDK_AfterShock@@QAE@XZ 100084f0 f i dx8fallbacks.obj
 0001:00007550       ??1?$CUtlVector@PAVCShaderParam@SDK_DepthWrite@@V?$CUtlMemory@PAVCShaderParam@SDK_DepthWrite@@H@@@@QAE@XZ 10008550 f i dx8fallbacks.obj
 0001:000075c0       ??1?$CUtlVector@PAVCShaderParam@SDK_eyes@@V?$CUtlMemory@PAVCShaderParam@SDK_eyes@@H@@@@QAE@XZ 100085c0 f i eyes.obj
 0001:000075c0       ??1?$CUtlVector@PAVCShaderParam@SDK_EyeRefract@@V?$CUtlMemory@PAVCShaderParam@SDK_EyeRefract@@H@@@@QAE@XZ 100085c0 f i dx8fallbacks.obj
 0001:000075c0       ??1?$CUtlVector@PAVCShaderParam@SDK_EyeGlint@@V?$CUtlMemory@PAVCShaderParam@SDK_EyeGlint@@H@@@@QAE@XZ 100085c0 f i dx8fallbacks.obj
 0001:00007620       ??1?$CUtlVector@PAVCShaderParam@SDK_VolumeClouds@@V?$CUtlMemory@PAVCShaderParam@SDK_VolumeClouds@@H@@@@QAE@XZ 10008620 f i dx8fallbacks.obj
 0001:00007690       ??1?$CUtlVector@PAVCShaderParam@SDK_AfterShock@@V?$CUtlMemory@PAVCShaderParam@SDK_AfterShock@@H@@@@QAE@XZ 10008690 f i dx8fallbacks.obj
 0001:00007700       ?InitParamsEmissiveScrollBlendedPass@@YAXPAVCBaseVSShader@@PAPAVIMaterialVar@@PBDAAUEmissiveScrollBlendedPassVars_t@@@Z 10008700 f   emissive_scroll_blended_pass_helper.obj
 0001:000077c0       ?InitEmissiveScrollBlendedPass@@YAXPAVCBaseVSShader@@PAPAVIMaterialVar@@AAUEmissiveScrollBlendedPassVars_t@@@Z 100087c0 f   emissive_scroll_blended_pass_helper.obj
 0001:00007870       ?DrawEmissiveScrollBlendedPass@@YAXPAVCBaseVSShader@@PAPAVIMaterialVar@@PAVIShaderDynamicAPI@@PAVIShaderShadow@@AAUEmissiveScrollBlendedPassVars_t@@W4VertexCompressionType_t@@@Z 10008870 f   emissive_scroll_blended_pass_helper.obj
 0001:00007cd0       ?SetupVarsEyeRefract@CShader@SDK_EyeRefract_dx9@@QAEXAAUEye_Refract_Vars_t@@@Z 10008cd0 f i eye_refract.obj
 0001:00007d90       ?NeedsPowerOfTwoFrameBufferTexture@CShader@SDK_EyeRefract_dx9@@UBE_NPAPAVIMaterialVar@@_N@Z 10008d90 f i eye_refract.obj
 0001:00007df0       ?IsTranslucent@CShader@SDK_EyeRefract_dx9@@UBE_NPAPAVIMaterialVar@@@Z 10008df0 f i eye_refract.obj
 0001:00007e40       ?OnInitShaderParams@CShader@SDK_EyeRefract_dx9@@UAEXPAPAVIMaterialVar@@PBD@Z 10008e40 f i eye_refract.obj
 0001:00007fa0       ?GetFallbackShader@CShader@SDK_EyeRefract_dx9@@UBEPBDPAPAVIMaterialVar@@@Z 10008fa0 f i eye_refract.obj
 0001:00007fa0       ?GetFallbackShader@CShader@SDK_Eyes_dx9@@UBEPBDPAPAVIMaterialVar@@@Z 10008fa0 f i eyes_dx9.obj
 0001:00007fc0       ?GetName@CShader@SDK_EyeRefract_dx9@@UBEPBDXZ 10008fc0 f i eye_refract.obj
 0001:00007fd0       ?GetFlags@CShader@SDK_EyeRefract_dx9@@UBEHXZ 10008fd0 f i eye_refract.obj
 0001:00007fe0       ?GetNumParams@CShader@SDK_EyeRefract_dx9@@UBEHXZ 10008fe0 f i eye_refract.obj
 0001:00007ff0       ?GetParamName@CShader@SDK_EyeRefract_dx9@@UBEPBDH@Z 10008ff0 f i eye_refract.obj
 0001:00008020       ?GetParamHelp@CShader@SDK_EyeRefract_dx9@@UBEPBDH@Z 10009020 f i eye_refract.obj
 0001:00008060       ?GetParamType@CShader@SDK_EyeRefract_dx9@@UBE?AW4ShaderParamType_t@@H@Z 10009060 f i eye_refract.obj
 0001:00008090       ?GetParamDefault@CShader@SDK_EyeRefract_dx9@@UBEPBDH@Z 10009090 f i eye_refract.obj
 0001:000080d0       ?GetParamFlags@CShader@SDK_EyeRefract_dx9@@UBEHH@Z 100090d0 f i eye_refract.obj
 0001:00008110       ?OnInitShaderInstance@CShader@SDK_EyeRefract_dx9@@UAEXPAPAVIMaterialVar@@PAVIShaderInit@@PBD@Z 10009110 f i eye_refract.obj
 0001:00008220       ?OnDrawElements@CShader@SDK_EyeRefract_dx9@@UAEXPAPAVIMaterialVar@@PAVIShaderShadow@@PAVIShaderDynamicAPI@@W4VertexCompressionType_t@@PAPAVCBasePerMaterialContextData@@@Z 10009220 f i eye_refract.obj
 0001:00008410       ??1?$CUtlVector@PAVCShaderParam@SDK_EyeRefract_dx9@@V?$CUtlMemory@PAVCShaderParam@SDK_EyeRefract_dx9@@H@@@@QAE@XZ 10009410 f i eye_refract.obj
 0001:00008480       ?InsertBefore@?$CUtlVector@PAVCShaderParam@SDK_EyeRefract_dx9@@V?$CUtlMemory@PAVCShaderParam@SDK_EyeRefract_dx9@@H@@@@QAEHHABQAVCShaderParam@SDK_EyeRefract_dx9@@@Z 10009480 f i eye_refract.obj
 0001:000084f0       ?Grow@?$CUtlMemory@PAVCShaderParam@SDK_EyeRefract_dx9@@H@@QAEXH@Z 100094f0 f i eye_refract.obj
 0001:00008590       ?InitParams_Eyes_Refract@@YAXPAVCBaseVSShader@@PAPAVIMaterialVar@@PBDAAUEye_Refract_Vars_t@@@Z 10009590 f   eye_refract_helper.obj
 0001:00008760       ?Init_Eyes_Refract@@YAXPAVCBaseVSShader@@PAPAVIMaterialVar@@AAUEye_Refract_Vars_t@@@Z 10009760 f   eye_refract_helper.obj
 0001:000088d0       ?Draw_Eyes_Refract_Internal@@YAXPAVCBaseVSShader@@PAPAVIMaterialVar@@PAVIShaderDynamicAPI@@PAVIShaderShadow@@_NAAUEye_Refract_Vars_t@@W4VertexCompressionType_t@@@Z 100098d0 f   eye_refract_helper.obj
 0001:00009a90       ??4FlashlightState_t@@QAEAAU0@ABU0@@Z 1000aa90 f i eye_refract_helper.obj
 0001:00009b70       ?Draw_Eyes_Refract@@YAXPAVCBaseVSShader@@PAPAVIMaterialVar@@PAVIShaderDynamicAPI@@PAVIShaderShadow@@AAUEye_Refract_Vars_t@@W4VertexCompressionType_t@@@Z 1000ab70 f   eye_refract_helper.obj
 0001:00009bf0       ?GetFallbackShader@CShader@SDK_Eyeball@@UBEPBDPAPAVIMaterialVar@@@Z 1000abf0 f i eyeball.obj
 0001:00009bf0       ?GetFallbackShader@CShader@SDK_DepthWrite@@UBEPBDPAPAVIMaterialVar@@@Z 1000abf0 f i dx8fallbacks.obj
 0001:00009c00       ?GetName@CShader@SDK_Eyeball@@UBEPBDXZ 1000ac00 f i eyeball.obj
 0001:00009c10       ?GetFlags@CShader@SDK_Eyeball@@UBEHXZ 1000ac10 f i eyeball.obj
 0001:00009c20       ?GetNumParams@CShader@SDK_Eyeball@@UBEHXZ 1000ac20 f i eyeball.obj
 0001:00009c30       ?GetParamName@CShader@SDK_Eyeball@@UBEPBDH@Z 1000ac30 f i eyeball.obj
 0001:00009c60       ?GetParamHelp@CShader@SDK_Eyeball@@UBEPBDH@Z 1000ac60 f i eyeball.obj
 0001:00009ca0       ?GetParamType@CShader@SDK_Eyeball@@UBE?AW4ShaderParamType_t@@H@Z 1000aca0 f i eyeball.obj
 0001:00009cd0       ?GetParamDefault@CShader@SDK_Eyeball@@UBEPBDH@Z 1000acd0 f i eyeball.obj
 0001:00009d10       ?GetParamFlags@CShader@SDK_Eyeball@@UBEHH@Z 1000ad10 f i eyeball.obj
 0001:00009d50       ??1?$CUtlVector@PAVCShaderParam@SDK_Eyeball@@V?$CUtlMemory@PAVCShaderParam@SDK_Eyeball@@H@@@@QAE@XZ 1000ad50 f i eyeball.obj
 0001:00009dc0       ?GetName@CShader@SDK_EyeGlint_dx9@@UBEPBDXZ 1000adc0 f i eyeglint_dx9.obj
 0001:00009dd0       ?GetFlags@CShader@SDK_EyeGlint_dx9@@UBEHXZ 1000add0 f i eyeglint_dx9.obj
 0001:00009de0       ?GetNumParams@CShader@SDK_EyeGlint_dx9@@UBEHXZ 1000ade0 f i eyeglint_dx9.obj
 0001:00009df0       ?GetParamName@CShader@SDK_EyeGlint_dx9@@UBEPBDH@Z 1000adf0 f i eyeglint_dx9.obj
 0001:00009e20       ?GetParamHelp@CShader@SDK_EyeGlint_dx9@@UBEPBDH@Z 1000ae20 f i eyeglint_dx9.obj
 0001:00009e60       ?GetParamType@CShader@SDK_EyeGlint_dx9@@UBE?AW4ShaderParamType_t@@H@Z 1000ae60 f i eyeglint_dx9.obj
 0001:00009e90       ?GetParamDefault@CShader@SDK_EyeGlint_dx9@@UBEPBDH@Z 1000ae90 f i eyeglint_dx9.obj
 0001:00009ed0       ?GetParamFlags@CShader@SDK_EyeGlint_dx9@@UBEHH@Z 1000aed0 f i eyeglint_dx9.obj
 0001:00009f10       ?OnDrawElements@CShader@SDK_EyeGlint_dx9@@UAEXPAPAVIMaterialVar@@PAVIShaderShadow@@PAVIShaderDynamicAPI@@W4VertexCompressionType_t@@PAPAVCBasePerMaterialContextData@@@Z 1000af10 f i eyeglint_dx9.obj
 0001:0000a060       ??1?$CUtlVector@PAVCShaderParam@SDK_EyeGlint_dx9@@V?$CUtlMemory@PAVCShaderParam@SDK_EyeGlint_dx9@@H@@@@QAE@XZ 1000b060 f i eyeglint_dx9.obj
 0001:0000a0d0       ?GetFallbackShader@CShader@SDK_eyes@@UBEPBDPAPAVIMaterialVar@@@Z 1000b0d0 f i eyes.obj
 0001:0000a0e0       ?GetName@CShader@SDK_eyes@@UBEPBDXZ 1000b0e0 f i eyes.obj
 0001:0000a0f0       ?GetFlags@CShader@SDK_eyes@@UBEHXZ 1000b0f0 f i eyes.obj
 0001:0000a100       ?GetNumParams@CShader@SDK_eyes@@UBEHXZ 1000b100 f i eyes.obj
 0001:0000a110       ?GetParamName@CShader@SDK_eyes@@UBEPBDH@Z 1000b110 f i eyes.obj
 0001:0000a140       ?GetParamHelp@CShader@SDK_eyes@@UBEPBDH@Z 1000b140 f i eyes.obj
 0001:0000a180       ?GetParamType@CShader@SDK_eyes@@UBE?AW4ShaderParamType_t@@H@Z 1000b180 f i eyes.obj
 0001:0000a1b0       ?GetParamDefault@CShader@SDK_eyes@@UBEPBDH@Z 1000b1b0 f i eyes.obj
 0001:0000a1f0       ?GetParamFlags@CShader@SDK_eyes@@UBEHH@Z 1000b1f0 f i eyes.obj
 0001:0000a230       ?SetupVars@CShader@SDK_Eyes_dx8@@QAEXAAUEyes_DX8_DX9_Vars_t@@@Z 1000b230 f i eyes.obj
 0001:0000a2c0       ?NeedsPowerOfTwoFrameBufferTexture@CShader@SDK_Eyes_dx8@@UBE_NPAPAVIMaterialVar@@_N@Z 1000b2c0 f i eyes.obj
 0001:0000a320       ?IsTranslucent@CShader@SDK_Eyes_dx8@@UBE_NPAPAVIMaterialVar@@@Z 1000b320 f i eyes.obj
 0001:0000a370       ?OnInitShaderParams@CShader@SDK_Eyes_dx8@@UAEXPAPAVIMaterialVar@@PBD@Z 1000b370 f i eyes.obj
 0001:0000a430       ?GetFallbackShader@CShader@SDK_Eyes_dx8@@UBEPBDPAPAVIMaterialVar@@@Z 1000b430 f i eyes.obj
 0001:0000a450       ?GetName@CShader@SDK_Eyes_dx8@@UBEPBDXZ 1000b450 f i eyes.obj
 0001:0000a460       ?GetFlags@CShader@SDK_Eyes_dx8@@UBEHXZ 1000b460 f i eyes.obj
 0001:0000a470       ?GetNumParams@CShader@SDK_Eyes_dx8@@UBEHXZ 1000b470 f i eyes.obj
 0001:0000a480       ?GetParamName@CShader@SDK_Eyes_dx8@@UBEPBDH@Z 1000b480 f i eyes.obj
 0001:0000a4b0       ?GetParamHelp@CShader@SDK_Eyes_dx8@@UBEPBDH@Z 1000b4b0 f i eyes.obj
 0001:0000a4f0       ?GetParamType@CShader@SDK_Eyes_dx8@@UBE?AW4ShaderParamType_t@@H@Z 1000b4f0 f i eyes.obj
 0001:0000a520       ?GetParamDefault@CShader@SDK_Eyes_dx8@@UBEPBDH@Z 1000b520 f i eyes.obj
 0001:0000a560       ?GetParamFlags@CShader@SDK_Eyes_dx8@@UBEHH@Z 1000b560 f i eyes.obj
 0001:0000a5a0       ?OnInitShaderInstance@CShader@SDK_Eyes_dx8@@UAEXPAPAVIMaterialVar@@PAVIShaderInit@@PBD@Z 1000b5a0 f i eyes.obj
 0001:0000a630       ?OnDrawElements@CShader@SDK_Eyes_dx8@@UAEXPAPAVIMaterialVar@@PAVIShaderShadow@@PAVIShaderDynamicAPI@@W4VertexCompressionType_t@@PAPAVCBasePerMaterialContextData@@@Z 1000b630 f i eyes.obj
 0001:0000a770       ??1?$CUtlVector@PAVCShaderParam@SDK_Eyes_dx8@@V?$CUtlMemory@PAVCShaderParam@SDK_Eyes_dx8@@H@@@@QAE@XZ 1000b770 f i eyes.obj
 0001:0000a7e0       ?InsertBefore@?$CUtlVector@PAVCShaderParam@SDK_Eyes_dx8@@V?$CUtlMemory@PAVCShaderParam@SDK_Eyes_dx8@@H@@@@QAEHHABQAVCShaderParam@SDK_Eyes_dx8@@@Z 1000b7e0 f i eyes.obj
 0001:0000a850       ?Grow@?$CUtlMemory@PAVCShaderParam@SDK_Eyes_dx8@@H@@QAEXH@Z 1000b850 f i eyes.obj
 0001:0000a8f0       ?InitParamsEyes_DX8_DX9@@YAXPAVCBaseVSShader@@PAPAVIMaterialVar@@PBDAAUEyes_DX8_DX9_Vars_t@@@Z 1000b8f0 f   eyes_dx8_dx9_helper.obj
 0001:0000a970       ?InitEyes_DX8_DX9@@YAXPAVCBaseVSShader@@PAPAVIMaterialVar@@AAUEyes_DX8_DX9_Vars_t@@@Z 1000b970 f   eyes_dx8_dx9_helper.obj
 0001:0000bdc0       ?DrawEyes_DX8_DX9@@YAX_NPAVCBaseVSShader@@PAPAVIMaterialVar@@PAVIShaderDynamicAPI@@PAVIShaderShadow@@AAUEyes_DX8_DX9_Vars_t@@W4VertexCompressionType_t@@@Z 1000cdc0 f   eyes_dx8_dx9_helper.obj
 0001:0000be80       ?SetupVars@CShader@SDK_Eyes_dx9@@QAEXAAUEyes_DX8_DX9_Vars_t@@@Z 1000ce80 f i eyes_dx9.obj
 0001:0000bf10       ?OnInitShaderParams@CShader@SDK_Eyes_dx9@@UAEXPAPAVIMaterialVar@@PBD@Z 1000cf10 f i eyes_dx9.obj
 0001:0000bf50       ?GetName@CShader@SDK_Eyes_dx9@@UBEPBDXZ 1000cf50 f i eyes_dx9.obj
 0001:0000bf60       ?GetFlags@CShader@SDK_Eyes_dx9@@UBEHXZ 1000cf60 f i eyes_dx9.obj
 0001:0000bf70       ?GetNumParams@CShader@SDK_Eyes_dx9@@UBEHXZ 1000cf70 f i eyes_dx9.obj
 0001:0000bf80       ?GetParamName@CShader@SDK_Eyes_dx9@@UBEPBDH@Z 1000cf80 f i eyes_dx9.obj
 0001:0000bfb0       ?GetParamHelp@CShader@SDK_Eyes_dx9@@UBEPBDH@Z 1000cfb0 f i eyes_dx9.obj
 0001:0000bff0       ?GetParamType@CShader@SDK_Eyes_dx9@@UBE?AW4ShaderParamType_t@@H@Z 1000cff0 f i eyes_dx9.obj
 0001:0000c020       ?GetParamDefault@CShader@SDK_Eyes_dx9@@UBEPBDH@Z 1000d020 f i eyes_dx9.obj
 0001:0000c060       ?GetParamFlags@CShader@SDK_Eyes_dx9@@UBEHH@Z 1000d060 f i eyes_dx9.obj
 0001:0000c0a0       ?OnInitShaderInstance@CShader@SDK_Eyes_dx9@@UAEXPAPAVIMaterialVar@@PAVIShaderInit@@PBD@Z 1000d0a0 f i eyes_dx9.obj
 0001:0000c0e0       ?OnDrawElements@CShader@SDK_Eyes_dx9@@UAEXPAPAVIMaterialVar@@PAVIShaderShadow@@PAVIShaderDynamicAPI@@W4VertexCompressionType_t@@PAPAVCBasePerMaterialContextData@@@Z 1000d0e0 f i eyes_dx9.obj
 0001:0000c130       ??1?$CUtlVector@PAVCShaderParam@SDK_Eyes_dx9@@V?$CUtlMemory@PAVCShaderParam@SDK_Eyes_dx9@@H@@@@QAE@XZ 1000d130 f i eyes_dx9.obj
 0001:0000c1a0       ?InsertBefore@?$CUtlVector@PAVCShaderParam@SDK_Eyes_dx9@@V?$CUtlMemory@PAVCShaderParam@SDK_Eyes_dx9@@H@@@@QAEHHABQAVCShaderParam@SDK_Eyes_dx9@@@Z 1000d1a0 f i eyes_dx9.obj
 0001:0000c210       ?Grow@?$CUtlMemory@PAVCShaderParam@SDK_Eyes_dx9@@H@@QAEXH@Z 1000d210 f i eyes_dx9.obj
 0001:0000c2b0       ?InitParamsFleshInteriorBlendedPass@@YAXPAVCBaseVSShader@@PAPAVIMaterialVar@@PBDAAUFleshInteriorBlendedPassVars_t@@@Z 1000d2b0 f   flesh_interior_blended_pass_helper.obj
 0001:0000c550       ?InitFleshInteriorBlendedPass@@YAXPAVCBaseVSShader@@PAPAVIMaterialVar@@AAUFleshInteriorBlendedPassVars_t@@@Z 1000d550 f   flesh_interior_blended_pass_helper.obj
 0001:0000c6b0       ?DrawFleshInteriorBlendedPass@@YAXPAVCBaseVSShader@@PAPAVIMaterialVar@@PAVIShaderDynamicAPI@@PAVIShaderShadow@@AAUFleshInteriorBlendedPassVars_t@@W4VertexCompressionType_t@@@Z 1000d6b0 f   flesh_interior_blended_pass_helper.obj
 0001:0000d040       ?OnInitShaderParams@CShader@FXAA@@UAEXPAPAVIMaterialVar@@PBD@Z 1000e040 f i fxaa.obj
 0001:0000d080       ?GetName@CShader@FXAA@@UBEPBDXZ 1000e080 f i fxaa.obj
 0001:0000d090       ?GetNumParams@CShader@FXAA@@UBEHXZ 1000e090 f i fxaa.obj
 0001:0000d0a0       ?GetParamName@CShader@FXAA@@UBEPBDH@Z 1000e0a0 f i fxaa.obj
 0001:0000d0d0       ?GetParamHelp@CShader@FXAA@@UBEPBDH@Z 1000e0d0 f i fxaa.obj
 0001:0000d110       ?GetParamType@CShader@FXAA@@UBE?AW4ShaderParamType_t@@H@Z 1000e110 f i fxaa.obj
 0001:0000d140       ?GetParamDefault@CShader@FXAA@@UBEPBDH@Z 1000e140 f i fxaa.obj
 0001:0000d180       ?GetParamFlags@CShader@FXAA@@UBEHH@Z 1000e180 f i fxaa.obj
 0001:0000d1c0       ?OnInitShaderInstance@CShader@FXAA@@UAEXPAPAVIMaterialVar@@PAVIShaderInit@@PBD@Z 1000e1c0 f i fxaa.obj
 0001:0000d220       ?OnDrawElements@CShader@FXAA@@UAEXPAPAVIMaterialVar@@PAVIShaderShadow@@PAVIShaderDynamicAPI@@W4VertexCompressionType_t@@PAPAVCBasePerMaterialContextData@@@Z 1000e220 f i fxaa.obj
 0001:0000d3c0       ??1?$CUtlVector@PAVCShaderParam@FXAA@@V?$CUtlMemory@PAVCShaderParam@FXAA@@H@@@@QAE@XZ 1000e3c0 f i fxaa.obj
 0001:0000d430       ?InsertBefore@?$CUtlVector@PAVCShaderParam@FXAA@@V?$CUtlMemory@PAVCShaderParam@FXAA@@H@@@@QAEHHABQAVCShaderParam@FXAA@@@Z 1000e430 f i fxaa.obj
 0001:0000d4a0       ?Grow@?$CUtlMemory@PAVCShaderParam@FXAA@@H@@QAEXH@Z 1000e4a0 f i fxaa.obj
 0001:0000d540       ?GetName@CShader@GaussianX@@UBEPBDXZ 1000e540 f i gaussianx.obj
 0001:0000d550       ?GetFlags@CShader@GaussianX@@UBEHXZ 1000e550 f i gaussianx.obj
 0001:0000d560       ?GetNumParams@CShader@GaussianX@@UBEHXZ 1000e560 f i gaussianx.obj
 0001:0000d570       ?GetParamName@CShader@GaussianX@@UBEPBDH@Z 1000e570 f i gaussianx.obj
 0001:0000d5a0       ?GetParamHelp@CShader@GaussianX@@UBEPBDH@Z 1000e5a0 f i gaussianx.obj
 0001:0000d5e0       ?GetParamType@CShader@GaussianX@@UBE?AW4ShaderParamType_t@@H@Z 1000e5e0 f i gaussianx.obj
 0001:0000d610       ?GetParamDefault@CShader@GaussianX@@UBEPBDH@Z 1000e610 f i gaussianx.obj
 0001:0000d650       ?GetParamFlags@CShader@GaussianX@@UBEHH@Z 1000e650 f i gaussianx.obj
 0001:0000d690       ?OnInitShaderInstance@CShader@GaussianX@@UAEXPAPAVIMaterialVar@@PAVIShaderInit@@PBD@Z 1000e690 f i gaussianx.obj
 0001:0000d6f0       ?OnDrawElements@CShader@GaussianX@@UAEXPAPAVIMaterialVar@@PAVIShaderShadow@@PAVIShaderDynamicAPI@@W4VertexCompressionType_t@@PAPAVCBasePerMaterialContextData@@@Z 1000e6f0 f i gaussianx.obj
 0001:0000d8c0       ??1?$CUtlVector@PAVCShaderParam@GaussianX@@V?$CUtlMemory@PAVCShaderParam@GaussianX@@H@@@@QAE@XZ 1000e8c0 f i gaussianx.obj
 0001:0000d930       ?InsertBefore@?$CUtlVector@PAVCShaderParam@GaussianX@@V?$CUtlMemory@PAVCShaderParam@GaussianX@@H@@@@QAEHHABQAVCShaderParam@GaussianX@@@Z 1000e930 f i gaussianx.obj
 0001:0000d9a0       ?Grow@?$CUtlMemory@PAVCShaderParam@GaussianX@@H@@QAEXH@Z 1000e9a0 f i gaussianx.obj
 0001:0000da40       ?GetName@CShader@GaussianY@@UBEPBDXZ 1000ea40 f i gaussiany.obj
 0001:0000da50       ?GetFlags@CShader@GaussianY@@UBEHXZ 1000ea50 f i gaussiany.obj
 0001:0000da60       ?GetNumParams@CShader@GaussianY@@UBEHXZ 1000ea60 f i gaussiany.obj
 0001:0000da70       ?GetParamName@CShader@GaussianY@@UBEPBDH@Z 1000ea70 f i gaussiany.obj
 0001:0000daa0       ?GetParamHelp@CShader@GaussianY@@UBEPBDH@Z 1000eaa0 f i gaussiany.obj
 0001:0000dae0       ?GetParamType@CShader@GaussianY@@UBE?AW4ShaderParamType_t@@H@Z 1000eae0 f i gaussiany.obj
 0001:0000db10       ?GetParamDefault@CShader@GaussianY@@UBEPBDH@Z 1000eb10 f i gaussiany.obj
 0001:0000db50       ?GetParamFlags@CShader@GaussianY@@UBEHH@Z 1000eb50 f i gaussiany.obj
 0001:0000db90       ?OnInitShaderInstance@CShader@GaussianY@@UAEXPAPAVIMaterialVar@@PAVIShaderInit@@PBD@Z 1000eb90 f i gaussiany.obj
 0001:0000dbf0       ?OnDrawElements@CShader@GaussianY@@UAEXPAPAVIMaterialVar@@PAVIShaderShadow@@PAVIShaderDynamicAPI@@W4VertexCompressionType_t@@PAPAVCBasePerMaterialContextData@@@Z 1000ebf0 f i gaussiany.obj
 0001:0000ddc0       ??1?$CUtlVector@PAVCShaderParam@GaussianY@@V?$CUtlMemory@PAVCShaderParam@GaussianY@@H@@@@QAE@XZ 1000edc0 f i gaussiany.obj
 0001:0000de30       ?InsertBefore@?$CUtlVector@PAVCShaderParam@GaussianY@@V?$CUtlMemory@PAVCShaderParam@GaussianY@@H@@@@QAEHHABQAVCShaderParam@GaussianY@@@Z 1000ee30 f i gaussiany.obj
 0001:0000dea0       ?Grow@?$CUtlMemory@PAVCShaderParam@GaussianY@@H@@QAEXH@Z 1000eea0 f i gaussiany.obj
 0001:0000df40       ?GetFallbackShader@CShader@LightmappedAdv@@UBEPBDPAPAVIMaterialVar@@@Z 1000ef40 f i lightmappedadv.obj
 0001:0000df50       ?GetName@CShader@LightmappedAdv@@UBEPBDXZ 1000ef50 f i lightmappedadv.obj
 0001:0000df60       ?GetFlags@CShader@LightmappedAdv@@UBEHXZ 1000ef60 f i lightmappedadv.obj
 0001:0000df70       ?GetNumParams@CShader@LightmappedAdv@@UBEHXZ 1000ef70 f i lightmappedadv.obj
 0001:0000df80       ?GetParamName@CShader@LightmappedAdv@@UBEPBDH@Z 1000ef80 f i lightmappedadv.obj
 0001:0000dfb0       ?GetParamHelp@CShader@LightmappedAdv@@UBEPBDH@Z 1000efb0 f i lightmappedadv.obj
 0001:0000dff0       ?GetParamType@CShader@LightmappedAdv@@UBE?AW4ShaderParamType_t@@H@Z 1000eff0 f i lightmappedadv.obj
 0001:0000e020       ?GetParamDefault@CShader@LightmappedAdv@@UBEPBDH@Z 1000f020 f i lightmappedadv.obj
 0001:0000e060       ?GetParamFlags@CShader@LightmappedAdv@@UBEHH@Z 1000f060 f i lightmappedadv.obj
 0001:0000e0a0       ??0CShader@LightmappedAdv@@QAE@XZ 1000f0a0 f i lightmappedadv.obj
 0001:0000e100       ?SetupVars@CShader@LightmappedAdv_DX9@@QAEXAAULightmappedAdv_DX9_Vars_t@@@Z 1000f100 f i lightmappedadv.obj
 0001:0000e340       ?GetFallbackShader@CShader@LightmappedAdv_DX9@@UBEPBDPAPAVIMaterialVar@@@Z 1000f340 f i lightmappedadv.obj
 0001:0000e3a0       ?OnInitShaderParams@CShader@LightmappedAdv_DX9@@UAEXPAPAVIMaterialVar@@PBD@Z 1000f3a0 f i lightmappedadv.obj
 0001:0000e450       ?GetName@CShader@LightmappedAdv_DX9@@UBEPBDXZ 1000f450 f i lightmappedadv.obj
 0001:0000e460       ?GetFlags@CShader@LightmappedAdv_DX9@@UBEHXZ 1000f460 f i lightmappedadv.obj
 0001:0000e470       ?GetNumParams@CShader@LightmappedAdv_DX9@@UBEHXZ 1000f470 f i lightmappedadv.obj
 0001:0000e480       ?GetParamName@CShader@LightmappedAdv_DX9@@UBEPBDH@Z 1000f480 f i lightmappedadv.obj
 0001:0000e4b0       ?GetParamHelp@CShader@LightmappedAdv_DX9@@UBEPBDH@Z 1000f4b0 f i lightmappedadv.obj
 0001:0000e4f0       ?GetParamType@CShader@LightmappedAdv_DX9@@UBE?AW4ShaderParamType_t@@H@Z 1000f4f0 f i lightmappedadv.obj
 0001:0000e520       ?GetParamDefault@CShader@LightmappedAdv_DX9@@UBEPBDH@Z 1000f520 f i lightmappedadv.obj
 0001:0000e560       ?GetParamFlags@CShader@LightmappedAdv_DX9@@UBEHH@Z 1000f560 f i lightmappedadv.obj
 0001:0000e5a0       ?OnInitShaderInstance@CShader@LightmappedAdv_DX9@@UAEXPAPAVIMaterialVar@@PAVIShaderInit@@PBD@Z 1000f5a0 f i lightmappedadv.obj
 0001:0000e5c0       ?OnDrawElements@CShader@LightmappedAdv_DX9@@UAEXPAPAVIMaterialVar@@PAVIShaderShadow@@PAVIShaderDynamicAPI@@W4VertexCompressionType_t@@PAPAVCBasePerMaterialContextData@@@Z 1000f5c0 f i lightmappedadv.obj
 0001:0000e690       ??1?$CUtlVector@PAVCShaderParam@LightmappedAdv@@V?$CUtlMemory@PAVCShaderParam@LightmappedAdv@@H@@@@QAE@XZ 1000f690 f i lightmappedadv.obj
 0001:0000e700       ??1?$CUtlVector@PAVCShaderParam@LightmappedAdv_DX9@@V?$CUtlMemory@PAVCShaderParam@LightmappedAdv_DX9@@H@@@@QAE@XZ 1000f700 f i lightmappedadv.obj
 0001:0000e770       ?InsertBefore@?$CUtlVector@PAVCShaderParam@LightmappedAdv_DX9@@V?$CUtlMemory@PAVCShaderParam@LightmappedAdv_DX9@@H@@@@QAEHHABQAVCShaderParam@LightmappedAdv_DX9@@@Z 1000f770 f i lightmappedadv.obj
 0001:0000e7e0       ?Grow@?$CUtlMemory@PAVCShaderParam@LightmappedAdv_DX9@@H@@QAEXH@Z 1000f7e0 f i lightmappedadv.obj
 0001:0000e880       ??0sdk_lightmappedgeneric_ps20_Static_Index@@QAE@XZ 1000f880 f i lightmappedadv_helper.obj
 0001:0000e8d0       ?GetIndex@sdk_lightmappedgeneric_ps20_Static_Index@@QAEHXZ 1000f8d0 f i lightmappedadv_helper.obj
 0001:0000e960       ??0sdk_lightmappedgeneric_ps20b_Static_Index@@QAE@XZ 1000f960 f i lightmappedadv_helper.obj
 0001:0000e9b0       ?GetIndex@sdk_lightmappedgeneric_ps20b_Static_Index@@QAEHXZ 1000f9b0 f i lightmappedadv_helper.obj
 0001:0000ea40       ??_GCLightmappedGeneric_DX9_Context@@UAEPAXI@Z 1000fa40 f i lightmappedadv_helper.obj
 0001:0000ea40       ??_ECLightmappedGeneric_DX9_Context@@UAEPAXI@Z 1000fa40 f i  CIL library: CIL module
 0001:0000ea80       ?InitParamsLightmappedAdv_DX9@@YAXPAVCBaseVSShader@@PAPAVIMaterialVar@@PBDAAULightmappedAdv_DX9_Vars_t@@@Z 1000fa80 f   lightmappedadv_helper.obj
 0001:0000f2a0       ?InitLightmappedAdv_DX9@@YAXPAVCBaseVSShader@@PAPAVIMaterialVar@@AAULightmappedAdv_DX9_Vars_t@@@Z 100102a0 f   lightmappedadv_helper.obj
 0001:0000f7a0       ?DrawLightmappedAdvFlashlight_DX9_Internal@@YAXPAVCBaseVSShader@@PAPAVIMaterialVar@@PAVIShaderDynamicAPI@@PAVIShaderShadow@@AAULightmappedAdvFlashlight_DX9_Vars_t@@@Z 100107a0 f   lightmappedadv_helper.obj
 0001:00010430       ?DrawLightmappedAdv_DX9_Internal@@YAXPAVCBaseVSShader@@PAPAVIMaterialVar@@_NPAVIShaderDynamicAPI@@PAVIShaderShadow@@AAULightmappedAdv_DX9_Vars_t@@PAPAVCBasePerMaterialContextData@@@Z 10011430 f   lightmappedadv_helper.obj
 0001:00012690       ?DrawLightmappedAdv_DX9@@YAXPAVCBaseVSShader@@PAPAVIMaterialVar@@PAVIShaderDynamicAPI@@PAVIShaderShadow@@AAULightmappedAdv_DX9_Vars_t@@PAPAVCBasePerMaterialContextData@@@Z 10013690 f   lightmappedadv_helper.obj
 0001:000126f0       ?SetVertexShaderTextureTransform@?$CCommandBufferBuilder@V?$CFixedCommandStorageBuffer@$0DOI@@@@@QAEXHH@Z 100136f0 f i lightmappedadv_helper.obj
 0001:000127f0       ?SetVertexShaderTextureScaledTransform@?$CCommandBufferBuilder@V?$CFixedCommandStorageBuffer@$0DOI@@@@@QAEXHHH@Z 100137f0 f i lightmappedadv_helper.obj
 0001:000129a0       ?OnInitShaderParams@CShader@SDK_LightmappedGeneric_Decal@@UAEXPAPAVIMaterialVar@@PBD@Z 100139a0 f i lightmappedgeneric_decal.obj
 0001:00012a40       ?GetName@CShader@SDK_LightmappedGeneric_Decal@@UBEPBDXZ 10013a40 f i lightmappedgeneric_decal.obj
 0001:00012a50       ?GetFlags@CShader@SDK_LightmappedGeneric_Decal@@UBEHXZ 10013a50 f i lightmappedgeneric_decal.obj
 0001:00012a60       ?GetNumParams@CShader@SDK_LightmappedGeneric_Decal@@UBEHXZ 10013a60 f i lightmappedgeneric_decal.obj
 0001:00012a70       ?GetParamName@CShader@SDK_LightmappedGeneric_Decal@@UBEPBDH@Z 10013a70 f i lightmappedgeneric_decal.obj
 0001:00012aa0       ?GetParamHelp@CShader@SDK_LightmappedGeneric_Decal@@UBEPBDH@Z 10013aa0 f i lightmappedgeneric_decal.obj
 0001:00012ae0       ?GetParamType@CShader@SDK_LightmappedGeneric_Decal@@UBE?AW4ShaderParamType_t@@H@Z 10013ae0 f i lightmappedgeneric_decal.obj
 0001:00012b10       ?GetParamDefault@CShader@SDK_LightmappedGeneric_Decal@@UBEPBDH@Z 10013b10 f i lightmappedgeneric_decal.obj
 0001:00012b50       ?GetParamFlags@CShader@SDK_LightmappedGeneric_Decal@@UBEHH@Z 10013b50 f i lightmappedgeneric_decal.obj
 0001:00012b90       ?OnInitShaderInstance@CShader@SDK_LightmappedGeneric_Decal@@UAEXPAPAVIMaterialVar@@PAVIShaderInit@@PBD@Z 10013b90 f i lightmappedgeneric_decal.obj
 0001:00012c70       ?DrawDecal@CShader@SDK_LightmappedGeneric_Decal@@QAEXPAPAVIMaterialVar@@PAVIShaderDynamicAPI@@PAVIShaderShadow@@@Z 10013c70 f i lightmappedgeneric_decal.obj
 0001:00012f60       ?OnDrawElements@CShader@SDK_LightmappedGeneric_Decal@@UAEXPAPAVIMaterialVar@@PAVIShaderShadow@@PAVIShaderDynamicAPI@@W4VertexCompressionType_t@@PAPAVCBasePerMaterialContextData@@@Z 10013f60 f i lightmappedgeneric_decal.obj
 0001:00012fc0       ??1?$CUtlVector@PAVCShaderParam@SDK_LightmappedGeneric_Decal@@V?$CUtlMemory@PAVCShaderParam@SDK_LightmappedGeneric_Decal@@H@@@@QAE@XZ 10013fc0 f i lightmappedgeneric_decal.obj
 0001:00013030       ?InitParamsLightmappedGeneric_DX9@@YAXPAVCBaseVSShader@@PAPAVIMaterialVar@@PBDAAULightmappedGeneric_DX9_Vars_t@@@Z 10014030 f   lightmappedgeneric_dx9_helper.obj
 0001:00013670       ?InitLightmappedGeneric_DX9@@YAXPAVCBaseVSShader@@PAPAVIMaterialVar@@AAULightmappedGeneric_DX9_Vars_t@@@Z 10014670 f   lightmappedgeneric_dx9_helper.obj
 0001:00013b70       ?DrawLightmappedGeneric_DX9_Internal@@YAXPAVCBaseVSShader@@PAPAVIMaterialVar@@_NPAVIShaderDynamicAPI@@PAVIShaderShadow@@AAULightmappedGeneric_DX9_Vars_t@@PAPAVCBasePerMaterialContextData@@@Z 10014b70 f   lightmappedgeneric_dx9_helper.obj
 0001:00015c10       ?GetFallbackShader@CShader@SDK_LightmappedReflective@@UBEPBDPAPAVIMaterialVar@@@Z 10016c10 f i lightmappedreflective.obj
 0001:00015c20       ?GetName@CShader@SDK_LightmappedReflective@@UBEPBDXZ 10016c20 f i lightmappedreflective.obj
 0001:00015c30       ?GetFlags@CShader@SDK_LightmappedReflective@@UBEHXZ 10016c30 f i lightmappedreflective.obj
 0001:00015c40       ?GetNumParams@CShader@SDK_LightmappedReflective@@UBEHXZ 10016c40 f i lightmappedreflective.obj
 0001:00015c50       ?GetParamName@CShader@SDK_LightmappedReflective@@UBEPBDH@Z 10016c50 f i lightmappedreflective.obj
 0001:00015c80       ?GetParamHelp@CShader@SDK_LightmappedReflective@@UBEPBDH@Z 10016c80 f i lightmappedreflective.obj
 0001:00015cc0       ?GetParamType@CShader@SDK_LightmappedReflective@@UBE?AW4ShaderParamType_t@@H@Z 10016cc0 f i lightmappedreflective.obj
 0001:00015cf0       ?GetParamDefault@CShader@SDK_LightmappedReflective@@UBEPBDH@Z 10016cf0 f i lightmappedreflective.obj
 0001:00015d30       ?GetParamFlags@CShader@SDK_LightmappedReflective@@UBEHH@Z 10016d30 f i lightmappedreflective.obj
 0001:00015d70       ??0CShader@SDK_LightmappedReflective@@QAE@XZ 10016d70 f i lightmappedreflective.obj
 0001:00015dd0       ?OnInitShaderParams@CShader@SDK_LightmappedReflective_DX90@@UAEXPAPAVIMaterialVar@@PBD@Z 10016dd0 f i lightmappedreflective.obj
 0001:00015ea0       ?GetName@CShader@SDK_LightmappedReflective_DX90@@UBEPBDXZ 10016ea0 f i lightmappedreflective.obj
 0001:00015eb0       ?GetFlags@CShader@SDK_LightmappedReflective_DX90@@UBEHXZ 10016eb0 f i lightmappedreflective.obj
 0001:00015ec0       ?GetNumParams@CShader@SDK_LightmappedReflective_DX90@@UBEHXZ 10016ec0 f i lightmappedreflective.obj
 0001:00015ed0       ?GetParamName@CShader@SDK_LightmappedReflective_DX90@@UBEPBDH@Z 10016ed0 f i lightmappedreflective.obj
 0001:00015f00       ?GetParamHelp@CShader@SDK_LightmappedReflective_DX90@@UBEPBDH@Z 10016f00 f i lightmappedreflective.obj
 0001:00015f40       ?GetParamType@CShader@SDK_LightmappedReflective_DX90@@UBE?AW4ShaderParamType_t@@H@Z 10016f40 f i lightmappedreflective.obj
 0001:00015f70       ?GetParamDefault@CShader@SDK_LightmappedReflective_DX90@@UBEPBDH@Z 10016f70 f i lightmappedreflective.obj
 0001:00015fb0       ?GetParamFlags@CShader@SDK_LightmappedReflective_DX90@@UBEHH@Z 10016fb0 f i lightmappedreflective.obj
 0001:00015ff0       ?OnInitShaderInstance@CShader@SDK_LightmappedReflective_DX90@@UAEXPAPAVIMaterialVar@@PAVIShaderInit@@PBD@Z 10016ff0 f i lightmappedreflective.obj
 0001:00016190       ?DrawReflectionRefraction@CShader@SDK_LightmappedReflective_DX90@@QAEXPAPAVIMaterialVar@@PAVIShaderShadow@@PAVIShaderDynamicAPI@@_N3@Z 10017190 f i lightmappedreflective.obj
 0001:00016970       ?OnDrawElements@CShader@SDK_LightmappedReflective_DX90@@UAEXPAPAVIMaterialVar@@PAVIShaderShadow@@PAVIShaderDynamicAPI@@W4VertexCompressionType_t@@PAPAVCBasePerMaterialContextData@@@Z 10017970 f i lightmappedreflective.obj
 0001:000169e0       ??1?$CUtlVector@PAVCShaderParam@SDK_LightmappedReflective@@V?$CUtlMemory@PAVCShaderParam@SDK_LightmappedReflective@@H@@@@QAE@XZ 100179e0 f i lightmappedreflective.obj
 0001:00016a50       ??1?$CUtlVector@PAVCShaderParam@SDK_LightmappedReflective_DX90@@V?$CUtlMemory@PAVCShaderParam@SDK_LightmappedReflective_DX90@@H@@@@QAE@XZ 10017a50 f i lightmappedreflective.obj
 0001:00016ac0       ?InsertBefore@?$CUtlVector@PAVCShaderParam@SDK_LightmappedReflective_DX90@@V?$CUtlMemory@PAVCShaderParam@SDK_LightmappedReflective_DX90@@H@@@@QAEHHABQAVCShaderParam@SDK_LightmappedReflective_DX90@@@Z 10017ac0 f i lightmappedreflective.obj
 0001:00016b30       ?Grow@?$CUtlMemory@PAVCShaderParam@SDK_LightmappedReflective_DX90@@H@@QAEXH@Z 10017b30 f i lightmappedreflective.obj
 0001:00016bd0       ?OnInitShaderParams@CShader@SDK_LightmappedTwoTexture@@UAEXPAPAVIMaterialVar@@PBD@Z 10017bd0 f i lightmappedtwotexture.obj
 0001:00016cb0       ?GetName@CShader@SDK_LightmappedTwoTexture@@UBEPBDXZ 10017cb0 f i lightmappedtwotexture.obj
 0001:00016cc0       ?GetFlags@CShader@SDK_LightmappedTwoTexture@@UBEHXZ 10017cc0 f i lightmappedtwotexture.obj
 0001:00016cd0       ?GetNumParams@CShader@SDK_LightmappedTwoTexture@@UBEHXZ 10017cd0 f i lightmappedtwotexture.obj
 0001:00016ce0       ?GetParamName@CShader@SDK_LightmappedTwoTexture@@UBEPBDH@Z 10017ce0 f i lightmappedtwotexture.obj
 0001:00016d10       ?GetParamHelp@CShader@SDK_LightmappedTwoTexture@@UBEPBDH@Z 10017d10 f i lightmappedtwotexture.obj
 0001:00016d50       ?GetParamType@CShader@SDK_LightmappedTwoTexture@@UBE?AW4ShaderParamType_t@@H@Z 10017d50 f i lightmappedtwotexture.obj
 0001:00016d80       ?GetParamDefault@CShader@SDK_LightmappedTwoTexture@@UBEPBDH@Z 10017d80 f i lightmappedtwotexture.obj
 0001:00016dc0       ?GetParamFlags@CShader@SDK_LightmappedTwoTexture@@UBEHH@Z 10017dc0 f i lightmappedtwotexture.obj
 0001:00016e00       ?OnInitShaderInstance@CShader@SDK_LightmappedTwoTexture@@UAEXPAPAVIMaterialVar@@PAVIShaderInit@@PBD@Z 10017e00 f i lightmappedtwotexture.obj
 0001:00017000       ?GetFallbackShader@CShader@SDK_LightmappedTwoTexture@@UBEPBDPAPAVIMaterialVar@@@Z 10018000 f i lightmappedtwotexture.obj
 0001:00017020       ?OnDrawElements@CShader@SDK_LightmappedTwoTexture@@UAEXPAPAVIMaterialVar@@PAVIShaderShadow@@PAVIShaderDynamicAPI@@W4VertexCompressionType_t@@PAPAVCBasePerMaterialContextData@@@Z 10018020 f i lightmappedtwotexture.obj
 0001:00017080       ??0CShader@SDK_LightmappedTwoTexture@@QAE@XZ 10018080 f i lightmappedtwotexture.obj
 0001:000170e0       ??1?$CUtlVector@PAVCShaderParam@SDK_LightmappedTwoTexture@@V?$CUtlMemory@PAVCShaderParam@SDK_LightmappedTwoTexture@@H@@@@QAE@XZ 100180e0 f i lightmappedtwotexture.obj
 0001:00017150       ?InsertBefore@?$CUtlVector@PAVCShaderParam@SDK_LightmappedTwoTexture@@V?$CUtlMemory@PAVCShaderParam@SDK_LightmappedTwoTexture@@H@@@@QAEHHABQAVCShaderParam@SDK_LightmappedTwoTexture@@@Z 10018150 f i lightmappedtwotexture.obj
 0001:000171c0       ?Grow@?$CUtlMemory@PAVCShaderParam@SDK_LightmappedTwoTexture@@H@@QAEXH@Z 100181c0 f i lightmappedtwotexture.obj
 0001:00017260       ?OnInitShaderParams@CShader@SDK_Eyeball@@UAEXPAPAVIMaterialVar@@PBD@Z 10018260 f i eyeball.obj
 0001:00017260       ?OnInitShaderParams@CBaseShader@@UAEXPAPAVIMaterialVar@@PBD@Z 10018260 f i aftershock.obj
 0001:00017260       ?OnInitShaderParams@CShader@LUMA@@UAEXPAPAVIMaterialVar@@PBD@Z 10018260 f i luma.obj
 0001:00017270       ?GetName@CShader@LUMA@@UBEPBDXZ 10018270 f i luma.obj
 0001:00017280       ?GetNumParams@CShader@LUMA@@UBEHXZ 10018280 f i luma.obj
 0001:00017290       ?GetParamName@CShader@LUMA@@UBEPBDH@Z 10018290 f i luma.obj
 0001:000172c0       ?GetParamHelp@CShader@LUMA@@UBEPBDH@Z 100182c0 f i luma.obj
 0001:00017300       ?GetParamType@CShader@LUMA@@UBE?AW4ShaderParamType_t@@H@Z 10018300 f i luma.obj
 0001:00017330       ?GetParamDefault@CShader@LUMA@@UBEPBDH@Z 10018330 f i luma.obj
 0001:00017370       ?GetParamFlags@CShader@LUMA@@UBEHH@Z 10018370 f i luma.obj
 0001:000173b0       ?OnInitShaderInstance@CShader@LUMA@@UAEXPAPAVIMaterialVar@@PAVIShaderInit@@PBD@Z 100183b0 f i luma.obj
 0001:00017410       ?GetFallbackShader@CShader@FXAA@@UBEPBDPAPAVIMaterialVar@@@Z 10018410 f i fxaa.obj
 0001:00017410       ?GetFallbackShader@CShader@Radial_Blur@@UBEPBDPAPAVIMaterialVar@@@Z 10018410 f i radial_blur.obj
 0001:00017410       ?GetFallbackShader@CShader@LUMA@@UBEPBDPAPAVIMaterialVar@@@Z 10018410 f i luma.obj
 0001:00017450       ?OnDrawElements@CShader@LUMA@@UAEXPAPAVIMaterialVar@@PAVIShaderShadow@@PAVIShaderDynamicAPI@@W4VertexCompressionType_t@@PAPAVCBasePerMaterialContextData@@@Z 10018450 f i luma.obj
 0001:00017570       ??1?$CUtlVector@PAVCShaderParam@LUMA@@V?$CUtlMemory@PAVCShaderParam@LUMA@@H@@@@QAE@XZ 10018570 f i luma.obj
 0001:000175e0       ?InsertBefore@?$CUtlVector@PAVCShaderParam@LUMA@@V?$CUtlMemory@PAVCShaderParam@LUMA@@H@@@@QAEHHABQAVCShaderParam@LUMA@@@Z 100185e0 f i luma.obj
 0001:00017650       ?Grow@?$CUtlMemory@PAVCShaderParam@LUMA@@H@@QAEXH@Z 10018650 f i luma.obj
 0001:000176f0       ?GetName@CShader@Negative@@UBEPBDXZ 100186f0 f i negative.obj
 0001:00017700       ?GetNumParams@CShader@Negative@@UBEHXZ 10018700 f i negative.obj
 0001:00017710       ?GetParamName@CShader@Negative@@UBEPBDH@Z 10018710 f i negative.obj
 0001:00017740       ?GetParamHelp@CShader@Negative@@UBEPBDH@Z 10018740 f i negative.obj
 0001:00017780       ?GetParamType@CShader@Negative@@UBE?AW4ShaderParamType_t@@H@Z 10018780 f i negative.obj
 0001:000177b0       ?GetParamDefault@CShader@Negative@@UBEPBDH@Z 100187b0 f i negative.obj
 0001:000177f0       ?GetParamFlags@CShader@Negative@@UBEHH@Z 100187f0 f i negative.obj
 0001:00017830       ?OnInitShaderInstance@CShader@Negative@@UAEXPAPAVIMaterialVar@@PAVIShaderInit@@PBD@Z 10018830 f i negative.obj
 0001:00017890       ?OnDrawElements@CShader@Negative@@UAEXPAPAVIMaterialVar@@PAVIShaderShadow@@PAVIShaderDynamicAPI@@W4VertexCompressionType_t@@PAPAVCBasePerMaterialContextData@@@Z 10018890 f i negative.obj
 0001:000179d0       ??1?$CUtlVector@PAVCShaderParam@Negative@@V?$CUtlMemory@PAVCShaderParam@Negative@@H@@@@QAE@XZ 100189d0 f i negative.obj
 0001:00017a40       ?InsertBefore@?$CUtlVector@PAVCShaderParam@Negative@@V?$CUtlMemory@PAVCShaderParam@Negative@@H@@@@QAEHHABQAVCShaderParam@Negative@@@Z 10018a40 f i negative.obj
 0001:00017ab0       ?Grow@?$CUtlMemory@PAVCShaderParam@Negative@@H@@QAEXH@Z 10018ab0 f i negative.obj
 0001:00017b50       ?GetName@CShader@Nightvision@@UBEPBDXZ 10018b50 f i nightvision.obj
 0001:00017b60       ?GetFlags@CShader@Nightvision@@UBEHXZ 10018b60 f i nightvision.obj
 0001:00017b70       ?GetNumParams@CShader@Nightvision@@UBEHXZ 10018b70 f i nightvision.obj
 0001:00017b80       ?GetParamName@CShader@Nightvision@@UBEPBDH@Z 10018b80 f i nightvision.obj
 0001:00017bb0       ?GetParamHelp@CShader@Nightvision@@UBEPBDH@Z 10018bb0 f i nightvision.obj
 0001:00017bf0       ?GetParamType@CShader@Nightvision@@UBE?AW4ShaderParamType_t@@H@Z 10018bf0 f i nightvision.obj
 0001:00017c20       ?GetParamDefault@CShader@Nightvision@@UBEPBDH@Z 10018c20 f i nightvision.obj
 0001:00017c60       ?GetParamFlags@CShader@Nightvision@@UBEHH@Z 10018c60 f i nightvision.obj
 0001:00017ca0       ?OnInitShaderInstance@CShader@Nightvision@@UAEXPAPAVIMaterialVar@@PAVIShaderInit@@PBD@Z 10018ca0 f i nightvision.obj
 0001:00017da0       ?OnDrawElements@CShader@Nightvision@@UAEXPAPAVIMaterialVar@@PAVIShaderShadow@@PAVIShaderDynamicAPI@@W4VertexCompressionType_t@@PAPAVCBasePerMaterialContextData@@@Z 10018da0 f i nightvision.obj
 0001:00017fc0       ??1?$CUtlVector@PAVCShaderParam@Nightvision@@V?$CUtlMemory@PAVCShaderParam@Nightvision@@H@@@@QAE@XZ 10018fc0 f i nightvision.obj
 0001:00018030       ?InsertBefore@?$CUtlVector@PAVCShaderParam@Nightvision@@V?$CUtlMemory@PAVCShaderParam@Nightvision@@H@@@@QAEHHABQAVCShaderParam@Nightvision@@@Z 10019030 f i nightvision.obj
 0001:000180a0       ?Grow@?$CUtlMemory@PAVCShaderParam@Nightvision@@H@@QAEXH@Z 100190a0 f i nightvision.obj
 0001:00018140       ?GetName@CShader@Noise@@UBEPBDXZ 10019140 f i noise.obj
 0001:00018150       ?GetFlags@CShader@Noise@@UBEHXZ 10019150 f i noise.obj
 0001:00018160       ?GetNumParams@CShader@Noise@@UBEHXZ 10019160 f i noise.obj
 0001:00018170       ?GetParamName@CShader@Noise@@UBEPBDH@Z 10019170 f i noise.obj
 0001:000181a0       ?GetParamHelp@CShader@Noise@@UBEPBDH@Z 100191a0 f i noise.obj
 0001:000181e0       ?GetParamType@CShader@Noise@@UBE?AW4ShaderParamType_t@@H@Z 100191e0 f i noise.obj
 0001:00018210       ?GetParamDefault@CShader@Noise@@UBEPBDH@Z 10019210 f i noise.obj
 0001:00018250       ?GetParamFlags@CShader@Noise@@UBEHH@Z 10019250 f i noise.obj
 0001:00018290       ?OnInitShaderInstance@CShader@Noise@@UAEXPAPAVIMaterialVar@@PAVIShaderInit@@PBD@Z 10019290 f i noise.obj
 0001:000182f0       ?OnDrawElements@CShader@Noise@@UAEXPAPAVIMaterialVar@@PAVIShaderShadow@@PAVIShaderDynamicAPI@@W4VertexCompressionType_t@@PAPAVCBasePerMaterialContextData@@@Z 100192f0 f i noise.obj
 0001:000184e0       ??1?$CUtlVector@PAVCShaderParam@Noise@@V?$CUtlMemory@PAVCShaderParam@Noise@@H@@@@QAE@XZ 100194e0 f i noise.obj
 0001:00018550       ?InsertBefore@?$CUtlVector@PAVCShaderParam@Noise@@V?$CUtlMemory@PAVCShaderParam@Noise@@H@@@@QAEHHABQAVCShaderParam@Noise@@@Z 10019550 f i noise.obj
 0001:000185c0       ?Grow@?$CUtlMemory@PAVCShaderParam@Noise@@H@@QAEXH@Z 100195c0 f i noise.obj
 0001:00018660       ?GetName@CShader@RadialGaussianX@@UBEPBDXZ 10019660 f i radialgaussianx.obj
 0001:00018670       ?GetFlags@CShader@RadialGaussianX@@UBEHXZ 10019670 f i radialgaussianx.obj
 0001:00018680       ?GetNumParams@CShader@RadialGaussianX@@UBEHXZ 10019680 f i radialgaussianx.obj
 0001:00018690       ?GetParamName@CShader@RadialGaussianX@@UBEPBDH@Z 10019690 f i radialgaussianx.obj
 0001:000186c0       ?GetParamHelp@CShader@RadialGaussianX@@UBEPBDH@Z 100196c0 f i radialgaussianx.obj
 0001:00018700       ?GetParamType@CShader@RadialGaussianX@@UBE?AW4ShaderParamType_t@@H@Z 10019700 f i radialgaussianx.obj
 0001:00018730       ?GetParamDefault@CShader@RadialGaussianX@@UBEPBDH@Z 10019730 f i radialgaussianx.obj
 0001:00018770       ?GetParamFlags@CShader@RadialGaussianX@@UBEHH@Z 10019770 f i radialgaussianx.obj
 0001:000187b0       ?OnInitShaderInstance@CShader@RadialGaussianX@@UAEXPAPAVIMaterialVar@@PAVIShaderInit@@PBD@Z 100197b0 f i radialgaussianx.obj
 0001:00018810       ?OnDrawElements@CShader@RadialGaussianX@@UAEXPAPAVIMaterialVar@@PAVIShaderShadow@@PAVIShaderDynamicAPI@@W4VertexCompressionType_t@@PAPAVCBasePerMaterialContextData@@@Z 10019810 f i radialgaussianx.obj
 0001:000189f0       ??1?$CUtlVector@PAVCShaderParam@RadialGaussianX@@V?$CUtlMemory@PAVCShaderParam@RadialGaussianX@@H@@@@QAE@XZ 100199f0 f i radialgaussianx.obj
 0001:00018a60       ?InsertBefore@?$CUtlVector@PAVCShaderParam@RadialGaussianX@@V?$CUtlMemory@PAVCShaderParam@RadialGaussianX@@H@@@@QAEHHABQAVCShaderParam@RadialGaussianX@@@Z 10019a60 f i radialgaussianx.obj
 0001:00018ad0       ?Grow@?$CUtlMemory@PAVCShaderParam@RadialGaussianX@@H@@QAEXH@Z 10019ad0 f i radialgaussianx.obj
 0001:00018b70       ?GetName@CShader@RadialGaussianY@@UBEPBDXZ 10019b70 f i radialgaussiany.obj
 0001:00018b80       ?GetFlags@CShader@RadialGaussianY@@UBEHXZ 10019b80 f i radialgaussiany.obj
 0001:00018b90       ?GetNumParams@CShader@RadialGaussianY@@UBEHXZ 10019b90 f i radialgaussiany.obj
 0001:00018ba0       ?GetParamName@CShader@RadialGaussianY@@UBEPBDH@Z 10019ba0 f i radialgaussiany.obj
 0001:00018bd0       ?GetParamHelp@CShader@RadialGaussianY@@UBEPBDH@Z 10019bd0 f i radialgaussiany.obj
 0001:00018c10       ?GetParamType@CShader@RadialGaussianY@@UBE?AW4ShaderParamType_t@@H@Z 10019c10 f i radialgaussiany.obj
 0001:00018c40       ?GetParamDefault@CShader@RadialGaussianY@@UBEPBDH@Z 10019c40 f i radialgaussiany.obj
 0001:00018c80       ?GetParamFlags@CShader@RadialGaussianY@@UBEHH@Z 10019c80 f i radialgaussiany.obj
 0001:00018cc0       ?OnInitShaderInstance@CShader@RadialGaussianY@@UAEXPAPAVIMaterialVar@@PAVIShaderInit@@PBD@Z 10019cc0 f i radialgaussiany.obj
 0001:00018d20       ?OnDrawElements@CShader@RadialGaussianY@@UAEXPAPAVIMaterialVar@@PAVIShaderShadow@@PAVIShaderDynamicAPI@@W4VertexCompressionType_t@@PAPAVCBasePerMaterialContextData@@@Z 10019d20 f i radialgaussiany.obj
 0001:00018f00       ??1?$CUtlVector@PAVCShaderParam@RadialGaussianY@@V?$CUtlMemory@PAVCShaderParam@RadialGaussianY@@H@@@@QAE@XZ 10019f00 f i radialgaussiany.obj
 0001:00018f70       ?InsertBefore@?$CUtlVector@PAVCShaderParam@RadialGaussianY@@V?$CUtlMemory@PAVCShaderParam@RadialGaussianY@@H@@@@QAEHHABQAVCShaderParam@RadialGaussianY@@@Z 10019f70 f i radialgaussiany.obj
 0001:00018fe0       ?Grow@?$CUtlMemory@PAVCShaderParam@RadialGaussianY@@H@@QAEXH@Z 10019fe0 f i radialgaussiany.obj
 0001:00019080       ?GetName@CShader@Radial_Blur@@UBEPBDXZ 1001a080 f i radial_blur.obj
 0001:00019090       ?GetNumParams@CShader@Radial_Blur@@UBEHXZ 1001a090 f i radial_blur.obj
 0001:000190a0       ?GetParamName@CShader@Radial_Blur@@UBEPBDH@Z 1001a0a0 f i radial_blur.obj
 0001:000190d0       ?GetParamHelp@CShader@Radial_Blur@@UBEPBDH@Z 1001a0d0 f i radial_blur.obj
 0001:00019110       ?GetParamType@CShader@Radial_Blur@@UBE?AW4ShaderParamType_t@@H@Z 1001a110 f i radial_blur.obj
 0001:00019140       ?GetParamDefault@CShader@Radial_Blur@@UBEPBDH@Z 1001a140 f i radial_blur.obj
 0001:00019180       ?GetParamFlags@CShader@Radial_Blur@@UBEHH@Z 1001a180 f i radial_blur.obj
 0001:000191c0       ?OnInitShaderInstance@CShader@Radial_Blur@@UAEXPAPAVIMaterialVar@@PAVIShaderInit@@PBD@Z 1001a1c0 f i radial_blur.obj
 0001:00019220       ?OnDrawElements@CShader@Radial_Blur@@UAEXPAPAVIMaterialVar@@PAVIShaderShadow@@PAVIShaderDynamicAPI@@W4VertexCompressionType_t@@PAPAVCBasePerMaterialContextData@@@Z 1001a220 f i radial_blur.obj
 0001:000194a0       ??1?$CUtlVector@PAVCShaderParam@Radial_Blur@@V?$CUtlMemory@PAVCShaderParam@Radial_Blur@@H@@@@QAE@XZ 1001a4a0 f i radial_blur.obj
 0001:00019510       ?InsertBefore@?$CUtlVector@PAVCShaderParam@Radial_Blur@@V?$CUtlMemory@PAVCShaderParam@Radial_Blur@@H@@@@QAEHHABQAVCShaderParam@Radial_Blur@@@Z 1001a510 f i radial_blur.obj
 0001:00019580       ?Grow@?$CUtlMemory@PAVCShaderParam@Radial_Blur@@H@@QAEXH@Z 1001a580 f i radial_blur.obj
[...]
 0001:00048850       ??__Es_ShaderInstance@SDK_VortWarp_DX9@@YAXXZ 10049850 f    CIL library: CIL module
 0001:000488a0       ??__Er_waterforceexpensive@@YAXXZ 100498a0 f    CIL library: CIL module
 0001:000488d0       ??__Es_ShaderParams@SDK_Water@@YAXXZ 100498d0 f    CIL library: CIL module
 0001:000488e0       ??__Es_ShaderInstance@SDK_Water@@YAXXZ 100498e0 f    CIL library: CIL module
 0001:000488f0       ??__Es_ShaderParams@SDK_Water_DX90@@YAXXZ 100498f0 f    CIL library: CIL module
 0001:00048900       ??__EREFRACTTEXTURE@SDK_Water_DX90@@YAXXZ 10049900 f    CIL library: CIL module
 0001:00048930       ??__EREFLECTTEXTURE@SDK_Water_DX90@@YAXXZ 10049930 f    CIL library: CIL module
 0001:00048960       ??__EREFRACTAMOUNT@SDK_Water_DX90@@YAXXZ 10049960 f    CIL library: CIL module
 0001:00048990       ??__EREFRACTTINT@SDK_Water_DX90@@YAXXZ 10049990 f    CIL library: CIL module
 0001:000489c0       ??__EREFLECTAMOUNT@SDK_Water_DX90@@YAXXZ 100499c0 f    CIL library: CIL module
 0001:000489f0       ??__EREFLECTTINT@SDK_Water_DX90@@YAXXZ 100499f0 f    CIL library: CIL module
 0001:00048a20       ??__ENORMALMAP@SDK_Water_DX90@@YAXXZ 10049a20 f    CIL library: CIL module
 0001:00048a50       ??__ENORMALMAP2@SDK_Water_DX90@@YAXXZ 10049a50 f    CIL library: CIL module
 0001:00048a80       ??__EFLOWMAP@SDK_Water_DX90@@YAXXZ 10049a80 f    CIL library: CIL module
 0001:00048ab0       ??__EFLOW@SDK_Water_DX90@@YAXXZ 10049ab0 f    CIL library: CIL module
 0001:00048ae0       ??__ENOISEMAP@SDK_Water_DX90@@YAXXZ 10049ae0 f    CIL library: CIL module
 0001:00048b10       ??__EBUMPFRAME@SDK_Water_DX90@@YAXXZ 10049b10 f    CIL library: CIL module
 0001:00048b40       ??__EBUMPTRANSFORM@SDK_Water_DX90@@YAXXZ 10049b40 f    CIL library: CIL module
 0001:00048b70       ??__ESCALE@SDK_Water_DX90@@YAXXZ 10049b70 f    CIL library: CIL module
 0001:00048ba0       ??__ETIME@SDK_Water_DX90@@YAXXZ 10049ba0 f    CIL library: CIL module
 0001:00048bd0       ??__EWATERDEPTH@SDK_Water_DX90@@YAXXZ 10049bd0 f    CIL library: CIL module
 0001:00048c00       ??__ECHEAPWATERSTARTDISTANCE@SDK_Water_DX90@@YAXXZ 10049c00 f    CIL library: CIL module
 0001:00048c30       ??__ECHEAPWATERENDDISTANCE@SDK_Water_DX90@@YAXXZ 10049c30 f    CIL library: CIL module
 0001:00048c60       ??__EENVMAP@SDK_Water_DX90@@YAXXZ 10049c60 f    CIL library: CIL module
 0001:00048c90       ??__EENVMAPFRAME@SDK_Water_DX90@@YAXXZ 10049c90 f    CIL library: CIL module
 0001:00048cc0       ??__EFOGCOLOR@SDK_Water_DX90@@YAXXZ 10049cc0 f    CIL library: CIL module
 0001:00048cf0       ??__EFORCECHEAP@SDK_Water_DX90@@YAXXZ 10049cf0 f    CIL library: CIL module
 0001:00048d20       ??__EFORCEEXPENSIVE@SDK_Water_DX90@@YAXXZ 10049d20 f    CIL library: CIL module
 0001:00048d50       ??__EREFLECTENTITIES@SDK_Water_DX90@@YAXXZ 10049d50 f    CIL library: CIL module
 0001:00048d80       ??__EFOGSTART@SDK_Water_DX90@@YAXXZ 10049d80 f    CIL library: CIL module
 0001:00048db0       ??__EFOGEND@SDK_Water_DX90@@YAXXZ 10049db0 f    CIL library: CIL module
 0001:00048de0       ??__EABOVEWATER@SDK_Water_DX90@@YAXXZ 10049de0 f    CIL library: CIL module
 0001:00048e10       ??__EREFLECTBLENDFACTOR@SDK_Water_DX90@@YAXXZ 10049e10 f    CIL library: CIL module
 0001:00048e40       ??__ENOFRESNEL@SDK_Water_DX90@@YAXXZ 10049e40 f    CIL library: CIL module
 0001:00048e70       ??__ENOLOWENDLIGHTMAP@SDK_Water_DX90@@YAXXZ 10049e70 f    CIL library: CIL module
 0001:00048ea0       ??__ESCROLL1@SDK_Water_DX90@@YAXXZ 10049ea0 f    CIL library: CIL module
 0001:00048ed0       ??__ESCROLL2@SDK_Water_DX90@@YAXXZ 10049ed0 f    CIL library: CIL module
 0001:00048f00       ??__EBLURREFRACT@SDK_Water_DX90@@YAXXZ 10049f00 f    CIL library: CIL module
 0001:00048f30       ??__ECHROMATIC@SDK_Water_DX90@@YAXXZ 10049f30 f    CIL library: CIL module
 0001:00048f60       ??__ECHROMATICSCALE@SDK_Water_DX90@@YAXXZ 10049f60 f    CIL library: CIL module
 0001:00048f90       ??__Es_ShaderInstance@SDK_Water_DX90@@YAXXZ 10049f90 f    CIL library: CIL module
 0001:00048fe0       ??__Es_ShaderInstance@SDK_Water_DX9_HDR@SDK_Water_DX90@@YAXXZ 10049fe0 f    CIL library: CIL module
 0001:00049030       ??__Es_ShaderParams@SDK_WorldTwoTextureBlend@@YAXXZ 1004a030 f    CIL library: CIL module
 0001:00049040       ??__EBASETEXTURE@SDK_WorldTwoTextureBlend@@YAXXZ 1004a040 f    CIL library: CIL module
 0001:00049050       ??__EALBEDO@SDK_WorldTwoTextureBlend@@YAXXZ 1004a050 f    CIL library: CIL module
 0001:00049080       ??__ESELFILLUMTINT@SDK_WorldTwoTextureBlend@@YAXXZ 1004a080 f    CIL library: CIL module
 0001:000490b0       ??__EDETAIL@SDK_WorldTwoTextureBlend@@YAXXZ 1004a0b0 f    CIL library: CIL module
 0001:000490e0       ??__EDETAILFRAME@SDK_WorldTwoTextureBlend@@YAXXZ 1004a0e0 f    CIL library: CIL module
 0001:00049110       ??__EDETAILSCALE@SDK_WorldTwoTextureBlend@@YAXXZ 1004a110 f    CIL library: CIL module
 0001:00049140       ??__EDETAIL_ALPHA_MASK_BASE_TEXTURE@SDK_WorldTwoTextureBlend@@YAXXZ 1004a140 f    CIL library: CIL module
 0001:00049170       ??__EBUMPMAP@SDK_WorldTwoTextureBlend@@YAXXZ 1004a170 f    CIL library: CIL module
 0001:000491a0       ??__EBUMPFRAME@SDK_WorldTwoTextureBlend@@YAXXZ 1004a1a0 f    CIL library: CIL module
 0001:000491d0       ??__EBUMPTRANSFORM@SDK_WorldTwoTextureBlend@@YAXXZ 1004a1d0 f    CIL library: CIL module
 0001:00049200       ??__ENODIFFUSEBUMPLIGHTING@SDK_WorldTwoTextureBlend@@YAXXZ 1004a200 f    CIL library: CIL module
 0001:00049230       ??__ESEAMLESS_SCALE@SDK_WorldTwoTextureBlend@@YAXXZ 1004a230 f    CIL library: CIL module
 0001:00049260       ??__Es_ShaderInstance@SDK_WorldTwoTextureBlend@@YAXXZ 1004a260 f    CIL library: CIL module
 0001:000492b0       ??__Es_ShaderParams@SDK_WorldVertexAlpha@@YAXXZ 1004a2b0 f    CIL library: CIL module
 0001:000492c0       ??__Es_ShaderInstance@SDK_WorldVertexAlpha@@YAXXZ 1004a2c0 f    CIL library: CIL module
 0001:00049310       ??__Es_ShaderParams@SDK_WorldVertexTransition@@YAXXZ 1004a310 f    CIL library: CIL module
 0001:00049320       ??__Es_ShaderInstance@SDK_WorldVertexTransition@@YAXXZ 1004a320 f    CIL library: CIL module
 0001:00049330       ??__Es_ShaderParams@SDK_WorldVertexTransition_DX9@@YAXXZ 1004a330 f    CIL library: CIL module
 0001:00049340       ??__EALBEDO@SDK_WorldVertexTransition_DX9@@YAXXZ 1004a340 f    CIL library: CIL module
 0001:00049370       ??__ESELFILLUMTINT@SDK_WorldVertexTransition_DX9@@YAXXZ 1004a370 f    CIL library: CIL module
 0001:000493a0       ??__EDETAIL@SDK_WorldVertexTransition_DX9@@YAXXZ 1004a3a0 f    CIL library: CIL module
 0001:000493d0       ??__EDETAILFRAME@SDK_WorldVertexTransition_DX9@@YAXXZ 1004a3d0 f    CIL library: CIL module
 0001:00049400       ??__EDETAILSCALE@SDK_WorldVertexTransition_DX9@@YAXXZ 1004a400 f    CIL library: CIL module
 0001:00049430       ??__EDETAILBLENDMODE@SDK_WorldVertexTransition_DX9@@YAXXZ 1004a430 f    CIL library: CIL module
 0001:00049460       ??__EDETAILBLENDFACTOR@SDK_WorldVertexTransition_DX9@@YAXXZ 1004a460 f    CIL library: CIL module
 0001:00049490       ??__EDETAILTINT@SDK_WorldVertexTransition_DX9@@YAXXZ 1004a490 f    CIL library: CIL module
 0001:000494c0       ??__EENVMAP@SDK_WorldVertexTransition_DX9@@YAXXZ 1004a4c0 f    CIL library: CIL module
 0001:000494f0       ??__EENVMAPFRAME@SDK_WorldVertexTransition_DX9@@YAXXZ 1004a4f0 f    CIL library: CIL module
 0001:00049520       ??__EENVMAPMASK@SDK_WorldVertexTransition_DX9@@YAXXZ 1004a520 f    CIL library: CIL module
 0001:00049550       ??__EENVMAPMASKFRAME@SDK_WorldVertexTransition_DX9@@YAXXZ 1004a550 f    CIL library: CIL module
 0001:00049580       ??__EENVMAPMASKTRANSFORM@SDK_WorldVertexTransition_DX9@@YAXXZ 1004a580 f    CIL library: CIL module
 0001:000495b0       ??__EENVMAPTINT@SDK_WorldVertexTransition_DX9@@YAXXZ 1004a5b0 f    CIL library: CIL module
 0001:000495e0       ??__EBUMPMAP@SDK_WorldVertexTransition_DX9@@YAXXZ 1004a5e0 f    CIL library: CIL module
 0001:00049610       ??__EBUMPFRAME@SDK_WorldVertexTransition_DX9@@YAXXZ 1004a610 f    CIL library: CIL module
 0001:00049640       ??__EBUMPTRANSFORM@SDK_WorldVertexTransition_DX9@@YAXXZ 1004a640 f    CIL library: CIL module
 0001:00049670       ??__EENVMAPCONTRAST@SDK_WorldVertexTransition_DX9@@YAXXZ 1004a670 f    CIL library: CIL module
 0001:000496a0       ??__EENVMAPSATURATION@SDK_WorldVertexTransition_DX9@@YAXXZ 1004a6a0 f    CIL library: CIL module
 0001:000496d0       ??__EFRESNELREFLECTION@SDK_WorldVertexTransition_DX9@@YAXXZ 1004a6d0 f    CIL library: CIL module
 0001:00049700       ??__ENODIFFUSEBUMPLIGHTING@SDK_WorldVertexTransition_DX9@@YAXXZ 1004a700 f    CIL library: CIL module
 0001:00049730       ??__EBUMPMAP2@SDK_WorldVertexTransition_DX9@@YAXXZ 1004a730 f    CIL library: CIL module
 0001:00049760       ??__EBUMPFRAME2@SDK_WorldVertexTransition_DX9@@YAXXZ 1004a760 f    CIL library: CIL module
 0001:00049790       ??__EBUMPTRANSFORM2@SDK_WorldVertexTransition_DX9@@YAXXZ 1004a790 f    CIL library: CIL module
 0001:000497c0       ??__EBUMPMASK@SDK_WorldVertexTransition_DX9@@YAXXZ 1004a7c0 f    CIL library: CIL module
 0001:000497f0       ??__EBASETEXTURE2@SDK_WorldVertexTransition_DX9@@YAXXZ 1004a7f0 f    CIL library: CIL module
 0001:00049820       ??__EFRAME2@SDK_WorldVertexTransition_DX9@@YAXXZ 1004a820 f    CIL library: CIL module
 0001:00049850       ??__EBASETEXTURENOENVMAP@SDK_WorldVertexTransition_DX9@@YAXXZ 1004a850 f    CIL library: CIL module
 0001:00049880       ??__EBASETEXTURE2NOENVMAP@SDK_WorldVertexTransition_DX9@@YAXXZ 1004a880 f    CIL library: CIL module
 0001:000498b0       ??__EDETAIL_ALPHA_MASK_BASE_TEXTURE@SDK_WorldVertexTransition_DX9@@YAXXZ 1004a8b0 f    CIL library: CIL module
 0001:000498e0       ??__ELIGHTWARPTEXTURE@SDK_WorldVertexTransition_DX9@@YAXXZ 1004a8e0 f    CIL library: CIL module
 0001:00049910       ??__EBLENDMODULATETEXTURE@SDK_WorldVertexTransition_DX9@@YAXXZ 1004a910 f    CIL library: CIL module
 0001:00049940       ??__EBLENDMASKTRANSFORM@SDK_WorldVertexTransition_DX9@@YAXXZ 1004a940 f    CIL library: CIL module
 0001:00049970       ??__EMASKEDBLENDING@SDK_WorldVertexTransition_DX9@@YAXXZ 1004a970 f    CIL library: CIL module
 0001:000499a0       ??__ESSBUMP@SDK_WorldVertexTransition_DX9@@YAXXZ 1004a9a0 f    CIL library: CIL module
 0001:000499d0       ??__ESEAMLESS_SCALE@SDK_WorldVertexTransition_DX9@@YAXXZ 1004a9d0 f    CIL library: CIL module
 0001:00049a00       ??__Es_ShaderInstance@SDK_WorldVertexTransition_DX9@@YAXXZ 1004aa00 f    CIL library: CIL module
 0001:00049a50       ??__Emat_fullbright@@YAXXZ 1004aa50 f    CIL library: CIL module
 0001:00049a80       ??__E__g_CreateIShaderDLLInternal_reg@@YAXXZ 1004aa80 f    CIL library: CIL module
 0001:00049aa0       ??__Es_EmptyConVar@@YAXXZ  1004aaa0 f   tier1:convar.obj
 0001:00049ac0       ??__Es_StringCharConversion@@YAXXZ 1004aac0 f   tier1:utlbuffer.obj
 0001:00049b20       ??__Es_NoEscConversion@@YAXXZ 1004ab20 f   tier1:utlbuffer.obj
 0001:00049b50       ??__Fs_ShaderParams@SDK_Aftershock@@YAXXZ 1004ab50 f    CIL library: CIL module
 0001:00049b60       ??__Fs_ShaderParams@SDK_Aftershock_dx9@@YAXXZ 1004ab60 f    CIL library: CIL module
 0001:00049b70       ??__Fmat_fullbright@@YAXXZ 1004ab70 f    CIL library: CIL module
 0001:00049b80       ??__Fs_ShaderParams@Bleach_Bypass@@YAXXZ 1004ab80 f    CIL library: CIL module
 0001:00049b90       ??__Fs_ShaderParams@SDK_Bloom@@YAXXZ 1004ab90 f    CIL library: CIL module
 0001:00049ba0       ??__Fs_ShaderParams@SDK_Cable@@YAXXZ 1004aba0 f    CIL library: CIL module
 0001:00049bb0       ??__Fs_ShaderParams@SDK_Cable_DX9@@YAXXZ 1004abb0 f    CIL library: CIL module
 0001:00049bc0       ??__Fs_ShaderParams@Chromatic_Dispersion@@YAXXZ 1004abc0 f    CIL library: CIL module
 0001:00049bd0       ??__Fr_lightwarpidentity@@YAXXZ 1004abd0 f    CIL library: CIL module
 0001:00049be0       ??__Fs_ShaderParams@Color_Clipping@@YAXXZ 1004abe0 f    CIL library: CIL module
 0001:00049bf0       ??__Fs_ShaderParams@Complements@@YAXXZ 1004abf0 f    CIL library: CIL module
 0001:00049c00       ??__Fs_ShaderParams@SDK_Core@@YAXXZ 1004ac00 f    CIL library: CIL module
 0001:00049c10       ??__Fs_ShaderParams@SDK_Core_DX90@@YAXXZ 1004ac10 f    CIL library: CIL module
 0001:00049c20       ??__Fgear@@YAXXZ           1004ac20 f    CIL library: CIL module
 0001:00049c30       ??__Fs_ShaderParams@Cubic_Distortion@@YAXXZ 1004ac30 f    CIL library: CIL module
 0001:00049c40       ??__Fs_ShaderParams@Desaturate@@YAXXZ 1004ac40 f    CIL library: CIL module
 0001:00049c50       ??__Fs_ShaderParams@SDK_DepthWrite@@YAXXZ 1004ac50 f    CIL library: CIL module
 0001:00049c60       ??__Fs_ShaderParams@SDK_EyeRefract@@YAXXZ 1004ac60 f    CIL library: CIL module
 0001:00049c70       ??__Fs_ShaderParams@SDK_VolumeClouds@@YAXXZ 1004ac70 f    CIL library: CIL module
 0001:00049c80       ??__Fs_ShaderParams@SDK_EyeGlint@@YAXXZ 1004ac80 f    CIL library: CIL module
 0001:00049c90       ??__Fs_ShaderParams@SDK_AfterShock@@YAXXZ 1004ac90 f    CIL library: CIL module
 0001:00049ca0       ??__Fs_ShaderParams@SDK_EyeRefract@@YAXXZ 1004aca0 f    CIL library: CIL module
 0001:00049cb0       ??__Fs_ShaderParams@SDK_EyeRefract_dx9@@YAXXZ 1004acb0 f    CIL library: CIL module
 0001:00049cc0       ??__Fr_lightwarpidentity@@YAXXZ 1004acc0 f    CIL library: CIL module
 0001:00049cd0       ??__Fs_ShaderParams@SDK_Eyeball@@YAXXZ 1004acd0 f    CIL library: CIL module
 0001:00049ce0       ??__Fs_ShaderParams@SDK_EyeGlint@@YAXXZ 1004ace0 f    CIL library: CIL module
 0001:00049cf0       ??__Fs_ShaderParams@SDK_EyeGlint_dx9@@YAXXZ 1004acf0 f    CIL library: CIL module
 0001:00049d00       ??__Fs_ShaderParams@SDK_eyes@@YAXXZ 1004ad00 f    CIL library: CIL module
 0001:00049d10       ??__Fs_ShaderParams@SDK_Eyes_dx8@@YAXXZ 1004ad10 f    CIL library: CIL module
 0001:00049d20       ??__Fr_flashlight_version2@@YAXXZ 1004ad20 f    CIL library: CIL module
 0001:00049d30       ??__Fs_ShaderParams@SDK_eyes@@YAXXZ 1004ad30 f    CIL library: CIL module
 0001:00049d40       ??__Fs_ShaderParams@SDK_Eyes_dx9@@YAXXZ 1004ad40 f    CIL library: CIL module
 0001:00049d50       ??__Fs_ShaderParams@FXAA@@YAXXZ 1004ad50 f    CIL library: CIL module
 0001:00049d60       ??__Fs_ShaderParams@GaussianX@@YAXXZ 1004ad60 f    CIL library: CIL module
 0001:00049d70       ??__Fs_ShaderParams@GaussianY@@YAXXZ 1004ad70 f    CIL library: CIL module
 0001:00049d80       ??__Fs_ShaderParams@LightmappedAdv@@YAXXZ 1004ad80 f    CIL library: CIL module
 0001:00049d90       ??__Fs_ShaderParams@LightmappedAdv_DX9@@YAXXZ 1004ad90 f    CIL library: CIL module
 0001:00049da0       ??__Fmat_disable_lightwarp@@YAXXZ 1004ada0 f    CIL library: CIL module
 0001:00049db0       ??__Fmat_disable_fancy_blending@@YAXXZ 1004adb0 f    CIL library: CIL module
 0001:00049dc0       ??__Fmat_fullbright@@YAXXZ 1004adc0 f    CIL library: CIL module
 0001:00049dd0       ??__Fmat_enable_lightmapped_phong@@YAXXZ 1004add0 f    CIL library: CIL module
 0001:00049de0       ??__Fmat_force_lightmapped_phong@@YAXXZ 1004ade0 f    CIL library: CIL module
 0001:00049df0       ??__Fmat_force_lightmapped_phong_boost@@YAXXZ 1004adf0 f    CIL library: CIL module
 0001:00049e00       ??__Fmat_force_lightmapped_phong_exp@@YAXXZ 1004ae00 f    CIL library: CIL module
 0001:00049e10       ??__Fs_ShaderParams@SDK_LightmappedGeneric_Decal@@YAXXZ 1004ae10 f    CIL library: CIL module
 0001:00049e20       ??__Fmat_disable_lightwarp@@YAXXZ 1004ae20 f    CIL library: CIL module
 0001:00049e30       ??__Fmat_disable_fancy_blending@@YAXXZ 1004ae30 f    CIL library: CIL module
 0001:00049e40       ??__Fmat_fullbright@@YAXXZ 1004ae40 f    CIL library: CIL module
 0001:00049e50       ??__Fs_ShaderParams@SDK_LightmappedReflective@@YAXXZ 1004ae50 f    CIL library: CIL module
 0001:00049e60       ??__Fs_ShaderParams@SDK_LightmappedReflective_DX90@@YAXXZ 1004ae60 f    CIL library: CIL module
 0001:00049e70       ??__Fs_ShaderParams@SDK_LightmappedTwoTexture@@YAXXZ 1004ae70 f    CIL library: CIL module
 0001:00049e80       ??__Fs_ShaderParams@LUMA@@YAXXZ 1004ae80 f    CIL library: CIL module
 0001:00049e90       ??__Fs_ShaderParams@Negative@@YAXXZ 1004ae90 f    CIL library: CIL module
 0001:00049ea0       ??__Fs_ShaderParams@Nightvision@@YAXXZ 1004aea0 f    CIL library: CIL module
 0001:00049eb0       ??__Fs_ShaderParams@Noise@@YAXXZ 1004aeb0 f    CIL library: CIL module
 0001:00049ec0       ??__Fs_ShaderParams@RadialGaussianX@@YAXXZ 1004aec0 f    CIL library: CIL module
 0001:00049ed0       ??__Fs_ShaderParams@RadialGaussianY@@YAXXZ 1004aed0 f    CIL library: CIL module
 0001:00049ee0       ??__Fs_ShaderParams@Radial_Blur@@YAXXZ 1004aee0 f    CIL library: CIL module
 0001:00049ef0       ??__Fs_ShaderParams@SDK_Refract@@YAXXZ 1004aef0 f    CIL library: CIL module
 0001:00049f00       ??__Fs_ShaderParams@SDK_Refract_DX90@@YAXXZ 1004af00 f    CIL library: CIL module
 0001:00049f10       ??__Fs_ShaderParams@SDK_screenspace_general@@YAXXZ 1004af10 f    CIL library: CIL module
 0001:00049f20       ??__Fs_ShaderParams@SDK_screenspace_general_dx9@@YAXXZ 1004af20 f    CIL library: CIL module
 0001:00049f30       ??__Fs_ShaderParams@ScreenWater@@YAXXZ 1004af30 f    CIL library: CIL module
 0001:00049f40       ??__Fs_ShaderParams@Sepia@@YAXXZ 1004af40 f    CIL library: CIL module
 0001:00049f50       ??__Fmat_fullbright@@YAXXZ 1004af50 f    CIL library: CIL module
 0001:00049f60       ??__Fr_lightwarpidentity@@YAXXZ 1004af60 f    CIL library: CIL module
 0001:00049f70       ??__Fr_rimlight@@YAXXZ     1004af70 f    CIL library: CIL module
 0001:00049f80       ??__Fs_ShaderParams@SDK_Spritecard@@YAXXZ 1004af80 f    CIL library: CIL module
 0001:00049f90       ??__Fs_ShaderParams@SDK_Teeth@@YAXXZ 1004af90 f    CIL library: CIL module
 0001:00049fa0       ??__Fs_ShaderParams@SDK_Teeth_DX9@@YAXXZ 1004afa0 f    CIL library: CIL module
 0001:00049fb0       ??__Fs_ShaderParams@SDK_UnlitGeneric@@YAXXZ 1004afb0 f    CIL library: CIL module
 0001:00049fc0       ??__Fs_ShaderParams@SDK_UnlitTwoTexture@@YAXXZ 1004afc0 f    CIL library: CIL module
 0001:00049fd0       ??__Fs_ShaderParams@SDK_UnlitTwoTexture_DX9@@YAXXZ 1004afd0 f    CIL library: CIL module
 0001:00049fe0       ??__Fs_ShaderParams@Unsharp@@YAXXZ 1004afe0 f    CIL library: CIL module
 0001:00049ff0       ??__Fs_ShaderParams@Unsharp_Blur@@YAXXZ 1004aff0 f    CIL library: CIL module
 0001:0004a000       ??__Fs_ShaderParams@SDK_VertexLitGeneric@@YAXXZ 1004b000 f    CIL library: CIL module
 0001:0004a010       ??__Fmat_fullbright@@YAXXZ 1004b010 f    CIL library: CIL module
 0001:0004a020       ??__Fr_lightwarpidentity@@YAXXZ 1004b020 f    CIL library: CIL module
 0001:0004a030       ??__Fs_ShaderParams@Vignetting@@YAXXZ 1004b030 f    CIL library: CIL module
 0001:0004a040       ??__Fs_ShaderParams@SDK_VortWarp@@YAXXZ 1004b040 f    CIL library: CIL module
 0001:0004a050       ??__Fs_ShaderParams@SDK_VortWarp_DX9@@YAXXZ 1004b050 f    CIL library: CIL module
 0001:0004a060       ??__Fr_waterforceexpensive@@YAXXZ 1004b060 f    CIL library: CIL module
 0001:0004a070       ??__Fs_ShaderParams@SDK_Water@@YAXXZ 1004b070 f    CIL library: CIL module
 0001:0004a080       ??__Fs_ShaderParams@SDK_Water_DX90@@YAXXZ 1004b080 f    CIL library: CIL module
 0001:0004a090       ??__Fs_ShaderParams@SDK_WorldTwoTextureBlend@@YAXXZ 1004b090 f    CIL library: CIL module
 0001:0004a0a0       ??__Fs_ShaderParams@SDK_WorldVertexAlpha@@YAXXZ 1004b0a0 f    CIL library: CIL module
 0001:0004a0b0       ??__Fs_ShaderParams@SDK_WorldVertexTransition@@YAXXZ 1004b0b0 f    CIL library: CIL module
 0001:0004a0c0       ??__Fs_ShaderParams@SDK_WorldVertexTransition_DX9@@YAXXZ 1004b0c0 f    CIL library: CIL module
 0001:0004a0d0       ??__Fmat_fullbright@@YAXXZ 1004b0d0 f    CIL library: CIL module
 0001:0004a0e0       ??__Fs_EmptyConVar@@YAXXZ  1004b0e0 f   tier1:convar.obj
 0001:0004a11b       ??__Fnomem@?5???2@YAPAXI@Z@YAXXZ 1004b11b f   LIBCMT:new.obj
