 vbsp

 Timestamp is 4be8b624 (Mon May 10 18:43:00 2010)

 Preferred load address is 00400000

 Start         Length     Name                   Class
 0001:00000000 00095ab6H .text                   CODE
 0001:00095ac0 00000253H .text$x                 CODE
 0001:00095d20 00000c7bH .text$yc                CODE
 0001:000969a0 00000a0dH .text$yd                CODE
 0002:00000000 00000248H .idata$5                DATA
 0002:00000248 00000004H .CRT$XCA                DATA
 0002:0000024c 0000000cH .CRT$XCC                DATA
 0002:00000258 00000008H .CRT$XCL                DATA
 0002:00000260 0000022cH .CRT$XCU                DATA
 0002:0000048c 00000004H .CRT$XCZ                DATA
 0002:00000490 00000004H .CRT$XIA                DATA
 0002:00000494 00000014H .CRT$XIC                DATA
 0002:000004a8 00000004H .CRT$XIY                DATA
 0002:000004ac 00000004H .CRT$XIZ                DATA
 0002:000004b0 00000004H .CRT$XPA                DATA
 0002:000004b4 0000000cH .CRT$XPX                DATA
 0002:000004c0 00000004H .CRT$XPXA               DATA
 0002:000004c4 00000004H .CRT$XPZ                DATA
 0002:000004c8 00000004H .CRT$XTA                DATA
 0002:000004cc 00000004H .CRT$XTZ                DATA
 0002:000004d0 00053048H .rdata                  DATA
 0002:00053518 0000008aH .rdata$debug            DATA
 0002:000535a4 00000f30H .rdata$r                DATA
 0002:000544d4 00000004H .rtc$IAA                DATA
 0002:000544d8 00000004H .rtc$IZZ                DATA
 0002:000544dc 00000004H .rtc$TAA                DATA
 0002:000544e0 00000004H .rtc$TZZ                DATA
 0002:000544e8 00000e84H .xdata$x                DATA
 0002:0005536c 00000050H .idata$2                DATA
 0002:000553bc 00000014H .idata$3                DATA
 0002:000553d0 00000248H .idata$4                DATA
 0002:00055618 00000b48H .idata$6                DATA
 0002:00056160 0000004bH .edata                  DATA
 0003:00000000 0000956cH .data                   DATA
 0003:00009580 06b50ab8H .bss                    DATA

  Address         Publics by Value              Rva+Base       Lib:Object

 0000:00000000       ___safe_se_handler_table   00000000     <absolute>
 0000:00000000       __except_list              00000000     <absolute>
 0000:00000000       ___safe_se_handler_count   00000000     <absolute>
 0000:00000000       ___ImageBase               00400000     <linker-defined>
 0001:00000000       ??AVector@@QAEAAMH@Z       00401000 f i brushbsp.obj
 0001:00000010       ??AVector@@QBEMH@Z         00401010 f i brushbsp.obj
 0001:00000020       ??_H@YGXPAXIHP6EPAX0@Z@Z   00401020 f i brushbsp.obj
 0001:00000050       ?VectorLength@@YAMABVVector@@@Z 00401050 f i brushbsp.obj
 0001:00000080       ??HVector@@QBE?AV0@ABV0@@Z 00401080 f i brushbsp.obj
 0001:000000b0       ??DVector@@QBE?AV0@M@Z     004010b0 f i brushbsp.obj
 0001:000000e0       ?BoundBrush@@YAXPAUbspbrush_t@@@Z 004010e0 f   brushbsp.obj
 0001:00000160       ?PointInsideBrush@@YA?AVVector@@PAUbspbrush_t@@@Z 00401160 f   brushbsp.obj
 0001:000003c0       ?CreateBrushWindings@@YAXPAUbspbrush_t@@@Z 004013c0 f   brushbsp.obj
 0001:00000530       ?BrushVolume@@YAMPAUbspbrush_t@@@Z 00401530 f   brushbsp.obj
 0001:000005f0       ?CountBrushList@@YAHPAUbspbrush_t@@@Z 004015f0 f   brushbsp.obj
 0001:00000610       ?AllocTree@@YAPAUtree_t@@XZ 00401610 f   brushbsp.obj
 0001:00000640       ?AllocNode@@YAPAUnode_t@@XZ 00401640 f   brushbsp.obj
 0001:00000670       ?AllocBrush@@YAPAUbspbrush_t@@H@Z 00401670 f   brushbsp.obj
 0001:000006c0       ?FreeBrush@@YAXPAUbspbrush_t@@@Z 004016c0 f   brushbsp.obj
 0001:00000710       ?FreeBrushList@@YAXPAUbspbrush_t@@@Z 00401710 f   brushbsp.obj
 0001:00000770       ?CopyBrush@@YAPAUbspbrush_t@@PAU1@@Z 00401770 f   brushbsp.obj
 0001:00000800       ?PointInLeaf@@YAPAUnode_t@@PAU1@AAVVector@@@Z 00401800 f   brushbsp.obj
 0001:00000870       ?BrushBspBoxOnPlaneSide@@YAHABVVector@@0PAUdplane_t@@@Z 00401870 f   brushbsp.obj
 0001:00000970       ?TestBrushToPlanenum@@YAHPAUbspbrush_t@@HPAH11@Z 00401970 f   brushbsp.obj
 0001:00000d30       ?WindingIsTiny@@YAHPAUwinding_t@@@Z 00401d30 f   brushbsp.obj
 0001:00000dd0       ?WindingIsHuge@@YAHPAUwinding_t@@@Z 00401dd0 f   brushbsp.obj
 0001:00000e50       ?LeafNode@@YAXPAUnode_t@@PAUbspbrush_t@@@Z 00401e50 f   brushbsp.obj
 0001:00000ec0       ?RemoveAreaPortalBrushes_R@@YAXPAUnode_t@@@Z 00401ec0 f   brushbsp.obj
 0001:00000f10       ?BrushMostlyOnSide@@YAHPAUbspbrush_t@@PAUplane_t@@@Z 00401f10 f   brushbsp.obj
 0001:00001140       ?BrushFromBounds@@YAPAUbspbrush_t@@AAVVector@@0@Z 00402140 f   brushbsp.obj
 0001:00001230       ?SplitBrush@@YAXPAUbspbrush_t@@HPAPAU1@1@Z 00402230 f   brushbsp.obj
 0001:00001af0       ?SplitBrushList@@YAXPAUbspbrush_t@@PAUnode_t@@PAPAU1@2@Z 00402af0 f   brushbsp.obj
 0001:00001bd0       ?SelectSplitSide@@YAPAUside_t@@PAUbspbrush_t@@PAUnode_t@@@Z 00402bd0 f   brushbsp.obj
 0001:00001e80       ?BuildTree_r@@YAPAUnode_t@@PAU1@PAUbspbrush_t@@@Z 00402e80 f   brushbsp.obj
 0001:00001f90       ?BrushBSP@@YAPAUtree_t@@PAUbspbrush_t@@AAVVector@@1@Z 00402f90 f   brushbsp.obj
 0001:00002140       ?fabs@@YAMM@Z              00403140 f i collisionutils.obj
 0001:00002150       ?Vector2DSubtract@@YAXABVVector2D@@0AAV1@@Z 00403150 f i collisionutils.obj
 0001:00002170       ?Init@Vector@@QAEXMMM@Z    00403170 f i collisionutils.obj
 0001:00002190       ??4Vector@@QAEAAV0@ABV0@@Z 00403190 f i collisionutils.obj
 0001:000021b0       ?Dot@Vector@@QBEMABV1@@Z   004031b0 f i collisionutils.obj
 0001:000021d0       ?CrossProduct@@YAXABVVector@@0AAV1@@Z 004031d0 f i collisionutils.obj
 0001:00002210       ?Length@Vector@@QBEMXZ     00403210 f i collisionutils.obj
 0001:00002240       ??GVector@@QBE?AV0@ABV0@@Z 00403240 f i collisionutils.obj
 0001:00002270       ??0cplane_t@@QAE@XZ        00403270 f i collisionutils.obj
 0001:00002270       ??0Vector2D@@QAE@XZ        00403270 f i collisionutils.obj
 0001:00002270       ??0Vector@@QAE@XZ          00403270 f i brushbsp.obj
 0001:00002280       ?IsBoxIntersectingBox@@YA_NABVVector@@000@Z 00403280 f   collisionutils.obj
 0001:000022f0       ?PointInQuadFromBarycentric@@YAXABVVector@@000ABVVector2D@@AAV1@@Z 004032f0 f   collisionutils.obj
 0001:00002380       ?SubtractBrush@@YAPAUbspbrush_t@@PAU1@0@Z 00403380 f   csg.obj
 0001:00002420       ?IntersectBrush@@YAPAUbspbrush_t@@PAU1@0@Z 00403420 f   csg.obj
 0001:000024b0       ?BrushesDisjoint@@YAHPAUbspbrush_t@@0@Z 004034b0 f   csg.obj
 0001:00002560       ?ClipBrushToBox@@YAPAUbspbrush_t@@PAU1@ABVVector@@1@Z 00403560 f   csg.obj
 0001:00002810       ?MakeBspBrushList@@YAPAUbspbrush_t@@HHABVVector@@0H@Z 00403810 f   csg.obj
 0001:000028a0       ?MakeBspBrushList@@YAPAUbspbrush_t@@PAPAUmapbrush_t@@HABVVector@@1@Z 004038a0 f   csg.obj
 0001:000028f0       ?PrintBrushContentsToString@@YAXHPADH@Z 004038f0 f   csg.obj
 0001:00002b80       ?ChopBrushes@@YAPAUbspbrush_t@@PAU1@@Z 00403b80 f   csg.obj
 0001:00002eb0       ?CopyMatchingTexinfos@@YAXPAUside_t@@HPBUbspbrush_t@@@Z 00403eb0 f   csg.obj
 0001:00002fd0       ?FixupAreaportalWaterBrushes@@YAXPAUbspbrush_t@@@Z 00403fd0 f   csg.obj
 0001:00003070       ?VectorScale@@YAXABVVector@@MAAV1@@Z 00404070 f i cubemap.obj
 0001:000030c0       ?Cubemap_InsertSample@@YAXABVVector@@H@Z 004040c0 f   cubemap.obj
 0001:00003410       ?DoesMaterialOrDependentsUseEnvmap@@YA_NPBD@Z 00404410 f   cubemap.obj
 0001:00003470       ?Cubemap_FindClosestCubemap@@YAHABVVector@@PAUside_t@@@Z 00404470 f   cubemap.obj
 0001:00003660       ?Purge@?$CUtlMemory@EH@@QAEXXZ 00404660 f i cubemap.obj
 0001:00003690       ?Grow@?$CUtlMemory@Utexinfo_s@@H@@QAEXH@Z 00404690 f i cubemap.obj
 0001:00003730       ?Grow@?$CUtlMemory@U?$UtlRBTreeNode_t@UModelCollisionLookup_t@@G@@G@@QAEXH@Z 00404730 f i staticprop.obj
 0001:00003730       ?Grow@?$CUtlMemory@U?$UtlRBTreeNode_t@UCubemapInfo_t@@G@@G@@QAEXH@Z 00404730 f i cubemap.obj
 0001:000037e0       ?Parent@?$CUtlRBTree@UCubemapInfo_t@@GP6A_NABU1@0@ZV?$CUtlMemory@U?$UtlRBTreeNode_t@UCubemapInfo_t@@G@@G@@@@QBEGG@Z 004047e0 f i cubemap.obj
 0001:00003840       ?Purge@?$CUtlVector@HV?$CUtlMemory@HH@@@@QAEXXZ 00404840 f i cubemap.obj
 0001:00003890       ?LeftChild@?$CUtlRBTree@UCubemapInfo_t@@GP6A_NABU1@0@ZV?$CUtlMemory@U?$UtlRBTreeNode_t@UCubemapInfo_t@@G@@G@@@@QBEGG@Z 00404890 f i cubemap.obj
 0001:000038f0       ?RightChild@?$CUtlRBTree@UCubemapInfo_t@@GP6A_NABU1@0@ZV?$CUtlMemory@U?$UtlRBTreeNode_t@UCubemapInfo_t@@G@@G@@@@QBEGG@Z 004048f0 f i cubemap.obj
 0001:00003950       ?FindInsertionPosition@?$CUtlRBTree@UCubemapInfo_t@@GP6A_NABU1@0@ZV?$CUtlMemory@U?$UtlRBTreeNode_t@UCubemapInfo_t@@G@@G@@@@IAEXABUCubemapInfo_t@@AAGAA_N@Z 00404950 f i cubemap.obj
 0001:00003a40       ?NewNode@?$CUtlRBTree@UCubemapInfo_t@@GP6A_NABU1@0@ZV?$CUtlMemory@U?$UtlRBTreeNode_t@UCubemapInfo_t@@G@@G@@@@QAEGXZ 00404a40 f i cubemap.obj
 0001:00003b30       ?RotateLeft@?$CUtlRBTree@UCubemapInfo_t@@GP6A_NABU1@0@ZV?$CUtlMemory@U?$UtlRBTreeNode_t@UCubemapInfo_t@@G@@G@@@@IAEXG@Z 00404b30 f i cubemap.obj
 0001:00003c20       ?RotateRight@?$CUtlRBTree@UCubemapInfo_t@@GP6A_NABU1@0@ZV?$CUtlMemory@U?$UtlRBTreeNode_t@UCubemapInfo_t@@G@@G@@@@IAEXG@Z 00404c20 f i cubemap.obj
 0001:00003d10       ?Find@?$CUtlRBTree@UCubemapInfo_t@@GP6A_NABU1@0@ZV?$CUtlMemory@U?$UtlRBTreeNode_t@UCubemapInfo_t@@G@@G@@@@QBEGABUCubemapInfo_t@@@Z 00404d10 f i cubemap.obj
 0001:00003e10       ?RemoveAll@?$CUtlRBTree@UCubemapInfo_t@@GP6A_NABU1@0@ZV?$CUtlMemory@U?$UtlRBTreeNode_t@UCubemapInfo_t@@G@@G@@@@QAEXXZ 00404e10 f i cubemap.obj
 0001:00003ed0       ?InsertRebalance@?$CUtlRBTree@UCubemapInfo_t@@GP6A_NABU1@0@ZV?$CUtlMemory@U?$UtlRBTreeNode_t@UCubemapInfo_t@@G@@G@@@@IAEXG@Z 00404ed0 f i cubemap.obj
 0001:00004780       ?CreateDefaultCubemaps@@YAX_N@Z 00405780 f   cubemap.obj
 0001:00004b20       ?Cubemap_CreateDefaultCubemaps@@YAXXZ 00405b20 f   cubemap.obj
 0001:00004b40       ?AddToTail@?$CUtlVector@PADV?$CUtlMemory@PADH@@@@QAEHXZ 00405b40 f i cubemap.obj
 0001:00004b90       ?InsertBefore@?$CUtlVector@Utexinfo_s@@V?$CUtlMemory@Utexinfo_s@@H@@@@QAEHHABUtexinfo_s@@@Z 00405b90 f i cubemap.obj
 0001:00004c10       ?InsertBefore@?$CUtlVector@V?$CUtlVector@HV?$CUtlMemory@HH@@@@V?$CUtlMemory@V?$CUtlVector@HV?$CUtlMemory@HH@@@@H@@@@QAEHH@Z 00405c10 f i cubemap.obj
 0001:00004c90       ?LinkToParent@?$CUtlRBTree@UCubemapInfo_t@@GP6A_NABU1@0@ZV?$CUtlMemory@U?$UtlRBTreeNode_t@UCubemapInfo_t@@G@@G@@@@IAEXGG_N@Z 00405c90 f i cubemap.obj
 0001:00004d10       ?Cubemap_AddUnreferencedCubemaps@@YAXXZ 00405d10 f   cubemap.obj
 0001:00004ea0       ?Cubemap_SaveBrushSides@@YAXPBD@Z 00405ea0 f   cubemap.obj
 0001:00005220       ?Cubemap_FixupBrushSidesMaterials@@YAXXZ 00406220 f   cubemap.obj
 0001:00005320       ?Insert@?$CUtlRBTree@UCubemapInfo_t@@GP6A_NABU1@0@ZV?$CUtlMemory@U?$UtlRBTreeNode_t@UCubemapInfo_t@@G@@G@@@@QAEGABUCubemapInfo_t@@@Z 00406320 f i cubemap.obj
 0001:00005380       ?Cubemap_InitCubemapSideData@@YAXXZ 00406380 f   cubemap.obj
 0001:00005540       ?Cubemap_AttachDefaultCubemapToSpecularSides@@YAXXZ 00406540 f   cubemap.obj
 0001:000056c0       ??1?$CUtlVector@Ucluster_portals_t@@V?$CUtlMemory@Ucluster_portals_t@@H@@@@QAE@XZ 004066c0 f i prtfile.obj
 0001:000056c0       ??1?$CUtlVector@V?$CUtlVector@HV?$CUtlMemory@HH@@@@V?$CUtlMemory@V?$CUtlVector@HV?$CUtlMemory@HH@@@@H@@@@QAE@XZ 004066c0 f i cubemap.obj
 0001:00005720       ?MergeBrush_r@@YAXPAUnode_t@@PAUbspbrush_t@@@Z 00406720 f   detail.obj
 0001:000057a0       ?MergeFace_r@@YA_NPAUnode_t@@PAUface_t@@1@Z 004067a0 f   detail.obj
 0001:00005930       ?FilterFacesIntoTree@@YAPAUface_t@@PAUtree_t@@PAU1@@Z 00406930 f   detail.obj
 0001:000059c0       ?TryMergeFaceList@@YAXPAPAUface_t@@@Z 004069c0 f   detail.obj
 0001:00005ac0       ?FilterBrushesIntoTree@@YAXPAUtree_t@@PAUbspbrush_t@@@Z 00406ac0 f   detail.obj
 0001:00005b60       ?BrushBoxOverlap@@YA_NPAUbspbrush_t@@0@Z 00406b60 f   detail.obj
 0001:00005bb0       ?FindOriginalSide@@YAPAUside_t@@PAUmapbrush_t@@PAU1@@Z 00406bb0 f   detail.obj
 0001:00005c80       ?ClipFaceToBrush@@YA_NPAUface_t@@PAUbspbrush_t@@PAPAU1@@Z 00406c80 f   detail.obj
 0001:00005f50       ?GetListOfCutBrushes@@YAHAAV?$CUtlVector@PAUbspbrush_t@@V?$CUtlMemory@PAUbspbrush_t@@H@@@@PAUbspbrush_t@@1@Z 00406f50 f   detail.obj
 0001:000060f0       ?ComputeVisibleBrushSides@@YAPAUface_t@@PAUbspbrush_t@@@Z 004070f0 f   detail.obj
 0001:000062b0       ?MergeDetailTree@@YAPAUface_t@@PAUtree_t@@HH@Z 004072b0 f   detail.obj
 0001:000063e0       ?Init@Vector2D@@QAEXMM@Z   004073e0 f i detailobjects.obj
 0001:00006400       ?WaterLessFunc@@YA_NABUWaterTexInfo@@0@Z 00407400 f   ivp.obj
 0001:00006400       ?ZipFileLessFunc@CZipEntry@CZipFile@@SA_NABV12@0@Z 00407400 f   zip_utils.obj
 0001:00006640       ??$SwapBufferToTargetEndian@I@CByteswap@@QAEXPAI0H@Z 00407640 f i tier1:KeyValues.obj
 0001:00006640       ??$SwapBufferToTargetEndian@H@CByteswap@@QAEXPAH0H@Z 00407640 f i detailobjects.obj
 0001:000066c0       ?Grow@?$CUtlMemory@Uwatermodel_t@@H@@QAEXH@Z 004076c0 f i ivp.obj
 0001:000066c0       ?Grow@?$CUtlMemory@UDetailModel_t@@H@@QAEXH@Z 004076c0 f i detailobjects.obj
 0001:00006770       ?Grow@?$CUtlMemory@U?$UtlRBTreeNode_t@UWaterTexInfo@@H@@H@@QAEXH@Z 00407770 f i ivp.obj
 0001:00006770       ?Grow@?$CUtlMemory@Udleafambientlighting_t@@H@@QAEXH@Z 00407770 f i bsplib.obj
 0001:00006770       ?Grow@?$CUtlMemory@UDetailObject_t@@H@@QAEXH@Z 00407770 f i detailobjects.obj
 0001:00006830       ?Grow@?$CUtlMemory@U?$UtlRBTreeNode_t@UStaticPropLookup_t@@G@@G@@QAEXH@Z 00407830 f i detailobjects.obj
 0001:00006830       ?Grow@?$CUtlMemory@U?$UtlRBTreeNode_t@VCStringPoolIndex@CUtlSymbolTable@@G@@G@@QAEXH@Z 00407830 f i tier1:utlsymbol.obj
 0001:000068e0       ?Grow@?$CUtlMemory@UDetailObjectDictLump_t@@H@@QAEXH@Z 004078e0 f i detailobjects.obj
 0001:000068e0       ?Grow@?$CUtlMemory@UStaticPropDictLump_t@@H@@QAEXH@Z 004078e0 f i staticprop.obj
 0001:00006990       ?Grow@?$CUtlMemory@UDetailObjectLump_t@@H@@QAEXH@Z 00407990 f i detailobjects.obj
 0001:00006a40       ?Grow@?$CUtlMemory@UDetailSpriteDictLump_t@@H@@QAEXH@Z 00407a40 f i detailobjects.obj
 0001:00006a40       ?Grow@?$CUtlMemory@Udtexdata_t@@H@@QAEXH@Z 00407a40 f i writebsp.obj
 0001:00006af0       ?Parent@?$CUtlRBTree@UStaticPropLookup_t@@GP6A_NABU1@0@ZV?$CUtlMemory@U?$UtlRBTreeNode_t@UStaticPropLookup_t@@G@@G@@@@QBEGG@Z 00407af0 f i detailobjects.obj
 0001:00006c60       ??$PutTypeBin@H@CUtlBuffer@@IAEXH@Z 00407c60 f i detailobjects.obj
 0001:00006cc0       ?LeftChild@?$CUtlRBTree@UStaticPropLookup_t@@GP6A_NABU1@0@ZV?$CUtlMemory@U?$UtlRBTreeNode_t@UStaticPropLookup_t@@G@@G@@@@QBEGG@Z 00407cc0 f i detailobjects.obj
 0001:00006d20       ?RightChild@?$CUtlRBTree@UStaticPropLookup_t@@GP6A_NABU1@0@ZV?$CUtlMemory@U?$UtlRBTreeNode_t@UStaticPropLookup_t@@G@@G@@@@QBEGG@Z 00407d20 f i detailobjects.obj
 0001:00006d90       ?FindInsertionPosition@?$CUtlRBTree@UStaticPropLookup_t@@GP6A_NABU1@0@ZV?$CUtlMemory@U?$UtlRBTreeNode_t@UStaticPropLookup_t@@G@@G@@@@IAEXABUStaticPropLookup_t@@AAGAA_N@Z 00407d90 f i detailobjects.obj
 0001:00006e80       ?NewNode@?$CUtlRBTree@UStaticPropLookup_t@@GP6A_NABU1@0@ZV?$CUtlMemory@U?$UtlRBTreeNode_t@UStaticPropLookup_t@@G@@G@@@@QAEGXZ 00407e80 f i detailobjects.obj
 0001:00006f80       ?RotateLeft@?$CUtlRBTree@UStaticPropLookup_t@@GP6A_NABU1@0@ZV?$CUtlMemory@U?$UtlRBTreeNode_t@UStaticPropLookup_t@@G@@G@@@@IAEXG@Z 00407f80 f i detailobjects.obj
 0001:00007080       ?RotateRight@?$CUtlRBTree@UStaticPropLookup_t@@GP6A_NABU1@0@ZV?$CUtlMemory@U?$UtlRBTreeNode_t@UStaticPropLookup_t@@G@@G@@@@IAEXG@Z 00408080 f i detailobjects.obj
 0001:00007180       ?Find@?$CUtlRBTree@UStaticPropLookup_t@@GP6A_NABU1@0@ZV?$CUtlMemory@U?$UtlRBTreeNode_t@UStaticPropLookup_t@@G@@G@@@@QBEGABUStaticPropLookup_t@@@Z 00408180 f i detailobjects.obj
 0001:00007280       ?InsertBefore@?$CUtlVector@UDetailSpriteDictLump_t@@V?$CUtlMemory@UDetailSpriteDictLump_t@@H@@@@QAEHHABUDetailSpriteDictLump_t@@@Z 00408280 f i detailobjects.obj
 0001:00007310       ?RemoveAll@?$CUtlRBTree@UStaticPropLookup_t@@GP6A_NABU1@0@ZV?$CUtlMemory@U?$UtlRBTreeNode_t@UStaticPropLookup_t@@G@@G@@@@QAEXXZ 00408310 f i detailobjects.obj
 0001:000073d0       ?InsertRebalance@?$CUtlRBTree@UStaticPropLookup_t@@GP6A_NABU1@0@ZV?$CUtlMemory@U?$UtlRBTreeNode_t@UStaticPropLookup_t@@G@@G@@@@IAEXG@Z 004083d0 f i detailobjects.obj
 0001:00007b10       ?AddToTail@?$CUtlVector@UDetailObjectLump_t@@V?$CUtlMemory@UDetailObjectLump_t@@H@@@@QAEHXZ 00408b10 f i detailobjects.obj
 0001:00007b60       ?LinkToParent@?$CUtlRBTree@UStaticPropLookup_t@@GP6A_NABU1@0@ZV?$CUtlMemory@U?$UtlRBTreeNode_t@UStaticPropLookup_t@@G@@G@@@@IAEXGG_N@Z 00408b60 f i detailobjects.obj
 0001:00007e60       ??1?$CUtlRBTree@UStaticPropLookup_t@@GP6A_NABU1@0@ZV?$CUtlMemory@U?$UtlRBTreeNode_t@UStaticPropLookup_t@@G@@G@@@@QAE@XZ 00408e60 f i detailobjects.obj
 0001:00007ed0       ?InsertBefore@?$CUtlVector@UDetailObjectGroup_t@@V?$CUtlMemory@UDetailObjectGroup_t@@H@@@@QAEHH@Z 00408ed0 f i detailobjects.obj
 0001:00008cd0       ??1?$CUtlVector@Uclusterlist_t@@V?$CUtlMemory@Uclusterlist_t@@H@@@@QAE@XZ 00409cd0 f i bsplib.obj
 0001:00008cd0       ??1?$CUtlVector@UDetailObjectGroup_t@@V?$CUtlMemory@UDetailObjectGroup_t@@H@@@@QAE@XZ 00409cd0 f i detailobjects.obj
 0001:00008cd0       ??1?$CUtlVector@Udisp_grid_t@@V?$CUtlMemory@Udisp_grid_t@@H@@@@QAE@XZ 00409cd0 f i disp_ivp.obj
 0001:00008d30       ?EmitDetailModels@@YAXXZ   00409d30 f   detailobjects.obj
 0001:00009110       ?EmitDetailObjects@@YAXXZ  0040a110 f   detailobjects.obj
 0001:00009140       ?InsertBefore@?$CUtlVector@UDetailObject_t@@V?$CUtlMemory@UDetailObject_t@@H@@@@QAEHH@Z 0040a140 f i detailobjects.obj
 0001:000091d0       ?RemoveAll@?$CUtlVector@UDetailObject_t@@V?$CUtlMemory@UDetailObject_t@@H@@@@QAEXXZ 0040a1d0 f i detailobjects.obj
 0001:00009340       ?LoadEmitDetailObjectDictionary@@YAXPBD@Z 0040a340 f   detailobjects.obj
 0001:00009390       ??1?$CUtlVector@UDetailObject_t@@V?$CUtlMemory@UDetailObject_t@@H@@@@QAE@XZ 0040a390 f i detailobjects.obj
 0001:000093f0       ??9CVertIndex@@QBE_NABV0@@Z 0040a3f0 f i disp_common.obj
 0001:00009420       ?VectorMin@@YAXABVVector@@0AAV1@@Z 0040a420 f i disp_common.obj
 0001:00009480       ?VectorMax@@YAXABVVector@@0AAV1@@Z 0040a480 f i disp_common.obj
 0001:000094e0       ?SetInvalid@CDispNeighbor@@QAEXXZ 0040a4e0 f i disp_common.obj
 0001:000094f0       ?SetInvalid@CDispCornerNeighbors@@QAEXXZ 0040a4f0 f i disp_common.obj
 0001:00009500       ?GetPoint@CCoreDispSurface@@QBEXHAAVVector@@@Z 0040a500 f i disp_common.obj
 0001:00009530       ?GetSurface@CCoreDispInfo@@QAEPAVCCoreDispSurface@@XZ 0040a530 f i disp_common.obj
 0001:00009540       ?GetEdgeIndexFromPoint@@YAHABVCVertIndex@@H@Z 0040a540 f   disp_common.obj
 0001:00009590       ?GetSubNeighborIndex@@YAHPAVCDispUtilsHelper@@HABVCVertIndex@@@Z 0040a590 f   disp_common.obj
 0001:00009610       ?SetupSpan@@YAXHHW4NeighborSpan@@AAVCVertIndex@@1@Z 0040a610 f   disp_common.obj
 0001:000096a0       ?GetDispBox@@YAXPAVCCoreDispInfo@@AAVCDispBox@@@Z 0040a6a0 f   disp_common.obj
 0001:00009770       ?FindEdge@@YA_NPAVCCoreDispInfo@@ABVVector@@1AAH@Z 0040a770 f   disp_common.obj
 0001:00009830       ?AddNeighbor@@YAXPAVCCoreDispInfo@@HHW4NeighborSpan@@0H1@Z 0040a830 f   disp_common.obj
 0001:00009930       ?SetupEdgeNeighbors@@YAXPAVCCoreDispInfo@@0@Z 0040a930 f   disp_common.obj
 0001:00009b10       ?HasEdgeNeighbor@@YA_NPBVCCoreDispInfo@@H@Z 0040ab10 f   disp_common.obj
 0001:00009b80       ?TransformIntoSubNeighbor@@YAPAVCDispUtilsHelper@@PAV1@HHABVCVertIndex@@AAV2@@Z 0040ab80 f   disp_common.obj
 0001:00009c90       ?TransformIntoNeighbor@@YAPAVCDispUtilsHelper@@PAV1@HABVCVertIndex@@AAV2@@Z 0040ac90 f   disp_common.obj
 0001:00009d20       ?SetupCornerNeighbors@@YAXPAVCCoreDispInfo@@0PAH@Z 0040ad20 f   disp_common.obj
 0001:00009eb0       ?VerifyNeighborVertConnection@@YA_NPAVCDispUtilsHelper@@ABVCVertIndex@@PBV1@1H@Z 0040aeb0 f   disp_common.obj
 0001:00009f60       ?SetupEdgeIncrements@@YAPAVCDispUtilsHelper@@PAV1@HHAAVCVertIndex@@111AAH2@Z 0040af60 f   disp_common.obj
 0001:0000a120       ?Next@CDispEdgeIterator@@QAE_NXZ 0040b120 f   disp_common.obj
 0001:0000a1e0       ?VerifyNeighborConnections@@YAXPAPAVCCoreDispInfo@@H@Z 0040b1e0 f   disp_common.obj
 0001:0000a3a0       ?IsVertAllowed@@YA_NPAVCDispUtilsHelper@@ABVCVertIndex@@H@Z 0040b3a0 f   disp_common.obj
 0001:0000a510       ?UnallowVerts_R@@YAXPAVCDispUtilsHelper@@ABVCVertIndex@@AAH@Z 0040b510 f   disp_common.obj
 0001:0000a5b0       ?DisableUnallowedVerts_R@@YAXPAVCDispUtilsHelper@@ABVCVertIndex@@HAAH@Z 0040b5b0 f   disp_common.obj
 0001:0000a660       ?SetupAllowedVerts@@YAXPAPAVCCoreDispInfo@@H@Z 0040b660 f   disp_common.obj
 0001:0000a700       ?InsertMultipleBefore@?$CUtlVector@VCDispBox@@V?$CUtlMemory@VCDispBox@@H@@@@QAEHHHPBVCDispBox@@@Z 0040b700 f i disp_common.obj
 0001:0000a8c0       ?FindNeighboringDispSurfs@@YAXPAPAVCCoreDispInfo@@H@Z 0040b8c0 f   disp_common.obj
 0001:0000aa60       ?GetBoundingBox@CCoreDispNode@@QAEXAAVVector@@0@Z 0040ba60 f i disp_ivp.obj
 0001:0000aa90       ?GetTrianglesInSphere@CDispMeshEvent@@UAEXPAXABVVector@@MPAUvirtualmeshtrianglelist_t@@@Z 0040ba90 f   disp_ivp.obj
 0001:0000aad0       ??$SwapBufferToTargetEndian@G@CByteswap@@QAEXPAG0H@Z 0040bad0 f i bsplib.obj
 0001:0000aad0       ??$SwapBufferToTargetEndian@F@CByteswap@@QAEXPAF0H@Z 0040bad0 f i disp_ivp.obj
 0001:0000ab40       ?Grow@?$CUtlMemory@Udfaceid_t@@H@@QAEXH@Z 0040bb40 f i writebsp.obj
 0001:0000ab40       ?Grow@?$CUtlMemory@VCDispTri@@H@@QAEXH@Z 0040bb40 f i disp_vbsp.obj
 0001:0000ab40       ?Grow@?$CUtlMemory@VCFaceMacroTextureInfo@@H@@QAEXH@Z 0040bb40 f i writebsp.obj
 0001:0000ab40       ?Grow@?$CUtlMemory@UStaticPropLeafLump_t@@H@@QAEXH@Z 0040bb40 f i staticprop.obj
 0001:0000ab40       ?Grow@?$CUtlMemory@GH@@QAEXH@Z 0040bb40 f i disp_ivp.obj
 0001:0000abf0       ?Grow@?$CUtlMemory@U?$UtlRBTreeNode_t@UNode_t@?$CUtlMap@PBDHH@@H@@H@@QAEXH@Z 0040bbf0 f i writebsp.obj
 0001:0000abf0       ?Grow@?$CUtlMemory@Udisp_grid_t@@H@@QAEXH@Z 0040bbf0 f i disp_ivp.obj
 0001:0000abf0       ?Grow@?$CUtlMemory@UfileList_t@@H@@QAEXH@Z 0040bbf0 f i scriplib.obj
 0001:0000abf0       ?Grow@?$CUtlMemory@UDetailObjectGroup_t@@H@@QAEXH@Z 0040bbf0 f i detailobjects.obj
 0001:0000abf0       ?Grow@?$CUtlMemory@VCDispBox@@H@@QAEXH@Z 0040bbf0 f i disp_common.obj
 0001:0000ac90       ?GetVirtualMesh@CDispMeshEvent@@UAEXPAXPAUvirtualmeshlist_t@@@Z 0040bc90 f   disp_ivp.obj
 0001:0000acf0       ?GetWorldspaceBounds@CDispMeshEvent@@UAEXPAXPAVVector@@1@Z 0040bcf0 f   disp_ivp.obj
 0001:0000ad40       ??$PutObjects@Udphysdisp_t@@@CUtlBuffer@@QAEXPAUdphysdisp_t@@H@Z 0040bd40 f i disp_ivp.obj
 0001:0000adb0       ?InsertMultipleBefore@?$CUtlVector@DV?$CUtlMemory@DH@@@@QAEHHHPBD@Z 0040bdb0 f i disp_ivp.obj
 0001:0000ae40       ?InsertMultipleBefore@?$CUtlVector@VVector@@V?$CUtlMemory@VVector@@H@@@@QAEHHHPBVVector@@@Z 0040be40 f i disp_ivp.obj
 0001:0000af90       ?InsertBefore@?$CUtlVector@GV?$CUtlMemory@GH@@@@QAEHHABG@Z 0040bf90 f i disp_ivp.obj
 0001:0000b000       ??0CDispMeshEvent@@QAE@PAGHPAVCCoreDispInfo@@@Z 0040c000 f   disp_ivp.obj
 0001:0000b1b0       ?EnsureCount@?$CUtlVector@PAVCPhysCollide@@V?$CUtlMemory@PAVCPhysCollide@@H@@@@QAEXH@Z 0040c1b0 f i disp_ivp.obj
 0001:0000b220       ?RemoveAll@?$CUtlVector@Uclusterlist_t@@V?$CUtlMemory@Uclusterlist_t@@H@@@@QAEXXZ 0040c220 f i bsplib.obj
 0001:0000b220       ?RemoveAll@?$CUtlVector@Udisp_grid_t@@V?$CUtlMemory@Udisp_grid_t@@H@@@@QAEXXZ 0040c220 f i disp_ivp.obj
 0001:0000b220       ?RemoveAll@?$CUtlVector@UDetailObjectGroup_t@@V?$CUtlMemory@UDetailObjectGroup_t@@H@@@@QAEXXZ 0040c220 f i detailobjects.obj
 0001:0000b2c0       ??$TesselateDisplacementNode@VCVBSPTesselateHelper@@@@YAXPAVCVBSPTesselateHelper@@ABVCVertIndex@@HPAH@Z 0040c2c0 f i disp_ivp.obj
 0001:0000b540       ??$TesselateDisplacement_R@VCVBSPTesselateHelper@@@@YAXPAVCVBSPTesselateHelper@@ABVCVertIndex@@HH@Z 0040c540 f i disp_ivp.obj
 0001:0000b650       ?FindOrInsertGrid@@YAAAUdisp_grid_t@@H@Z 0040c650 f   disp_ivp.obj
 0001:0000b730       ?Disp_AddCollisionModels@@YAXAAV?$CUtlVector@PAVCPhysCollisionEntry@@V?$CUtlMemory@PAVCPhysCollisionEntry@@H@@@@PAUdmodel_t@@H@Z 0040c730 f   disp_ivp.obj
 0001:0000bc80       ?Disp_BuildVirtualMesh@@YAXH@Z 0040cc80 f   disp_ivp.obj
 0001:0000c730       ?GetPowerInfo@@YAPBVCPowerInfo@@H@Z 0040d730 f   disp_powerinfo.obj
 0001:0000c740       ?GetCornerPointIndex@CPowerInfo@@QBEABVCVertIndex@@H@Z 0040d740 f   disp_powerinfo.obj
 0001:0000c760       ??0CVertInfo@@QAE@XZ       0040d760 f   disp_powerinfo.obj
 0001:0000c960       ?InitPowerInfo@@YAXPAVCPowerInfo@@H@Z 0040d960 f   disp_powerinfo.obj
 0001:0000ce30       ?Vector2DCopy@@YAXABVVector2D@@AAV1@@Z 0040de30 f i disp_vbsp.obj
 0001:0000ce50       ?GetSize@CCoreDispInfo@@QBEHXZ 0040de50 f i disp_vbsp.obj
 0001:0000ce60       ?FindTriIndexMapByUV@@YA_NPAVCCoreDispInfo@@ABVVector2D@@AAHQAM@Z 0040de60 f   disp_vbsp.obj
 0001:0000cfe0       ?GetDispInfoEntityNum@@YAHPAUmapdispinfo_t@@@Z 0040dfe0 f   disp_vbsp.obj
 0001:0000cff0       ?DispGetFaceInfo@@YAXPAUmapbrush_t@@@Z 0040dff0 f   disp_vbsp.obj
 0001:0000d0f0       ?HasDispInfo@@YA_NPAUmapbrush_t@@@Z 0040e0f0 f   disp_vbsp.obj
 0001:0000d120       ??4ddispinfo_t@@QAEAAV0@ABV0@@Z 0040e120 f i disp_vbsp.obj
 0001:0000d290       ?Grow@?$CUtlMemory@Vddispinfo_t@@H@@QAEXH@Z 0040e290 f i disp_vbsp.obj
 0001:0000d340       ?Grow@?$CUtlMemory@DH@@QAEXH@Z 0040e340 f i disp_ivp.obj
 0001:0000d340       ?Grow@?$CUtlMemory@EH@@QAEXH@Z 0040e340 f i disp_vbsp.obj
 0001:0000d340       ?Grow@?$CUtlMemory@_NH@@QAEXH@Z 0040e340 f i disp_vbsp.obj
 0001:0000d3f0       ?Grow@?$CUtlMemory@PAVCCoreDispInfo@@H@@QAEXH@Z 0040e3f0 f i disp_vbsp.obj
 0001:0000d3f0       ?Grow@?$CUtlMemory@PAUside_t@@H@@QAEXH@Z 0040e3f0 f i vbsp.obj
 0001:0000d3f0       ?Grow@?$CUtlMemory@PAVCPhysConvex@@H@@QAEXH@Z 0040e3f0 f i ivp.obj
 0001:0000d3f0       ?Grow@?$CUtlMemory@PAUmapbrush_t@@H@@QAEXH@Z 0040e3f0 f i vbsp.obj
 0001:0000d3f0       ?Grow@?$CUtlMemory@HH@@QAEXH@Z 0040e3f0 f i brushbsp.obj
 0001:0000d3f0       ?Grow@?$CUtlMemory@PAUbspbrush_t@@H@@QAEXH@Z 0040e3f0 f i detail.obj
 0001:0000d3f0       ?Grow@?$CUtlMemory@PAVCPhysCollisionEntry@@H@@QAEXH@Z 0040e3f0 f i disp_ivp.obj
 0001:0000d3f0       ?Grow@?$CUtlMemory@Udleafambientindex_t@@H@@QAEXH@Z 0040e3f0 f i bsplib.obj
 0001:0000d3f0       ?Grow@?$CUtlMemory@PAUportal_t@@H@@QAEXH@Z 0040e3f0 f i portals.obj
 0001:0000d3f0       ?Grow@?$CUtlMemory@PAUStringPool_t@CUtlSymbolTable@@H@@QAEXH@Z 0040e3f0 f i tier1:utlsymbol.obj
 0001:0000d3f0       ?Grow@?$CUtlMemory@PAVCPhysCollide@@H@@QAEXH@Z 0040e3f0 f i disp_ivp.obj
 0001:0000d3f0       ?Grow@?$CUtlMemory@PAUdface_t@@H@@QAEXH@Z 0040e3f0 f i disp_vbsp.obj
 0001:0000d3f0       ?Grow@?$CUtlMemory@PADH@@QAEXH@Z 0040e3f0 f i cubemap.obj
 0001:0000d3f0       ?Grow@?$CUtlMemory@UOccluderInfo_t@@H@@QAEXH@Z 0040e3f0 f i vbsp.obj
 0001:0000d3f0       ?Grow@?$CUtlMemory@PAVKeyValues@@H@@QAEXH@Z 0040e3f0 f i tier1:KeyValues.obj
 0001:0000d3f0       ?Grow@?$CUtlMemory@PAUface_t@@H@@QAEXH@Z 0040e3f0 f i vbsp.obj
 0001:0000d3f0       ?Grow@?$CUtlMemory@PAUnode_t@@H@@QAEXH@Z 0040e3f0 f i ivp.obj
 0001:0000d4a0       ?ExportNeighborData@@YAXPAPAVCCoreDispInfo@@PAVddispinfo_t@@H@Z 0040e4a0 f   disp_vbsp.obj
 0001:0000d5d0       ?ExportAllowedVertLists@@YAXPAPAVCCoreDispInfo@@PAVddispinfo_t@@H@Z 0040e5d0 f   disp_vbsp.obj
 0001:0000d660       ?FindEnclosingTri@@YA_NABVVector2D@@AAV?$CUtlVector@VVector2D@@V?$CUtlMemory@VVector2D@@H@@@@AAV?$CUtlVector@GV?$CUtlMemory@GH@@@@PAHQAM@Z 0040e660 f   disp_vbsp.obj
 0001:0000d7b0       ?InsertMultipleBefore@?$CUtlVector@Vddispinfo_t@@V?$CUtlMemory@Vddispinfo_t@@H@@@@QAEHHHPBVddispinfo_t@@@Z 0040e7b0 f i disp_vbsp.obj
 0001:0000d860       ?InsertMultipleBefore@?$CUtlVector@VVector2D@@V?$CUtlMemory@VVector2D@@H@@@@QAEHHHPBVVector2D@@@Z 0040e860 f i disp_vbsp.obj
 0001:0000d980       ?InsertMultipleBefore@?$CUtlVector@VCDispVert@@V?$CUtlMemory@VCDispVert@@H@@@@QAEHHHPBVCDispVert@@@Z 0040e980 f i disp_vbsp.obj
 0001:0000db10       ?CalculateLightmapSamplePositions@@YAXPAVCCoreDispInfo@@PBUdface_t@@AAV?$CUtlVector@EV?$CUtlMemory@EH@@@@@Z 0040eb10 f   disp_vbsp.obj
 0001:0000dea0       ?DispMapToCoreDispInfo@@YAXPAUmapdispinfo_t@@PAVCCoreDispInfo@@PAUdface_t@@PAH@Z 0040eea0 f   disp_vbsp.obj
 0001:0000e310       ?ComputeDispInfoBounds@@YAXHAAVVector@@0@Z 0040f310 f   disp_vbsp.obj
 0001:0000e390       ?EmitInitialDispInfos@@YAXXZ 0040f390 f   disp_vbsp.obj
 0001:0000e760       ?SnapRemainingVertsToSurface@@YAXPAPAVCCoreDispInfo@@PAVddispinfo_t@@H@Z 0040f760 f   disp_vbsp.obj
 0001:0000eb10       ?EmitDispLMAlphaAndNeighbors@@YAXXZ 0040fb10 f   disp_vbsp.obj
 0001:0000ee30       ?GetVertexnum@@YAHAAVVector@@@Z 0040fe30 f   faces.obj
 0001:0000efe0       ?FindEdgeVerts@@YAXAAVVector@@0@Z 0040ffe0 f   faces.obj
 0001:0000f0d0       ?TestEdge@@YAXMMHHH@Z      004100d0 f   faces.obj
 0001:0000f270       ?AllocFace@@YAPAUface_t@@XZ 00410270 f   faces.obj
 0001:0000f2b0       ?NewFaceFromFace@@YAPAUface_t@@PAU1@@Z 004102b0 f   faces.obj
 0001:0000f310       ?FreeFace@@YAXPAUface_t@@@Z 00410310 f   faces.obj
 0001:0000f340       ?FreeFaceList@@YAXPAUface_t@@@Z 00410340 f   faces.obj
 0001:0000f380       ?TryMergeWinding@@YAPAUwinding_t@@PAU1@0AAVVector@@@Z 00410380 f   faces.obj
 0001:0000f6f0       ?FaceOnWaterBrush@@YA_NPAUface_t@@@Z 004106f0 f   faces.obj
 0001:0000f710       ?FaceFromSuperverts@@YAXPAPAUface_t@@PAU1@H@Z 00410710 f   faces.obj
 0001:0000f890       ?EmitFaceVertexes@@YAXPAPAUface_t@@PAU1@@Z 00410890 f   faces.obj
 0001:0000f980       ?EmitNodeFaceVertexes_r@@YAXPAUnode_t@@@Z 00410980 f   faces.obj
 0001:0000fad0       ?EmitLeafFaceVertexes@@YAXPAPAUface_t@@@Z 00410ad0 f   faces.obj
 0001:0000fbf0       ?IntSort@@YAXAAV?$CUtlVector@HV?$CUtlMemory@HH@@@@@Z 00410bf0 f   faces.obj
 0001:0000fc40       ?SubdivideFace@@YAXPAPAUface_t@@PAU1@@Z 00410c40 f   faces.obj
 0001:0000ff10       ?SubdivideFaceList@@YAXPAPAUface_t@@@Z 00410f10 f   faces.obj
 0001:00010320       ?FaceFromPortal@@YAPAUface_t@@PAUportal_t@@H@Z 00411320 f   faces.obj
 0001:000104c0       ?GetEdge2_InitOptimizedList@@YAXXZ 004114c0 f   faces.obj
 0001:000104f0       ?OverlaysAreEqual@@YA_NPAUface_t@@0@Z 004114f0 f   faces.obj
 0001:00010560       ?TryMerge@@YAPAUface_t@@PAU1@0AAVVector@@@Z 00411560 f   faces.obj
 0001:00010630       ?MergeFaceList@@YAXPAPAUface_t@@@Z 00411630 f   faces.obj
 0001:000106d0       ?MakeFaces_r@@YAXPAUnode_t@@@Z 004116d0 f   faces.obj
 0001:00010780       ?MakeFaces@@YAXPAUnode_t@@@Z 00411780 f   faces.obj
 0001:000107e0       ?InsertMultipleBefore@?$CUtlVector@Uface_vert_table_t@@V?$CUtlMemory@Uface_vert_table_t@@H@@@@QAEHHHPBUface_vert_table_t@@@Z 004117e0 f i faces.obj
 0001:000108b0       ?Triangulate_r@@YAXAAV?$CUtlVector@HV?$CUtlMemory@HH@@@@ABV1@ABV?$CUtlVector@Uface_vert_table_t@@V?$CUtlMemory@Uface_vert_table_t@@H@@@@@Z 004118b0 f   faces.obj
 0001:00010c30       ?FixFaceEdges@@YAXPAPAUface_t@@PAU1@@Z 00411c30 f   faces.obj
 0001:00011050       ?FixEdges_r@@YAXPAUnode_t@@@Z 00412050 f   faces.obj
 0001:000110b0       ?FixTjuncs@@YAPAUface_t@@PAUnode_t@@PAU1@@Z 004120b0 f   faces.obj
 0001:00011210       ?AddEdge@@YAHHHPAUface_t@@@Z 00412210 f   faces.obj
 0001:00011340       ?GetEdge2@@YAHHHPAUface_t@@@Z 00412340 f   faces.obj
 0001:00011560       ?OutputWinding@@YAXPAUwinding_t@@PAX@Z 00412560 f   glfile.obj
 0001:00011600       ?WriteGLView_r@@YAXPAUnode_t@@PAX@Z 00412600 f   glfile.obj
 0001:000116c0       ?WriteGLView@@YAXPAUtree_t@@PAD@Z 004126c0 f   glfile.obj
 0001:00011770       ?DumpCollideToGlView@@YAXPAVCPhysCollide@@PBD@Z 00412770 f   ivp.obj
 0001:000118a0       ??0CPhysCollisionEntryStaticMesh@@QAE@PAVCPhysCollide@@PBD@Z 004128a0 f   ivp.obj
 0001:000118c0       ??0CPhysCollisionEntryFluid@@QAE@PAVCPhysCollide@@PBDMABVVector@@MH@Z 004128c0 f   ivp.obj
 0001:00011930       ?GetFirstBrushSide@CPlaneList@@QAEHXZ 00412930 f   ivp.obj
 0001:000119a0       ?EmitWaterMaterialFile@@YAXPAUWaterTexInfo@@@Z 004129a0 f   ivp.obj
 0001:00011bc0       ?FirstWaterTexinfo@@YAHPAUbspbrush_t@@H@Z 00412bc0 f   ivp.obj
 0001:00011dc0       ?Grow@?$CUtlMemory@Uwaterleaf_t@@H@@QAEXH@Z 00412dc0 f i ivp.obj
 0001:00011dc0       ?Grow@?$CUtlMemory@U?$UtlRBTreeNode_t@VCZipEntry@CZipFile@@H@@H@@QAEXH@Z 00412dc0 f i zip_utils.obj
 0001:00011e70       ?Parent@?$CUtlRBTree@UWaterTexInfo@@HP6A_NABU1@0@ZV?$CUtlMemory@U?$UtlRBTreeNode_t@UWaterTexInfo@@H@@H@@@@QBEHH@Z 00412e70 f i ivp.obj
 0001:00011ed0       ?DumpCollideToPHY@@YAXPAVCPhysCollide@@PAVCTextBuffer@@PBD@Z 00412ed0 f   ivp.obj
 0001:00011fa0       ?DumpCollide@CPhysCollisionEntrySolid@@UAEXPAVCTextBuffer@@HH@Z 00412fa0 f   ivp.obj
 0001:00012010       ?DumpCollide@CPhysCollisionEntryStaticSolid@@UAEXPAVCTextBuffer@@HH@Z 00413010 f   ivp.obj
 0001:00012090       ?DumpCollide@CPhysCollisionEntryStaticMesh@@UAEXPAVCTextBuffer@@HH@Z 00413090 f   ivp.obj
 0001:00012110       ?DumpCollide@CPhysCollisionEntryFluid@@UAEXPAVCTextBuffer@@HH@Z 00413110 f   ivp.obj
 0001:000122d0       ?LeftChild@?$CUtlRBTree@UWaterTexInfo@@HP6A_NABU1@0@ZV?$CUtlMemory@U?$UtlRBTreeNode_t@UWaterTexInfo@@H@@H@@@@QBEHH@Z 004132d0 f i ivp.obj
 0001:00012330       ?RightChild@?$CUtlRBTree@UWaterTexInfo@@HP6A_NABU1@0@ZV?$CUtlMemory@U?$UtlRBTreeNode_t@UWaterTexInfo@@H@@H@@@@QBEHH@Z 00413330 f i ivp.obj
 0001:00012390       ?FindInsertionPosition@?$CUtlRBTree@UWaterTexInfo@@HP6A_NABU1@0@ZV?$CUtlMemory@U?$UtlRBTreeNode_t@UWaterTexInfo@@H@@H@@@@IAEXABUWaterTexInfo@@AAHAA_N@Z 00413390 f i ivp.obj
 0001:00012490       ?NewNode@?$CUtlRBTree@UWaterTexInfo@@HP6A_NABU1@0@ZV?$CUtlMemory@U?$UtlRBTreeNode_t@UWaterTexInfo@@H@@H@@@@QAEHXZ 00413490 f i ivp.obj
 0001:00012570       ?IsLeftChild@?$CUtlRBTree@UWaterTexInfo@@HP6A_NABU1@0@ZV?$CUtlMemory@U?$UtlRBTreeNode_t@UWaterTexInfo@@H@@H@@@@QBE_NH@Z 00413570 f i ivp.obj
 0001:00012630       ?IsRightChild@?$CUtlRBTree@UWaterTexInfo@@HP6A_NABU1@0@ZV?$CUtlMemory@U?$UtlRBTreeNode_t@UWaterTexInfo@@H@@H@@@@QBE_NH@Z 00413630 f i ivp.obj
 0001:000126f0       ?RotateLeft@?$CUtlRBTree@UWaterTexInfo@@HP6A_NABU1@0@ZV?$CUtlMemory@U?$UtlRBTreeNode_t@UWaterTexInfo@@H@@H@@@@IAEXH@Z 004136f0 f i ivp.obj
 0001:000128a0       ?RotateRight@?$CUtlRBTree@UWaterTexInfo@@HP6A_NABU1@0@ZV?$CUtlMemory@U?$UtlRBTreeNode_t@UWaterTexInfo@@H@@H@@@@IAEXH@Z 004138a0 f i ivp.obj
 0001:00012a50       ?Find@?$CUtlRBTree@UWaterTexInfo@@HP6A_NABU1@0@ZV?$CUtlMemory@U?$UtlRBTreeNode_t@UWaterTexInfo@@H@@H@@@@QBEHABUWaterTexInfo@@@Z 00413a50 f i ivp.obj
 0001:00012b50       ?RemoveAll@?$CUtlRBTree@UWaterTexInfo@@HP6A_NABU1@0@ZV?$CUtlMemory@U?$UtlRBTreeNode_t@UWaterTexInfo@@H@@H@@@@QAEXXZ 00413b50 f i ivp.obj
 0001:00012be0       ?InsertRebalance@?$CUtlRBTree@UWaterTexInfo@@HP6A_NABU1@0@ZV?$CUtlMemory@U?$UtlRBTreeNode_t@UWaterTexInfo@@H@@H@@@@IAEXH@Z 00413be0 f i ivp.obj
 0001:000130b0       ?LinkToParent@?$CUtlRBTree@UWaterTexInfo@@HP6A_NABU1@0@ZV?$CUtlMemory@U?$UtlRBTreeNode_t@UWaterTexInfo@@H@@H@@@@IAEXHH_N@Z 004140b0 f i ivp.obj
 0001:00013130       ?CopyData@CTextBuffer@@AAEXPBDH@Z 00414130 f   ivp.obj
 0001:00013230       ?RemapWorldMaterial@@YAHH@Z 00414230 f   ivp.obj
 0001:00013250       ??0CPlaneList@@QAE@MM@Z    00414250 f   ivp.obj
 0001:000132e0       ?AddConvex@CPlaneList@@QAEXPAVCPhysConvex@@@Z 004142e0 f   ivp.obj
 0001:00013360       ?BuildConvexForBrush@CPlaneList@@AAEPAVCPhysConvex@@HMPAVCPhysCollide@@M@Z 00414360 f   ivp.obj
 0001:000135b0       ?AddBrushes@CPlaneList@@QAEHXZ 004145b0 f   ivp.obj
 0001:000136a0       ?EnumLeaves_r@@YAXAAV?$CUtlVector@PAUnode_t@@V?$CUtlMemory@PAUnode_t@@H@@@@PAUnode_t@@H@Z 004146a0 f   ivp.obj
 0001:00014510       ??1?$CUtlRBTree@UWaterTexInfo@@HP6A_NABU1@0@ZV?$CUtlMemory@U?$UtlRBTreeNode_t@UWaterTexInfo@@H@@H@@@@QAE@XZ 00415510 f i ivp.obj
 0001:00014570       ?WriteIntKey@CTextBuffer@@QAEXPBDH@Z 00415570 f   ivp.obj
 0001:000145f0       ?WriteFloatKey@CTextBuffer@@QAEXPBDM@Z 004155f0 f   ivp.obj
 0001:00014680       ?WriteFloatArrayKey@CTextBuffer@@QAEXPBDPBMH@Z 00415680 f   ivp.obj
 0001:000147f0       ?CopyStringQuotes@CTextBuffer@@QAEXPBD@Z 004157f0 f   ivp.obj
 0001:000148a0       ?WriteToTextBuffer@CPhysCollisionEntryStaticSolid@@UAEXPAVCTextBuffer@@HH@Z 004158a0 f   ivp.obj
 0001:000148f0       ?WriteToTextBuffer@CPhysCollisionEntryStaticMesh@@UAEXPAVCTextBuffer@@HH@Z 004158f0 f   ivp.obj
 0001:00014930       ?EmitPhysCollision@@YAXXZ  00415930 f   ivp.obj
 0001:00015060       ?Insert@?$CUtlRBTree@UWaterTexInfo@@HP6A_NABU1@0@ZV?$CUtlMemory@U?$UtlRBTreeNode_t@UWaterTexInfo@@H@@H@@@@QAEHABUWaterTexInfo@@@Z 00416060 f i ivp.obj
 0001:000150e0       ?WriteStringKey@CTextBuffer@@QAEXPBD0@Z 004160e0 f   ivp.obj
 0001:00015190       ?WriteToTextBuffer@CPhysCollisionEntrySolid@@UAEXPAVCTextBuffer@@HH@Z 00416190 f   ivp.obj
 0001:00015220       ?WriteToTextBuffer@CPhysCollisionEntryFluid@@UAEXPAVCTextBuffer@@HH@Z 00416220 f   ivp.obj
 0001:000152e0       ?FindOrCreateWaterTexInfo@@YAHPAUtexinfo_s@@M@Z 004162e0 f   ivp.obj
 0001:00015450       ?EmitWaterVolumesForBSP@@YAXPAUdmodel_t@@PAUnode_t@@@Z 00416450 f   ivp.obj
 0001:000157c0       ?LeakFile@@YAXPAUtree_t@@@Z 004167c0 f   leakfile.obj
 0001:00015970       ?AreaportalLeakFile@@YAXPAUtree_t@@PAUportal_t@@1PAUnode_t@@@Z 00416970 f   leakfile.obj
 0001:00015db0       ?LoadCmdLineFromFile@@YAXAAHAAPAPADPBD2@Z 00416db0 f   loadcmdline.obj
 0001:00015e80       ?DeleteCmdLine@@YAXHPAPAD@Z 00416e80 f   loadcmdline.obj
 0001:00015ec0       ?ReportError@CMapError@@QAEXPBD@Z 00416ec0 f i map.obj
 0001:00015ef0       ?PlaneTypeForNormal@@YAHAAVVector@@@Z 00416ef0 f   map.obj
 0001:00015fd0       ?SnapVector@@YA_NAAVVector@@@Z 00416fd0 f   map.obj
 0001:00016040       ?SnapPlane@@YAXAAVVector@@AAMABV1@22@Z 00417040 f   map.obj
 0001:00016100       ?IsAreaPortal@@YA_NPBD@Z   00417100 f   map.obj
 0001:00016130       ??4brush_texture_t@@QAEAAU0@ABU0@@Z 00417130 f i map.obj
 0001:000161b0       ?MakeBrushWindings@@YAHPAUmapbrush_t@@@Z 004171b0 f   map.obj
 0001:00016340       ?MoveBrushesToWorld@@YAXPAUentity_t@@@Z 00417340 f   map.obj
 0001:00016410       ?RemoveContentsDetailFromEntity@@YAXPAUentity_t@@@Z 00417410 f   map.obj
 0001:00016470       ?LoadDispDistancesKeyCallback@@YA?AW4ChunkFileResult_t@@PBD0PAUmapdispinfo_t@@@Z 00417470 f   map.obj
 0001:00016520       ?LoadDispInfoKeyCallback@@YA?AW4ChunkFileResult_t@@PBD0PAUmapdispinfo_t@@@Z 00417520 f   map.obj
 0001:00016660       ?LoadDispNormalsKeyCallback@@YA?AW4ChunkFileResult_t@@PBD0PAUmapdispinfo_t@@@Z 00417660 f   map.obj
 0001:00016770       ?LoadDispOffsetsKeyCallback@@YA?AW4ChunkFileResult_t@@PBD0PAUmapdispinfo_t@@@Z 00417770 f   map.obj
 0001:00016880       ?LoadDispAlphasKeyCallback@@YA?AW4ChunkFileResult_t@@PBD0PAUmapdispinfo_t@@@Z 00417880 f   map.obj
 0001:00016930       ?LoadDispTriangleTagsKeyCallback@@YA?AW4ChunkFileResult_t@@PBD0PAUmapdispinfo_t@@@Z 00417930 f   map.obj
 0001:00016a20       ?ConvertSideList@@YAXPAUentity_t@@PAD@Z 00417a20 f   map.obj
 0001:00016b80       ?AddLadderKeys@@YAXPAUentity_t@@@Z 00417b80 f   map.obj
 0001:00016ce0       ?EntityByName@@YAPAUentity_t@@PBD@Z 00417ce0 f   map.obj
 0001:00016d40       ?ForceFuncAreaPortalWindowContents@@YAXXZ 00417d40 f   map.obj
 0001:00016e40       ?LoadSideKeyCallback@@YA?AW4ChunkFileResult_t@@PBD0PAULoadSide_t@@@Z 00417e40 f   map.obj
 0001:00017170       ?LoadConnectionsKeyCallback@@YA?AW4ChunkFileResult_t@@PBD0PAULoadEntity_t@@@Z 00418170 f   map.obj
 0001:00017220       ?LoadSolidKeyCallback@@YA?AW4ChunkFileResult_t@@PBD0PAUmapbrush_t@@@Z 00418220 f   map.obj
 0001:00017260       ?LoadDispDistancesCallback@@YA?AW4ChunkFileResult_t@@PAVCChunkFile@@PAUmapdispinfo_t@@@Z 00418260 f   map.obj
 0001:00017280       ?LoadDispNormalsCallback@@YA?AW4ChunkFileResult_t@@PAVCChunkFile@@PAUmapdispinfo_t@@@Z 00418280 f   map.obj
 0001:000172a0       ?LoadDispOffsetsCallback@@YA?AW4ChunkFileResult_t@@PAVCChunkFile@@PAUmapdispinfo_t@@@Z 004182a0 f   map.obj
 0001:000172c0       ?LoadDispAlphasCallback@@YA?AW4ChunkFileResult_t@@PAVCChunkFile@@PAUmapdispinfo_t@@@Z 004182c0 f   map.obj
 0001:000172e0       ?LoadDispTriangleTagsCallback@@YA?AW4ChunkFileResult_t@@PAVCChunkFile@@PAUmapdispinfo_t@@@Z 004182e0 f   map.obj
 0001:00017300       ?LoadConnectionsCallback@@YA?AW4ChunkFileResult_t@@PAVCChunkFile@@PAULoadEntity_t@@@Z 00418300 f   map.obj
 0001:00017320       ?Grow@?$CUtlMemory@Umapoverlay_t@@H@@QAEXH@Z 00418320 f i map.obj
 0001:000173d0       ?CreateNewFloatPlane@@YAHAAVVector@@M@Z 004183d0 f   map.obj
 0001:00017600       ?FindFloatPlane@@YAHAAVVector@@M@Z 00418600 f   map.obj
 0001:00017710       ?PlaneFromPoints@@YAHABVVector@@00@Z 00418710 f   map.obj
 0001:000177c0       ?LoadDispInfoCallback@@YA?AW4ChunkFileResult_t@@PAVCChunkFile@@PAPAUmapdispinfo_t@@@Z 004187c0 f   map.obj
 0001:000178c0       ?LoadSideCallback@@YA?AW4ChunkFileResult_t@@PAVCChunkFile@@PAULoadSide_t@@@Z 004188c0 f   map.obj
 0001:00017b30       ??1side_t@@QAE@XZ          00418b30 f i map.obj
 0001:00017bc0       ?HandleNoDynamicShadowsEnt@@YA?AW4ChunkFileResult_t@@PAUentity_t@@@Z 00418bc0 f   map.obj
 0001:000180e0       ?InsertBefore@?$CUtlVector@Umapoverlay_t@@V?$CUtlMemory@Umapoverlay_t@@H@@@@QAEHH@Z 004190e0 f i map.obj
 0001:00018190       ?AddBrushBevels@@YAXPAUmapbrush_t@@@Z 00419190 f   map.obj
 0001:00018c70       ?LoadSolidCallback@@YA?AW4ChunkFileResult_t@@PAVCChunkFile@@PAULoadEntity_t@@@Z 00419c70 f   map.obj
 0001:00018f50       ?LoadEntityCallback@@YA?AW4ChunkFileResult_t@@PAVCChunkFile@@H@Z 00419f50 f   map.obj
 0001:000195a0       ?LoadMapFile@@YAXPBD@Z     0041a5a0 f   map.obj
 0001:00019880       ?CreateMaterialPatchRecursive@@YAXPAVKeyValues@@0HPBUMaterialPatchInfo_t@@@Z 0041a880 f   materialpatch.obj
 0001:00019ae0       ?Parent@?$CUtlRBTree@UNameTranslationLookup_t@@HP6A_NABU1@0@ZV?$CUtlMemory@U?$UtlRBTreeNode_t@UNameTranslationLookup_t@@H@@H@@@@QBEHH@Z 0041aae0 f i materialpatch.obj
 0001:00019b40       ?RightChild@?$CUtlRBTree@UNameTranslationLookup_t@@HP6A_NABU1@0@ZV?$CUtlMemory@U?$UtlRBTreeNode_t@UNameTranslationLookup_t@@H@@H@@@@QBEHH@Z 0041ab40 f i materialpatch.obj
 0001:00019ba0       ?FindInsertionPosition@?$CUtlRBTree@UNameTranslationLookup_t@@HP6A_NABU1@0@ZV?$CUtlMemory@U?$UtlRBTreeNode_t@UNameTranslationLookup_t@@H@@H@@@@IAEXABUNameTranslationLookup_t@@AAHAA_N@Z 0041aba0 f i materialpatch.obj
 0001:00019c90       ?NewNode@?$CUtlRBTree@UNameTranslationLookup_t@@HP6A_NABU1@0@ZV?$CUtlMemory@U?$UtlRBTreeNode_t@UNameTranslationLookup_t@@H@@H@@@@QAEHXZ 0041ac90 f i materialpatch.obj
 0001:00019d60       ?IsLeftChild@?$CUtlRBTree@UNameTranslationLookup_t@@HP6A_NABU1@0@ZV?$CUtlMemory@U?$UtlRBTreeNode_t@UNameTranslationLookup_t@@H@@H@@@@QBE_NH@Z 0041ad60 f i materialpatch.obj
 0001:00019e10       ?IsRightChild@?$CUtlRBTree@UNameTranslationLookup_t@@HP6A_NABU1@0@ZV?$CUtlMemory@U?$UtlRBTreeNode_t@UNameTranslationLookup_t@@H@@H@@@@QBE_NH@Z 0041ae10 f i materialpatch.obj
 0001:00019ec0       ?RotateLeft@?$CUtlRBTree@UNameTranslationLookup_t@@HP6A_NABU1@0@ZV?$CUtlMemory@U?$UtlRBTreeNode_t@UNameTranslationLookup_t@@H@@H@@@@IAEXH@Z 0041aec0 f i materialpatch.obj
 0001:0001a070       ?RotateRight@?$CUtlRBTree@UNameTranslationLookup_t@@HP6A_NABU1@0@ZV?$CUtlMemory@U?$UtlRBTreeNode_t@UNameTranslationLookup_t@@H@@H@@@@IAEXH@Z 0041b070 f i materialpatch.obj
 0001:0001a1e0       ?LoadKeyValuesFromPackOrFile@@YA_NPBDPAVKeyValues@@@Z 0041b1e0 f   materialpatch.obj
 0001:0001a430       ?LoadMaterialKeyValues@@YAPAVKeyValues@@PBDI@Z 0041b430 f   materialpatch.obj
 0001:0001a4b0       ?WriteMaterialKeyValuesToPak@@YAXPBDPAVKeyValues@@@Z 0041b4b0 f   materialpatch.obj
 0001:0001a540       ?GetValueFromPatchedMaterial@@YA_NPBD0PADH@Z 0041b540 f   materialpatch.obj
 0001:0001a5f0       ?Find@?$CUtlRBTree@UNameTranslationLookup_t@@HP6A_NABU1@0@ZV?$CUtlMemory@U?$UtlRBTreeNode_t@UNameTranslationLookup_t@@H@@H@@@@QBEHABUNameTranslationLookup_t@@@Z 0041b5f0 f i materialpatch.obj
 0001:0001a6e0       ?RemoveAll@?$CUtlRBTree@UNameTranslationLookup_t@@HP6A_NABU1@0@ZV?$CUtlMemory@U?$UtlRBTreeNode_t@UNameTranslationLookup_t@@H@@H@@@@QAEXXZ 0041b6e0 f i materialpatch.obj
 0001:0001a7a0       ?InsertRebalance@?$CUtlRBTree@UNameTranslationLookup_t@@HP6A_NABU1@0@ZV?$CUtlMemory@U?$UtlRBTreeNode_t@UNameTranslationLookup_t@@H@@H@@@@IAEXH@Z 0041b7a0 f i materialpatch.obj
 0001:0001ac00       ?GetOriginalMaterialNameForPatchedMaterial@@YAPBDPBD@Z 0041bc00 f   materialpatch.obj
 0001:0001ac80       ?DoesMaterialHaveKey@@YA_NPBD0@Z 0041bc80 f   materialpatch.obj
 0001:0001ad20       ?DoesMaterialHaveKeyValuePair@@YA_NPBD00@Z 0041bd20 f   materialpatch.obj
 0001:0001adc0       ?GetValueFromMaterial@@YA_NPBD0PADH@Z 0041bdc0 f   materialpatch.obj
 0001:0001ae70       ?FindOriginalMaterial@@YAPAXPBDPA_N_N@Z 0041be70 f   materialpatch.obj
 0001:0001aea0       ??1?$CUtlRBTree@UNameTranslationLookup_t@@HP6A_NABU1@0@ZV?$CUtlMemory@U?$UtlRBTreeNode_t@UNameTranslationLookup_t@@H@@H@@@@QAE@XZ 0041bea0 f i materialpatch.obj
 0001:0001af00       ?AddNewTranslation@@YAXPBD0@Z 0041bf00 f   materialpatch.obj
 0001:0001afe0       ?CreateMaterialPatch@@YAXPBD0HPBUMaterialPatchInfo_t@@W4MaterialPatchType_t@@@Z 0041bfe0 f   materialpatch.obj
 0001:0001b1b0       ?CreateMaterialPatch@@YAXPBD000W4MaterialPatchType_t@@@Z 0041c1b0 f   materialpatch.obj
 0001:0001b1f0       ?LoadMaterialReplacementKeys@@YAXPBD0@Z 0041c1f0 f   materialsub.obj
 0001:0001b310       ?DeleteMaterialReplacementKeys@@YAXXZ 0041c310 f   materialsub.obj
 0001:0001b330       ?ReplaceMaterialName@@YAPBDPBD@Z 0041c330 f   materialsub.obj
 0001:0001b380       ?MakeModuleFileName@@YAPBDXZ 0041c380 f   memoverride.obj
 0001:0001b410       ??3@YAXPAX@Z               0041c410 f   memoverride.obj
 0001:0001b410       ??_V@YAXPAX@Z              0041c410 f   memoverride.obj
 0001:0001b410       _free                      0041c410 f   memoverride.obj
 0001:0001b430       __realloc_base             0041c430 f   memoverride.obj
 0001:0001b430       _realloc                   0041c430 f   memoverride.obj
 0001:0001b490       _calloc                    0041c490 f   memoverride.obj
 0001:0001b510       __calloc_base              0041c510 f   memoverride.obj
 0001:0001b590       __recalloc_base            0041c590 f   memoverride.obj
 0001:0001b620       __calloc_crt               0041c620 f   memoverride.obj
 0001:0001b640       __realloc_crt              0041c640 f   memoverride.obj
 0001:0001b650       __recalloc_crt             0041c650 f   memoverride.obj
 0001:0001b670       __msize                    0041c670 f   memoverride.obj
 0001:0001b690       __heap_init                0041c690 f   memoverride.obj
 0001:0001b6a0       ??2@YAPAXI@Z               0041c6a0 f   memoverride.obj
 0001:0001b6a0       _malloc                    0041c6a0 f   memoverride.obj
 0001:0001b6a0       ??_U@YAPAXI@Z              0041c6a0 f   memoverride.obj
 0001:0001b6a0       __malloc_crt               0041c6a0 f   memoverride.obj
 0001:0001b700       __strdup                   0041c700 f   memoverride.obj
 0001:0001b780       __wcsdup                   0041c780 f   memoverride.obj
 0001:0001b780       ?sync@?$basic_streambuf@DU?$char_traits@D@std@@@std@@MAEHXZ 0041c780 f   chunkfile.obj
 0001:0001b780       ?GetBufferType@CCodecBuffer@@UBE?BW4_CodecBufferType@@XZ 0041c780 f   bitmap:CodecBuffer.obj
 0001:0001b790       ??1bad_alloc@std@@UAE@XZ   0041c790 f i mstristrip.obj
 0001:0001b7a0       ??_Gbad_alloc@std@@UAEPAXI@Z 0041c7a0 f i mstristrip.obj
 0001:0001b7a0       ??_Ebad_alloc@std@@UAEPAXI@Z 0041c7a0 f i mstristrip.obj
 0001:0001b7d0       ??0bad_alloc@std@@QAE@ABV01@@Z 0041c7d0 f i mstristrip.obj
 0001:0001b7f0       ?SaveVertexNormals@@YAXXZ  0041c7f0 f   normals.obj
 0001:0001b8e0       ?Overlay_EmitOverlayFaces@@YAXXZ 0041c8e0 f   overlay.obj
 0001:0001bc30       ?OverlayTransition_EmitOverlayFaces@@YAXXZ 0041cc30 f   overlay.obj
 0001:0001bf50       ?Overlay_UpdateSideLists@@YAXXZ 0041cf50 f   overlay.obj
 0001:0001c070       ?OverlayTransition_UpdateSideLists@@YAXXZ 0041d070 f   overlay.obj
 0001:0001c190       ?Overlay_AddFaceToLists@@YAXHPAUside_t@@@Z 0041d190 f   overlay.obj
 0001:0001c260       ?OverlayTransition_AddFaceToLists@@YAXHPAUside_t@@@Z 0041d260 f   overlay.obj
 0001:0001c330       ?RemoveAll@?$CUtlVector@Umapoverlay_t@@V?$CUtlMemory@Umapoverlay_t@@H@@@@QAEXXZ 0041d330 f i overlay.obj
 0001:0001c460       ?Overlay_GetFromEntity@@YAHPAUentity_t@@@Z 0041d460 f   overlay.obj
 0001:0001c780       ??1?$CUtlVector@Umapoverlay_t@@V?$CUtlMemory@Umapoverlay_t@@H@@@@QAE@XZ 0041d780 f i overlay.obj
 0001:0001c7e0       ?GetPhysicsFactory@@YAP6APAXPBDPAH@ZXZ 0041d7e0 f   physdll.obj
 0001:0001c820       _PhysicsDLLPath            0041d820 f   physdll.obj
 0001:0001c850       ?FreePortal@@YAXPAUportal_t@@@Z 0041d850 f   portals.obj
 0001:0001c890       ?VisibleContents@@YAHH@Z   0041d890 f   portals.obj
 0001:0001c8c0       ?ClusterContents@@YAHPAUnode_t@@@Z 0041d8c0 f   portals.obj
 0001:0001c900       ?Portal_VisFlood@@YAHPAUportal_t@@@Z 0041d900 f   portals.obj
 0001:0001c9f0       ?RemovePortalFromNode@@YAXPAUportal_t@@PAUnode_t@@@Z 0041d9f0 f   portals.obj
 0001:0001ca70       ?AreaportalBrushForNode@@YAPAUbspbrush_t@@PAUnode_t@@@Z 0041da70 f   portals.obj
 0001:0001caa0       ?BaseWindingForNode@@YAPAUwinding_t@@PAUnode_t@@@Z 0041daa0 f   portals.obj
 0001:0001cb70       ?CalcNodeBounds@@YAXPAUnode_t@@@Z 0041db70 f   portals.obj
 0001:0001cbe0       ?FloodPortals_r@@YAXPAUnode_t@@H@Z 0041dbe0 f   portals.obj
 0001:0001cc70       ?FloodAreaLeak_r@@YAXPAUnode_t@@H@Z 0041dc70 f   portals.obj
 0001:0001cd20       ?ClearOccupied_r@@YAXPAUnode_t@@@Z 0041dd20 f   portals.obj
 0001:0001cd50       ?PlaceOccupant@@YAHPAUnode_t@@AAVVector@@PAUentity_t@@@Z 0041dd50 f   portals.obj
 0001:0001cde0       ?FloodEntities@@YAHPAUtree_t@@@Z 0041dde0 f   portals.obj
 0001:0001cfb0       ?FloodAreas_r@@YAXPAUnode_t@@PAUportal_t@@@Z 0041dfb0 f   portals.obj
 0001:0001d0c0       ?FindAreas_r@@YAXPAUnode_t@@@Z 0041e0c0 f   portals.obj
 0001:0001d120       ?ReportAreaportalLeak@@YAXPAUtree_t@@PAUnode_t@@@Z 0041e120 f   portals.obj
 0001:0001d240       ?SetAreaPortalAreas_r@@YAXPAUtree_t@@PAUnode_t@@@Z 0041e240 f   portals.obj
 0001:0001d2c0       ?FindUniquePoints@@YAHPBVVector2D@@HPAHHM@Z 0041e2c0 f   portals.obj
 0001:0001d420       ?Convex2D@@YAHPBVVector2D@@HPAHH@Z 0041e420 f   portals.obj
 0001:0001d800       ?SetNodeAreaIndices_R@@YAXPAUnode_t@@@Z 0041e800 f   portals.obj
 0001:0001d840       ?FloodAreas@@YAXPAUtree_t@@@Z 0041e840 f   portals.obj
 0001:0001d8b0       ?FillOutside_r@@YAXPAUnode_t@@@Z 0041e8b0 f   portals.obj
 0001:0001d910       ?FillOutside@@YAXPAUnode_t@@@Z 0041e910 f   portals.obj
 0001:0001d970       ??0?$CFmtStrN@$0BAA@@@QAA@PBDZZ 0041e970 f i portals.obj
 0001:0001d9a0       ?MakeNodePortal@@YAXPAUnode_t@@@Z 0041e9a0 f   portals.obj
 0001:0001db70       ??4portal_t@@QAEAAU0@ABU0@@Z 0041eb70 f i portals.obj
 0001:0001dbe0       ?MakeHeadnodePortals@@YAXPAUtree_t@@@Z 0041ebe0 f   portals.obj
 0001:0001de10       ?SplitNodePortals@@YAXPAUnode_t@@@Z 0041ee10 f   portals.obj
 0001:0001e1a0       ?MakeTreePortals_r@@YAXPAUnode_t@@@Z 0041f1a0 f   portals.obj
 0001:0001e2d0       ?MakeTreePortals@@YAXPAUtree_t@@@Z 0041f2d0 f   portals.obj
 0001:0001e2f0       ?FindPortalsLeadingToArea_R@@YAXPAUnode_t@@HHPAUplane_t@@AAV?$CUtlVector@PAUportal_t@@V?$CUtlMemory@PAUportal_t@@H@@@@@Z 0041f2f0 f   portals.obj
 0001:0001e490       ?EmitClipPortalGeometry@@YAXPAUnode_t@@PAUportal_t@@HPAUdareaportal_t@@@Z 0041f490 f   portals.obj
 0001:0001e960       ?EmitAreaPortals@@YAXPAUnode_t@@@Z 0041f960 f   portals.obj
 0001:0001ed10       ?FindPortalSide@@YAXPAUportal_t@@@Z 0041fd10 f   portals.obj
 0001:0001ef00       ?MarkVisibleSides_r@@YAXPAUnode_t@@@Z 0041ff00 f   portals.obj
 0001:0001ef80       ?MarkVisibleSides@@YAXPAUtree_t@@HHH@Z 0041ff80 f   portals.obj
 0001:0001f070       ?MarkVisibleSides@@YAXPAUtree_t@@PAPAUmapbrush_t@@H@Z 00420070 f   portals.obj
 0001:0001f130       ?VolumeOfIntersection@@YAMPAUbspbrush_t@@PAUnode_t@@@Z 00420130 f   prtfile.obj
 0001:0001f1a0       ?CreateVisPortals_r@@YAXPAUnode_t@@@Z 004201a0 f   prtfile.obj
 0001:0001f1e0       ?SaveClusters_r@@YAXPAUnode_t@@@Z 004201e0 f   prtfile.obj
 0001:0001f230       ?Grow@?$CUtlMemory@Ucluster_portals_t@@H@@QAEXH@Z 00420230 f i prtfile.obj
 0001:0001f230       ?Grow@?$CUtlMemory@U?$UtlRBTreeNode_t@UNameTranslationLookup_t@@H@@H@@QAEXH@Z 00420230 f i materialpatch.obj
 0001:0001f230       ?Grow@?$CUtlMemory@VCDispVert@@H@@QAEXH@Z 00420230 f i disp_vbsp.obj
 0001:0001f230       ?Grow@?$CUtlMemory@V?$CUtlVector@HV?$CUtlMemory@HH@@@@H@@QAEXH@Z 00420230 f i cubemap.obj
 0001:0001f2d0       ?WritePortalFile@@YAXPAU_iobuf@@ABV?$CUtlVector@Ucluster_portals_t@@V?$CUtlMemory@Ucluster_portals_t@@H@@@@@Z 004202d0 f   prtfile.obj
 0001:0001f520       ?NumberLeafs@@YAXABV?$CUtlVector@PAUnode_t@@V?$CUtlMemory@PAUnode_t@@H@@@@@Z 00420520 f   prtfile.obj
 0001:0001f650       ?InsertBefore@?$CUtlVector@Uviscluster_t@@V?$CUtlMemory@Uviscluster_t@@H@@@@QAEHHABUviscluster_t@@@Z 00420650 f i prtfile.obj
 0001:0001f6d0       ?AddVisCluster@@YAXPAUentity_t@@@Z 004206d0 f   prtfile.obj
 0001:0001f750       ?BuildVisLeafList_r@@YAXPAUnode_t@@AAV?$CUtlVector@PAUnode_t@@V?$CUtlMemory@PAUnode_t@@H@@@@@Z 00420750 f   prtfile.obj
 0001:0001f7e0       ?BuildPortalList@@YAHAAV?$CUtlVector@Ucluster_portals_t@@V?$CUtlMemory@Ucluster_portals_t@@H@@@@ABV?$CUtlVector@PAUnode_t@@V?$CUtlMemory@PAUnode_t@@H@@@@@Z 004207e0 f   prtfile.obj
 0001:0001f8d0       ?RemoveAll@?$CUtlVector@V?$CUtlVector@HV?$CUtlMemory@HH@@@@V?$CUtlMemory@V?$CUtlVector@HV?$CUtlMemory@HH@@@@H@@@@QAEXXZ 004208d0 f i cubemap.obj
 0001:0001f8d0       ?RemoveAll@?$CUtlVector@Ucluster_portals_t@@V?$CUtlMemory@Ucluster_portals_t@@H@@@@QAEXXZ 004208d0 f i prtfile.obj
 0001:0001f970       ??4?$CUtlVector@PAUportal_t@@V?$CUtlMemory@PAUportal_t@@H@@@@QAEAAV0@ABV0@@Z 00420970 f i prtfile.obj
 0001:0001f9f0       ?InsertMultipleBefore@?$CUtlVector@Ucluster_portals_t@@V?$CUtlMemory@Ucluster_portals_t@@H@@@@QAEHHHPBUcluster_portals_t@@@Z 004209f0 f i prtfile.obj
 0001:0001fae0       ?WritePortalFile@@YAXPAUtree_t@@@Z 00420ae0 f   prtfile.obj
 0001:0001fc90       ?CopyArray@?$CUtlVector@DV?$CUtlMemory@DH@@@@QAEXPBDH@Z 00420c90 f i scratchpad3d.obj
 0001:0001fd00       ?Studio_ConvertStudioHdrToNewVersion@@YA_NPAUstudiohdr_t@@@Z 00420d00 f i staticprop.obj
 0001:0001fe50       ?IsStaticProp@@YA?AW4isstaticprop_ret@@PAUstudiohdr_t@@@Z 00420e50 f   staticprop.obj
 0001:0001ff00       ?CacheVertexData@mstudiomodel_t@@QAEPBUvertexFileHeader_t@@PAX@Z 00420f00 f   staticprop.obj
 0001:000200c0       ?GetVertexData@mstudiomodel_t@@QAEPBUmstudio_modelvertexdata_t@@PAX@Z 004210c0 f i staticprop.obj
 0001:00020130       ?LoadStudioModel@@YA_NPBD0AAVCUtlBuffer@@@Z 00421130 f   staticprop.obj
 0001:000204b0       ?Grow@?$CUtlMemory@UStaticPropLump_t@@H@@QAEXH@Z 004214b0 f i staticprop.obj
 0001:00020560       ?Parent@?$CUtlRBTree@UModelCollisionLookup_t@@GP6A_NABU1@0@ZV?$CUtlMemory@U?$UtlRBTreeNode_t@UModelCollisionLookup_t@@G@@G@@@@QBEGG@Z 00421560 f i staticprop.obj
 0001:000206e0       ?LeftChild@?$CUtlRBTree@UModelCollisionLookup_t@@GP6A_NABU1@0@ZV?$CUtlMemory@U?$UtlRBTreeNode_t@UModelCollisionLookup_t@@G@@G@@@@QBEGG@Z 004216e0 f i staticprop.obj
 0001:00020740       ?RightChild@?$CUtlRBTree@UModelCollisionLookup_t@@GP6A_NABU1@0@ZV?$CUtlMemory@U?$UtlRBTreeNode_t@UModelCollisionLookup_t@@G@@G@@@@QBEGG@Z 00421740 f i staticprop.obj
 0001:000207a0       ?FindInsertionPosition@?$CUtlRBTree@UModelCollisionLookup_t@@GP6A_NABU1@0@ZV?$CUtlMemory@U?$UtlRBTreeNode_t@UModelCollisionLookup_t@@G@@G@@@@IAEXABUModelCollisionLookup_t@@AAGAA_N@Z 004217a0 f i staticprop.obj
 0001:00020890       ?NewNode@?$CUtlRBTree@UModelCollisionLookup_t@@GP6A_NABU1@0@ZV?$CUtlMemory@U?$UtlRBTreeNode_t@UModelCollisionLookup_t@@G@@G@@@@QAEGXZ 00421890 f i staticprop.obj
 0001:00020990       ?RotateLeft@?$CUtlRBTree@UModelCollisionLookup_t@@GP6A_NABU1@0@ZV?$CUtlMemory@U?$UtlRBTreeNode_t@UModelCollisionLookup_t@@G@@G@@@@IAEXG@Z 00421990 f i staticprop.obj
 0001:00020a80       ?RotateRight@?$CUtlRBTree@UModelCollisionLookup_t@@GP6A_NABU1@0@ZV?$CUtlMemory@U?$UtlRBTreeNode_t@UModelCollisionLookup_t@@G@@G@@@@IAEXG@Z 00421a80 f i staticprop.obj
 0001:00020b70       ?Find@?$CUtlRBTree@UModelCollisionLookup_t@@GP6A_NABU1@0@ZV?$CUtlMemory@U?$UtlRBTreeNode_t@UModelCollisionLookup_t@@G@@G@@@@QBEGABUModelCollisionLookup_t@@@Z 00421b70 f i staticprop.obj
 0001:00020c70       ?RemoveAll@?$CUtlRBTree@UModelCollisionLookup_t@@GP6A_NABU1@0@ZV?$CUtlMemory@U?$UtlRBTreeNode_t@UModelCollisionLookup_t@@G@@G@@@@QAEXXZ 00421c70 f i staticprop.obj
 0001:00020d30       ?InsertRebalance@?$CUtlRBTree@UModelCollisionLookup_t@@GP6A_NABU1@0@ZV?$CUtlMemory@U?$UtlRBTreeNode_t@UModelCollisionLookup_t@@G@@G@@@@IAEXG@Z 00421d30 f i staticprop.obj
 0001:00021490       ?AddToTail@?$CUtlVector@UStaticPropLump_t@@V?$CUtlMemory@UStaticPropLump_t@@H@@@@QAEHXZ 00422490 f i staticprop.obj
 0001:000214e0       ?LinkToParent@?$CUtlRBTree@UModelCollisionLookup_t@@GP6A_NABU1@0@ZV?$CUtlMemory@U?$UtlRBTreeNode_t@UModelCollisionLookup_t@@G@@G@@@@IAEXGG_N@Z 004224e0 f i staticprop.obj
 0001:00021650       ?ComputeConvexHull@@YAPAVCPhysCollide@@PAUstudiohdr_t@@@Z 00422650 f   staticprop.obj
 0001:00021970       ??1?$CUtlRBTree@UModelCollisionLookup_t@@GP6A_NABU1@0@ZV?$CUtlMemory@U?$UtlRBTreeNode_t@UModelCollisionLookup_t@@G@@G@@@@QAE@XZ 00422970 f i staticprop.obj
 0001:000219e0       ?Insert@?$CUtlRBTree@UModelCollisionLookup_t@@GP6A_NABU1@0@ZV?$CUtlMemory@U?$UtlRBTreeNode_t@UModelCollisionLookup_t@@G@@G@@@@QAEGABUModelCollisionLookup_t@@@Z 004229e0 f i staticprop.obj
 0001:00021e40       ?EmitStaticProps@@YAXXZ    00422e40 f   staticprop.obj
 0001:00022170       _cosf                      00423170 f i textures.obj
 0001:00022180       ?GetTexData@@YAPAUdtexdata_t@@H@Z 00423180 f   textures.obj
 0001:000221d0       ?FindMiptex@@YAHPBD@Z      004231d0 f   textures.obj
 0001:00022970       ?TextureAxisFromPlane@@YAXPAUplane_t@@AAVVector@@1@Z 00423970 f   textures.obj
 0001:00022af0       ?GetSurfaceProperties@@YAHPAXPBD@Z 00423af0 f   textures.obj
 0001:00022b70       ?GetSurfaceProperties2@@YAHPAXPBD@Z 00423b70 f   textures.obj
 0001:00022be0       ?FindAliasedTexData@@YAHPBDPAUdtexdata_t@@@Z 00423be0 f   textures.obj
 0001:00022d70       ?FindTexData@@YAHPBD@Z     00423d70 f   textures.obj
 0001:00022dd0       ?FindOrCreateTexData@@YAHPBD@Z 00423dd0 f   textures.obj
 0001:00022ed0       ?LoadSurfacePropFile@@YAXPBD@Z 00423ed0 f   textures.obj
 0001:00022f50       ?LoadSurfaceProperties@@YAXXZ 00423f50 f   textures.obj
 0001:00023000       ?AddCloneTexData@@YAHPAUdtexdata_t@@PBD@Z 00424000 f   textures.obj
 0001:00023090       ?FindTexInfo@@YAHABUtexinfo_s@@@Z 00424090 f   textures.obj
 0001:000230f0       ?FindOrCreateTexInfo@@YAHABUtexinfo_s@@@Z 004240f0 f   textures.obj
 0001:00023140       ?TexinfoForBrushTexture@@YAHPAUplane_t@@PAUbrush_texture_t@@ABVVector@@@Z 00424140 f   textures.obj
 0001:00023520       ?NodeForPoint@@YAPAUnode_t@@PAU1@AAVVector@@@Z 00424520 f   tree.obj
 0001:00023590       ?FreeTreePortals_r@@YAXPAUnode_t@@@Z 00424590 f   tree.obj
 0001:00023600       ?FreeTree_r@@YAXPAUnode_t@@@Z 00424600 f   tree.obj
 0001:00023680       ?FreeTree@@YAXPAUtree_t@@@Z 00424680 f   tree.obj
 0001:000236b0       ?PruneNodes_r@@YAXPAUnode_t@@@Z 004246b0 f   tree.obj
 0001:00023770       ?PruneNodes@@YAXPAUnode_t@@@Z 00424770 f   tree.obj
 0001:000237b0       ??0MaterialSystem_Config_t@@QAE@XZ 004247b0 f i utilmatlib.obj
 0001:00023890       ?LoadMaterialSystemInterface@@YAXP6APAXPBDPAH@Z@Z 00424890 f   utilmatlib.obj
 0001:00023940       ?InitMaterialSystem@@YAXPBDP6APAX0PAH@Z@Z 00424940 f   utilmatlib.obj
 0001:00023980       ?ShutdownMaterialSystem@@YAXXZ 00424980 f   utilmatlib.obj
 0001:000239a0       ?FindMaterial@@YAPAXPBDPA_N_N@Z 004249a0 f   utilmatlib.obj
 0001:000239f0       ?GetMaterialDimensions@@YAXPAXPAH1@Z 004249f0 f   utilmatlib.obj
 0001:00023a30       ?GetMaterialReflectivity@@YAXPAXPAM@Z 00424a30 f   utilmatlib.obj
 0001:00023a90       ?GetMaterialShaderPropertyBool@@YAHPAXH@Z 00424a90 f   utilmatlib.obj
 0001:00023ad0       ?GetMaterialShaderPropertyInt@@YAHPAXH@Z 00424ad0 f   utilmatlib.obj
 0001:00023b10       ?GetMaterialVar@@YAPBDPAXPBD@Z 00424b10 f   utilmatlib.obj
 0001:00023b40       ?GetMaterialShaderName@@YAPBDPAX@Z 00424b40 f   utilmatlib.obj
 0001:00023b60       ?BlockTree@@YAPAUnode_t@@HHHH@Z 00424b60 f   vbsp.obj
 0001:00023c80       ?ProcessBlock_Thread@@YAXHH@Z 00424c80 f   vbsp.obj
 0001:00023da0       ?ProcessSubModel@@YAXXZ    00424da0 f   vbsp.obj
 0001:00023ea0       ?IsFuncOccluder@@YA_NH@Z   00424ea0 f   vbsp.obj
 0001:00023f00       ?FixupOnlyEntsOccluderEntities@@YAXXZ 00424f00 f   vbsp.obj
 0001:00023fc0       ?Grow@?$CUtlMemory@Udoccluderdata_t@@H@@QAEXH@Z 00424fc0 f i vbsp.obj
 0001:00024060       ?Grow@?$CUtlMemory@VVector@@H@@QAEXH@Z 00425060 f i disp_ivp.obj
 0001:00024060       ?Grow@?$CUtlMemory@Udoccluderpolydata_t@@H@@QAEXH@Z 00425060 f i vbsp.obj
 0001:00024100       ?AssignAreaToOccluder@@YAXHPAUtree_t@@_N@Z 00425100 f   vbsp.obj
 0001:000242e0       ?AssignOccluderAreas@@YAXPAUtree_t@@@Z 004252e0 f   vbsp.obj
 0001:00024330       ?MarkNoDynamicShadowSides@@YAXXZ 00425330 f   vbsp.obj
 0001:00024390       ?Is3DSkyboxArea@@YA_NH@Z   00425390 f   vbsp.obj
 0001:00024840       ?ProcessWorldModel@@YAXXZ  00425840 f   vbsp.obj
 0001:00025100       ?ProcessModels@@YAXXZ      00426100 f   vbsp.obj
 0001:000251a0       ?RunVBSP@@YAHHPAPAD@Z      004261a0 f   vbsp.obj
 0001:00025f70       _main                      00426f70 f   vbsp.obj
 0001:00025fd0       ?CreateWorldVertexTransitionPatchedMaterial@@YAXPBD0@Z 00426fd0 f   worldvertextransitionfixup.obj
 0001:00026150       ?Grow@?$CUtlMemory@Uface_vert_table_t@@H@@QAEXH@Z 00427150 f i faces.obj
 0001:00026150       ?Grow@?$CUtlMemory@VVector2D@@H@@QAEXH@Z 00427150 f i disp_vbsp.obj
 0001:00026150       ?Grow@?$CUtlMemory@UentitySideList_t@@H@@QAEXH@Z 00427150 f i worldvertextransitionfixup.obj
 0001:00026200       ?CreateBrushVersionOfWorldVertexTransitionMaterial@@YAHH@Z 00427200 f   worldvertextransitionfixup.obj
 0001:000262f0       ?WorldVertexTransitionFixup@@YAXXZ 004272f0 f   worldvertextransitionfixup.obj
 0001:00026490       ?CaselessStringLessThan@@YA_NABQBD0@Z 00427490 f i writebsp.obj
 0001:000264b0       ?SetDynamicShadowsEnabled@dface_t@@QAEX_N@Z 004274b0 f i writebsp.obj
 0001:000264e0       ?EmitPlanes@@YAXXZ         004274e0 f   writebsp.obj
 0001:00026600       ?EmitMarkFace@@YAXPAUdleaf_t@@PAUface_t@@@Z 00427600 f   writebsp.obj
 0001:000266b0       ?EmitLeaf@@YAXPAUnode_t@@@Z 004276b0 f   writebsp.obj
 0001:00026890       ?CreateOrigFace@@YAHPAUface_t@@@Z 00427890 f   writebsp.obj
 0001:00026ae0       ?FindOrigFace@@YAHPAUface_t@@@Z 00427ae0 f   writebsp.obj
 0001:00026b40       ?FindOrCreateOrigFace@@YAHPAUface_t@@@Z 00427b40 f   writebsp.obj
 0001:00026b80       ?FreeLeafFaces@@YAXPAUface_t@@@Z 00427b80 f   writebsp.obj
 0001:00026bb0       ?SetModelNumbers@@YAXXZ    00427bb0 f   writebsp.obj
 0001:00026c30       ?SetLightStyles@@YAXXZ     00427c30 f   writebsp.obj
 0001:00026db0       ?EmitBrushes@@YAXXZ        00427db0 f   writebsp.obj
 0001:00026f90       ?BeginBSPFile@@YAXXZ       00427f90 f   writebsp.obj
 0001:00026fd0       ?EnsurePresenceOfWaterLODControlEntity@@YAXXZ 00427fd0 f   writebsp.obj
 0001:00027090       ?BeginModel@@YAXXZ         00428090 f   writebsp.obj
 0001:00027180       ?EndModel@@YAXXZ           00428180 f   writebsp.obj
 0001:000271b0       ?Parent@?$CUtlRBTree@UNode_t@?$CUtlMap@PBDHH@@HVCKeyLess@2@V?$CUtlMemory@U?$UtlRBTreeNode_t@UNode_t@?$CUtlMap@PBDHH@@H@@H@@@@QBEHH@Z 004281b0 f i writebsp.obj
 0001:00027390       ?IsBoxInsideWorld@@YA_NHAAV?$CUtlVector@HV?$CUtlMemory@HH@@@@ABVVector@@1@Z 00428390 f   writebsp.obj
 0001:00027440       ?AddDispsToBounds@@YAXHAAV?$CUtlVector@HV?$CUtlMemory@HH@@@@AAVVector@@1@Z 00428440 f   writebsp.obj
 0001:00027550       ?ComputeBoundsNoSkybox@@YAXXZ 00428550 f   writebsp.obj
 0001:00027690       ?RightChild@?$CUtlRBTree@UNode_t@?$CUtlMap@PBDHH@@HVCKeyLess@2@V?$CUtlMemory@U?$UtlRBTreeNode_t@UNode_t@?$CUtlMap@PBDHH@@H@@H@@@@QBEHH@Z 00428690 f i writebsp.obj
 0001:000276f0       ?FindInsertionPosition@?$CUtlRBTree@UNode_t@?$CUtlMap@PBDHH@@HVCKeyLess@2@V?$CUtlMemory@U?$UtlRBTreeNode_t@UNode_t@?$CUtlMap@PBDHH@@H@@H@@@@IAEXABUNode_t@?$CUtlMap@PBDHH@@AAHAA_N@Z 004286f0 f i writebsp.obj
 0001:000277e0       ?NewNode@?$CUtlRBTree@UNode_t@?$CUtlMap@PBDHH@@HVCKeyLess@2@V?$CUtlMemory@U?$UtlRBTreeNode_t@UNode_t@?$CUtlMap@PBDHH@@H@@H@@@@QAEHXZ 004287e0 f i writebsp.obj
 0001:000278a0       ?FirstInorder@?$CUtlRBTree@UNode_t@?$CUtlMap@PBDHH@@HVCKeyLess@2@V?$CUtlMemory@U?$UtlRBTreeNode_t@UNode_t@?$CUtlMap@PBDHH@@H@@H@@@@QBEHXZ 004288a0 f i writebsp.obj
 0001:00027940       ?InsertMultipleBefore@?$CUtlVector@Utexinfo_s@@V?$CUtlMemory@Utexinfo_s@@H@@@@QAEHHHPBUtexinfo_s@@@Z 00428940 f i writebsp.obj
 0001:000279f0       ?IsRightChild@?$CUtlRBTree@UNode_t@?$CUtlMap@PBDHH@@HVCKeyLess@2@V?$CUtlMemory@U?$UtlRBTreeNode_t@UNode_t@?$CUtlMap@PBDHH@@H@@H@@@@QBE_NH@Z 004289f0 f i writebsp.obj
 0001:00027aa0       ?IsLeftChild@?$CUtlRBTree@UNode_t@?$CUtlMap@PBDHH@@HVCKeyLess@2@V?$CUtlMemory@U?$UtlRBTreeNode_t@UNode_t@?$CUtlMap@PBDHH@@H@@H@@@@QBE_NH@Z 00428aa0 f i writebsp.obj
 0001:00027b50       ?RotateLeft@?$CUtlRBTree@UNode_t@?$CUtlMap@PBDHH@@HVCKeyLess@2@V?$CUtlMemory@U?$UtlRBTreeNode_t@UNode_t@?$CUtlMap@PBDHH@@H@@H@@@@IAEXH@Z 00428b50 f i writebsp.obj
 0001:00027d00       ?RotateRight@?$CUtlRBTree@UNode_t@?$CUtlMap@PBDHH@@HVCKeyLess@2@V?$CUtlMemory@U?$UtlRBTreeNode_t@UNode_t@?$CUtlMap@PBDHH@@H@@H@@@@IAEXH@Z 00428d00 f i writebsp.obj
 0001:00027e70       ?Find@?$CUtlRBTree@UNode_t@?$CUtlMap@PBDHH@@HVCKeyLess@2@V?$CUtlMemory@U?$UtlRBTreeNode_t@UNode_t@?$CUtlMap@PBDHH@@H@@H@@@@QBEHABUNode_t@?$CUtlMap@PBDHH@@@Z 00428e70 f i writebsp.obj
 0001:00027f60       ?RemoveAll@?$CUtlRBTree@UNode_t@?$CUtlMap@PBDHH@@HVCKeyLess@2@V?$CUtlMemory@U?$UtlRBTreeNode_t@UNode_t@?$CUtlMap@PBDHH@@H@@H@@@@QAEXXZ 00428f60 f i writebsp.obj
 0001:00028020       ?NextInorder@?$CUtlRBTree@UNode_t@?$CUtlMap@PBDHH@@HVCKeyLess@2@V?$CUtlMemory@U?$UtlRBTreeNode_t@UNode_t@?$CUtlMap@PBDHH@@H@@H@@@@QBEHH@Z 00429020 f i writebsp.obj
 0001:00028190       ?InsertMultipleBefore@?$CUtlVector@Udtexdata_t@@V?$CUtlMemory@Udtexdata_t@@H@@@@QAEHHHPBUdtexdata_t@@@Z 00429190 f i writebsp.obj
 0001:000283a0       ?InsertRebalance@?$CUtlRBTree@UNode_t@?$CUtlMap@PBDHH@@HVCKeyLess@2@V?$CUtlMemory@U?$UtlRBTreeNode_t@UNode_t@?$CUtlMap@PBDHH@@H@@H@@@@IAEXH@Z 004293a0 f i writebsp.obj
 0001:00028800       ?LinkToParent@?$CUtlRBTree@UNode_t@?$CUtlMap@PBDHH@@HVCKeyLess@2@V?$CUtlMemory@U?$UtlRBTreeNode_t@UNode_t@?$CUtlMap@PBDHH@@H@@H@@@@IAEXHH_N@Z 00429800 f i writebsp.obj
 0001:00028870       ?AddToTail@?$CUtlVector@Udfaceid_t@@V?$CUtlMemory@Udfaceid_t@@H@@@@QAEHXZ 00429870 f i writebsp.obj
 0001:000288c0       ?EmitFace@@YAXPAUface_t@@H@Z 004298c0 f   writebsp.obj
 0001:00028ae0       ?EmitLeafFaces@@YAXPAUface_t@@@Z 00429ae0 f   writebsp.obj
 0001:00028d80       ?EmitDrawNode_r@@YAHPAUnode_t@@@Z 00429d80 f   writebsp.obj
 0001:00028ee0       ?WriteBSP@@YAXPAUnode_t@@PAUface_t@@@Z 00429ee0 f   writebsp.obj
 0001:00029000       ?CopyArray@?$CUtlVector@HV?$CUtlMemory@HH@@@@QAEXPBHH@Z 0042a000 f i writebsp.obj
 0001:00029080       ?ComapctTexinfoArray@@YAXPAUtexinfomap_t@@@Z 0042a080 f   writebsp.obj
 0001:00029190       ?CopyArray@?$CUtlVector@Udtexdata_t@@V?$CUtlMemory@Udtexdata_t@@H@@@@QAEXPBUdtexdata_t@@H@Z 0042a190 f i writebsp.obj
 0001:00029340       ?CompactTexdataArray@@YAXPAUtexdatamap_t@@@Z 0042a340 f   writebsp.obj
 0001:000294e0       ?CompactTexinfos@@YAXXZ    0042a4e0 f   writebsp.obj
 0001:000298b0       ?Insert@?$CUtlDict@HH@@QAEHPBDABH@Z 0042a8b0 f i writebsp.obj
 0001:00029960       ?DiscoverMacroTextures@@YAXXZ 0042a960 f   writebsp.obj
 0001:00029b40       ?EndBSPFile@@YAXXZ         0042ab40 f   writebsp.obj
 0001:00029c00       ?CreateTempFile@CWin32File@@SAPAXAAVCUtlString@@0@Z 0042ac00 f i zip_utils.obj
 0001:00029d10       ?FileTell@CWin32File@@SAIPAX@Z 0042ad10 f i zip_utils.obj
 0001:00029d60       ?Put@CFileStream@@UAEXPBXH@Z 0042ad60 f i zip_utils.obj
 0001:00029da0       ?Tell@CFileStream@@UAEIXZ  0042ada0 f i zip_utils.obj
 0001:00029e00       ??0CZipEntry@CZipFile@@QAE@ABV01@@Z 0042ae00 f   zip_utils.obj
 0001:00029e70       ?ZipFileLessFunc_CaselessSort@CZipEntry@CZipFile@@SA_NABV12@0@Z 0042ae70 f   zip_utils.obj
 0001:00029ed0       ?ParseXZipCommentString@CZipFile@@AAEXPBD@Z 0042aed0 f   zip_utils.obj
 0001:00029f40       ?SetBigEndian@CZip@@UAEX_N@Z 0042af40 f   zip_utils.obj
 0001:00029f70       ?ActivateByteSwapping@CZip@@UAEX_N@Z 0042af70 f   zip_utils.obj
 0001:00029fa0       ?ForceAlignment@CZip@@UAEX_N0I@Z 0042afa0 f   zip_utils.obj
 0001:00029fd0       ?GetAlignment@CZip@@UAEIXZ 0042afd0 f   zip_utils.obj
 0001:00029fe0       ?Put@CBufferStream@@UAEXPBXH@Z 0042afe0 f i zip_utils.obj
 0001:00029ff0       ?Tell@CBufferStream@@UAEIXZ 0042aff0 f i zip_utils.obj
 0001:0002a000       ?Color@?$CUtlRBTree@VCZipEntry@CZipFile@@HP6A_NABV12@0@ZV?$CUtlMemory@U?$UtlRBTreeNode_t@VCZipEntry@CZipFile@@H@@H@@@@IBE?AW4NodeColor_t@1@H@Z 0042b000 f i zip_utils.obj
 0001:0002a050       ?Grow@?$CUtlMemory@U?$UtlLinkedListElem_t@PAVCZip@@G@@G@@QAEXH@Z 0042b050 f i zip_utils.obj
 0001:0002a110       ??$PutTypeBin@D@CUtlBuffer@@IAEXD@Z 0042b110 f i zip_utils.obj
 0001:0002a140       ??$GetObjects@UZIP_EndOfCentralDirRecord@@@CUtlBuffer@@QAEXPAUZIP_EndOfCentralDirRecord@@H@Z 0042b140 f i zip_utils.obj
 0001:0002a1c0       ??$GetObjects@UZIP_FileHeader@@@CUtlBuffer@@QAEXPAUZIP_FileHeader@@H@Z 0042b1c0 f i zip_utils.obj
 0001:0002a230       ?Parent@?$CUtlRBTree@VCZipEntry@CZipFile@@HP6A_NABV12@0@ZV?$CUtlMemory@U?$UtlRBTreeNode_t@VCZipEntry@CZipFile@@H@@H@@@@QBEHH@Z 0042b230 f i zip_utils.obj
 0001:0002a280       ?LeftChild@?$CUtlRBTree@VCZipEntry@CZipFile@@HP6A_NABV12@0@ZV?$CUtlMemory@U?$UtlRBTreeNode_t@VCZipEntry@CZipFile@@H@@H@@@@QBEHH@Z 0042b280 f i zip_utils.obj
 0001:0002a2d0       ?RightChild@?$CUtlRBTree@VCZipEntry@CZipFile@@HP6A_NABV12@0@ZV?$CUtlMemory@U?$UtlRBTreeNode_t@VCZipEntry@CZipFile@@H@@H@@@@QBEHH@Z 0042b2d0 f i zip_utils.obj
 0001:0002a320       ?IsRightChild@?$CUtlRBTree@VCZipEntry@CZipFile@@HP6A_NABV12@0@ZV?$CUtlMemory@U?$UtlRBTreeNode_t@VCZipEntry@CZipFile@@H@@H@@@@QBE_NH@Z 0042b320 f i zip_utils.obj
 0001:0002a3d0       ?FindInsertionPosition@?$CUtlRBTree@VCZipEntry@CZipFile@@HP6A_NABV12@0@ZV?$CUtlMemory@U?$UtlRBTreeNode_t@VCZipEntry@CZipFile@@H@@H@@@@IAEXABVCZipEntry@CZipFile@@AAHAA_N@Z 0042b3d0 f i zip_utils.obj
 0001:0002a4c0       ?NewNode@?$CUtlRBTree@VCZipEntry@CZipFile@@HP6A_NABV12@0@ZV?$CUtlMemory@U?$UtlRBTreeNode_t@VCZipEntry@CZipFile@@H@@H@@@@QAEHXZ 0042b4c0 f i zip_utils.obj
 0001:0002a5c0       ?AllocInternal@?$CUtlLinkedList@PAVCZip@@G$0A@GV?$CUtlMemory@U?$UtlLinkedListElem_t@PAVCZip@@G@@G@@@@IAEG_N@Z 0042b5c0 f i zip_utils.obj
 0001:0002a6e0       ?IsLeftChild@?$CUtlRBTree@VCZipEntry@CZipFile@@HP6A_NABV12@0@ZV?$CUtlMemory@U?$UtlRBTreeNode_t@VCZipEntry@CZipFile@@H@@H@@@@QBE_NH@Z 0042b6e0 f i zip_utils.obj
 0001:0002a790       ?RotateLeft@?$CUtlRBTree@VCZipEntry@CZipFile@@HP6A_NABV12@0@ZV?$CUtlMemory@U?$UtlRBTreeNode_t@VCZipEntry@CZipFile@@H@@H@@@@IAEXH@Z 0042b790 f i zip_utils.obj
 0001:0002a990       ?RotateRight@?$CUtlRBTree@VCZipEntry@CZipFile@@HP6A_NABV12@0@ZV?$CUtlMemory@U?$UtlRBTreeNode_t@VCZipEntry@CZipFile@@H@@H@@@@IAEXH@Z 0042b990 f i zip_utils.obj
 0001:0002ab90       ?PutTabs@CUtlBuffer@@IAEXXZ 0042bb90 f i zip_utils.obj
 0001:0002ad00       ?Find@?$CUtlRBTree@VCZipEntry@CZipFile@@HP6A_NABV12@0@ZV?$CUtlMemory@U?$UtlRBTreeNode_t@VCZipEntry@CZipFile@@H@@H@@@@QBEHABVCZipEntry@CZipFile@@@Z 0042bd00 f i zip_utils.obj
 0001:0002adf0       ?RemoveAll@?$CUtlRBTree@VCZipEntry@CZipFile@@HP6A_NABV12@0@ZV?$CUtlMemory@U?$UtlRBTreeNode_t@VCZipEntry@CZipFile@@H@@H@@@@QAEXXZ 0042bdf0 f i zip_utils.obj
 0001:0002aed0       ?FirstInorder@?$CUtlRBTree@VCZipEntry@CZipFile@@HP6A_NABV12@0@ZV?$CUtlMemory@U?$UtlRBTreeNode_t@VCZipEntry@CZipFile@@H@@H@@@@QBEHXZ 0042bed0 f i zip_utils.obj
 0001:0002af60       ?NextInorder@?$CUtlRBTree@VCZipEntry@CZipFile@@HP6A_NABV12@0@ZV?$CUtlMemory@U?$UtlRBTreeNode_t@VCZipEntry@CZipFile@@H@@H@@@@QBEHH@Z 0042bf60 f i zip_utils.obj
 0001:0002b110       ?InsertRebalance@?$CUtlRBTree@VCZipEntry@CZipFile@@HP6A_NABV12@0@ZV?$CUtlMemory@U?$UtlRBTreeNode_t@VCZipEntry@CZipFile@@H@@H@@@@IAEXH@Z 0042c110 f i zip_utils.obj
 0001:0002b560       ?RemoveRebalance@?$CUtlRBTree@VCZipEntry@CZipFile@@HP6A_NABV12@0@ZV?$CUtlMemory@U?$UtlRBTreeNode_t@VCZipEntry@CZipFile@@H@@H@@@@IAEXH@Z 0042c560 f i zip_utils.obj
 0001:0002bf30       ?Unlink@?$CUtlLinkedList@PAVCZip@@G$0A@GV?$CUtlMemory@U?$UtlLinkedListElem_t@PAVCZip@@G@@G@@@@QAEXG@Z 0042cf30 f i zip_utils.obj
 0001:0002bfc0       ??1CDatadescGeneratedNameHolder@@QAE@XZ 0042cfc0 f i zip_utils.obj
 0001:0002c040       ?ReadFileFromZip@CZipFile@@QAE_NPBD_NAAVCUtlBuffer@@@Z 0042d040 f   zip_utils.obj
 0001:0002c150       ?ReadFileFromZip@CZipFile@@QAE_NPAXPBD_NAAVCUtlBuffer@@@Z 0042d150 f   zip_utils.obj
 0001:0002c2e0       ?FileExistsInZip@CZipFile@@QAE_NPBD@Z 0042d2e0 f   zip_utils.obj
 0001:0002c390       ?CalculateSize@CZipFile@@QAEIXZ 0042d390 f   zip_utils.obj
 0001:0002c480       ?PrintDirectory@CZipFile@@QAEXXZ 0042d480 f   zip_utils.obj
 0001:0002c4d0       ?SaveDirectory@CZipFile@@AAEXAAVIWriteStream@@@Z 0042d4d0 f   zip_utils.obj
 0001:0002c9d0       ?FileExistsInZip@CZip@@UAE_NPBD@Z 0042d9d0 f   zip_utils.obj
 0001:0002c9e0       ?ReadFileFromZip@CZip@@UAE_NPBD_NAAVCUtlBuffer@@@Z 0042d9e0 f   zip_utils.obj
 0001:0002c9f0       ?ReadFileFromZip@CZip@@UAE_NPAXPBD_NAAVCUtlBuffer@@@Z 0042d9f0 f   zip_utils.obj
 0001:0002ca00       ?GetNextFilename@CZip@@UAEHHPADHAAH@Z 0042da00 f   zip_utils.obj
 0001:0002ca70       ?PrintDirectory@CZip@@UAEXXZ 0042da70 f   zip_utils.obj
 0001:0002ca80       ?Reset@CZip@@UAEXXZ        0042da80 f   zip_utils.obj
 0001:0002cad0       ?EstimateSize@CZip@@UAEIXZ 0042dad0 f   zip_utils.obj
 0001:0002cae0       ??1?$CUtlRBTree@VCZipEntry@CZipFile@@HP6A_NABV12@0@ZV?$CUtlMemory@U?$UtlRBTreeNode_t@VCZipEntry@CZipFile@@H@@H@@@@QAE@XZ 0042dae0 f i zip_utils.obj
 0001:0002cb40       ?LinkToParent@?$CUtlRBTree@VCZipEntry@CZipFile@@HP6A_NABV12@0@ZV?$CUtlMemory@U?$UtlRBTreeNode_t@VCZipEntry@CZipFile@@H@@H@@@@IAEXHH_N@Z 0042db40 f i zip_utils.obj
 0001:0002cbb0       ?Unlink@?$CUtlRBTree@VCZipEntry@CZipFile@@HP6A_NABV12@0@ZV?$CUtlMemory@U?$UtlRBTreeNode_t@VCZipEntry@CZipFile@@H@@H@@@@IAEXH@Z 0042dbb0 f i zip_utils.obj
 0001:0002cea0       ?LinkBefore@?$CUtlLinkedList@PAVCZip@@G$0A@GV?$CUtlMemory@U?$UtlLinkedListElem_t@PAVCZip@@G@@G@@@@QAEXGG@Z 0042dea0 f i zip_utils.obj
 0001:0002cf20       ??$DataMapInit@UZIP_EndOfCentralDirRecord@@@@YAPAUdatamap_t@@PAUZIP_EndOfCentralDirRecord@@@Z 0042df20 f   zip_utils.obj
 0001:0002cfa0       ??$DataMapInit@UZIP_FileHeader@@@@YAPAUdatamap_t@@PAUZIP_FileHeader@@@Z 0042dfa0 f   zip_utils.obj
 0001:0002d020       ??$DataMapInit@UZIP_LocalFileHeader@@@@YAPAUdatamap_t@@PAUZIP_LocalFileHeader@@@Z 0042e020 f   zip_utils.obj
 0001:0002d0a0       ??$DataMapInit@UZIP_PreloadHeader@@@@YAPAUdatamap_t@@PAUZIP_PreloadHeader@@@Z 0042e0a0 f   zip_utils.obj
 0001:0002d120       ??$DataMapInit@UZIP_PreloadDirectoryEntry@@@@YAPAUdatamap_t@@PAUZIP_PreloadDirectoryEntry@@@Z 0042e120 f   zip_utils.obj
 0001:0002d1a0       ??0CZipFile@@QAE@PBD_N@Z   0042e1a0 f   zip_utils.obj
 0001:0002d250       ??1CZipFile@@QAE@XZ        0042e250 f   zip_utils.obj
 0001:0002d2f0       ??0CZip@@QAE@PBD_N@Z       0042e2f0 f   zip_utils.obj
 0001:0002d360       ?SaveToBuffer@CZip@@UAEXAAVCUtlBuffer@@@Z 0042e360 f   zip_utils.obj
 0001:0002d390       ?SaveToDisk@CZip@@UAEXPAU_iobuf@@@Z 0042e390 f   zip_utils.obj
 0001:0002d3c0       ?SaveToDisk@CZip@@UAEXPAX@Z 0042e3c0 f   zip_utils.obj
 0001:0002d3f0       ??_ECZip@@UAEPAXI@Z        0042e3f0 f i zip_utils.obj
 0001:0002d3f0       ??_GCZip@@UAEPAXI@Z        0042e3f0 f i zip_utils.obj
 0001:0002d420       ?Remove@?$CUtlRBTree@VCZipEntry@CZipFile@@HP6A_NABV12@0@ZV?$CUtlMemory@U?$UtlRBTreeNode_t@VCZipEntry@CZipFile@@H@@H@@@@QAE_NABVCZipEntry@CZipFile@@@Z 0042e420 f i zip_utils.obj
 0001:0002d490       ?FindAndRemove@?$CUtlLinkedList@PAVCZip@@G$0A@GV?$CUtlMemory@U?$UtlLinkedListElem_t@PAVCZip@@G@@G@@@@QAE_NABQAVCZip@@@Z 0042e490 f i zip_utils.obj
 0001:0002d510       ?ParseFromBuffer@CZipFile@@QAEXPAXH@Z 0042e510 f   zip_utils.obj
 0001:0002d980       ?ParseFromDisk@CZipFile@@QAEPAXPBD@Z 0042e980 f   zip_utils.obj
 0001:0002dd60       ?AddBufferToZip@CZipFile@@QAEXPBDPAXH_N@Z 0042ed60 f   zip_utils.obj
 0001:0002dfd0       ?AddFileToZip@CZipFile@@QAEXPBD0@Z 0042efd0 f   zip_utils.obj
 0001:0002e050       ?RemoveFileFromZip@CZipFile@@QAEXPBD@Z 0042f050 f   zip_utils.obj
 0001:0002e100       ?CreateZip@IZip@@SAPAV1@PBD_N@Z 0042f100 f   zip_utils.obj
 0001:0002e160       ?ReleaseZip@IZip@@SAXPAV1@@Z 0042f160 f   zip_utils.obj
 0001:0002e190       ?AddFileToZip@CZip@@UAEXPBD0@Z 0042f190 f   zip_utils.obj
 0001:0002e1a0       ?RemoveFileFromZip@CZip@@UAEXPBD@Z 0042f1a0 f   zip_utils.obj
 0001:0002e1b0       ?AddBufferToZip@CZip@@UAEXPBDPAXH_N@Z 0042f1b0 f   zip_utils.obj
 0001:0002e1c0       ?ParseFromBuffer@CZip@@UAEXPAXH@Z 0042f1c0 f   zip_utils.obj
 0001:0002e230       ?ParseFromDisk@CZip@@UAEPAXPBD@Z 0042f230 f   zip_utils.obj
 0001:0002e290       ?GetPakFile@@YAPAVIZip@@XZ 0042f290 f   bsplib.obj
 0001:0002e2b0       ?ReleasePakFileLumps@@YAXXZ 0042f2b0 f   bsplib.obj
 0001:0002e2d0       ?AddBufferToPak@@YAXPAVIZip@@PBDPAXH_N@Z 0042f2d0 f   bsplib.obj
 0001:0002e2f0       ?FileExistsInPak@@YA_NPAVIZip@@PBD@Z 0042f2f0 f   bsplib.obj
 0001:0002e310       ?ReadFileFromPak@@YA_NPAVIZip@@PBD_NAAVCUtlBuffer@@@Z 0042f310 f   bsplib.obj
 0001:0002e330       ?InvalidGameLump@CGameLump@@QAEGXZ 0042f330 f   bsplib.obj
 0001:0002e340       ?SetKeyValue@@YAXPAUentity_t@@PBD1@Z 0042f340 f   bsplib.obj
 0001:0002e3c0       ?ValueForKey@@YAPADPAUentity_t@@PAD@Z 0042f3c0 f   bsplib.obj
 0001:0002e400       ?FloatForKey@@YAMPAUentity_t@@PAD@Z 0042f400 f   bsplib.obj
 0001:0002e450       ?IntForKey@@YAHPAUentity_t@@PAD@Z 0042f450 f   bsplib.obj
 0001:0002e4a0       ?GetAnglesForKey@@YAXPAUentity_t@@PADAAVQAngle@@@Z 0042f4a0 f   bsplib.obj
 0001:0002e4a0       ?GetVectorForKey@@YAXPAUentity_t@@PADAAVVector@@@Z 0042f4a0 f   bsplib.obj
 0001:0002e520       ?GetVector2DForKey@@YAXPAUentity_t@@PADAAVVector2D@@@Z 0042f520 f   bsplib.obj
 0001:0002e590       ?CalcTextureCoordsAtPoints@@YAXQAY03$$CBMQBHPBVVector@@HPAVVector2D@@@Z 0042f590 f   bsplib.obj
 0001:0002e630       ?GetPlatformMapPath@@YAXPBDPADHH@Z 0042f630 f   bsplib.obj
 0001:0002e660       ??$SwapFieldsToTargetEndian@UStaticPropDictLump_t@@@CByteswap@@QAEXPAUStaticPropDictLump_t@@PAXI@Z 0042f660 f i bsplib.obj
 0001:0002e6b0       ??$SwapFieldsToTargetEndian@UStaticPropLeafLump_t@@@CByteswap@@QAEXPAUStaticPropLeafLump_t@@PAXI@Z 0042f6b0 f i bsplib.obj
 0001:0002e700       ??$SwapFieldsToTargetEndian@UDetailObjectDictLump_t@@@CByteswap@@QAEXPAUDetailObjectDictLump_t@@PAXI@Z 0042f700 f i bsplib.obj
 0001:0002e750       ??$SwapFieldsToTargetEndian@UDetailPropLightstylesLump_t@@@CByteswap@@QAEXPAUDetailPropLightstylesLump_t@@PAXI@Z 0042f750 f i bsplib.obj
 0001:0002e7a0       ??$SwapFieldsToTargetEndian@Udgamelumpheader_t@@@CByteswap@@QAEXPAUdgamelumpheader_t@@PAXI@Z 0042f7a0 f i bsplib.obj
 0001:0002e7f0       ??$SwapFieldsToTargetEndian@Udheader_t@@@CByteswap@@QAEXPAUdheader_t@@PAXI@Z 0042f7f0 f i bsplib.obj
 0001:0002e840       ??$SwapFieldsToTargetEndian@Udleafambientlighting_t@@@CByteswap@@QAEXPAUdleafambientlighting_t@@PAXI@Z 0042f840 f i bsplib.obj
 0001:0002e890       ??$SwapFieldsToTargetEndian@Udleafambientindex_t@@@CByteswap@@QAEXPAUdleafambientindex_t@@PAXI@Z 0042f890 f i bsplib.obj
[...]
 0001:000964f0       ??__Eg_DataMapHolder@StaticPropLumpV5_t_DataDescInit@@YAXXZ 004974f0 f   bsplib.obj
 0001:00096500       ??__Eg_DataMapHolder@StaticPropLeafLump_t_DataDescInit@@YAXXZ 00497500 f   bsplib.obj
 0001:00096510       ??__Eg_DataMapHolder@DetailObjectDictLump_t_DataDescInit@@YAXXZ 00497510 f   bsplib.obj
 0001:00096520       ??__Eg_DataMapHolder@DetailObjectLump_t_DataDescInit@@YAXXZ 00497520 f   bsplib.obj
 0001:00096530       ??__Eg_DataMapHolder@DetailSpriteDictLump_t_DataDescInit@@YAXXZ 00497530 f   bsplib.obj
 0001:00096540       ??__Eg_DataMapHolder@DetailPropLightstylesLump_t_DataDescInit@@YAXXZ 00497540 f   bsplib.obj
 0001:00096550       ??__Eg_DataMapHolder@MeshHeader_t_DataDescInit@HardwareVerts@@YAXXZ 00497550 f   bsplib.obj
 0001:00096560       ??__Eg_DataMapHolder@FileHeader_t_DataDescInit@HardwareVerts@@YAXXZ 00497560 f   bsplib.obj
 0001:00096570       ??__Eg_StaticPropNames@@YAXXZ 00497570 f   bsplib.obj
 0001:00096580       ??__Eg_StaticPropInstances@@YAXXZ 00497580 f   bsplib.obj
 0001:00096590       ??__Eg_Swap@@YAXXZ         00497590 f   bsplib.obj
 0001:000965a0       ??__EdlightdataHDR@@YAXXZ  004975a0 f   bsplib.obj
 0001:000965b0       ??__EdlightdataLDR@@YAXXZ  004975b0 f   bsplib.obj
 0001:000965c0       ??__Edentdata@@YAXXZ       004975c0 f   bsplib.obj
 0001:000965d0       ??__Eg_LeafAmbientIndexLDR@@YAXXZ 004975d0 f   bsplib.obj
 0001:000965e0       ??__Eg_LeafAmbientIndexHDR@@YAXXZ 004975e0 f   bsplib.obj
 0001:000965f0       ??__Eg_LeafAmbientLightingLDR@@YAXXZ 004975f0 f   bsplib.obj
 0001:00096600       ??__Eg_LeafAmbientLightingHDR@@YAXXZ 00497600 f   bsplib.obj
 0001:00096610       ??__Etexinfo@@YAXXZ        00497610 f   bsplib.obj
 0001:00096620       ??__Eg_dispinfo@@YAXXZ     00497620 f   bsplib.obj
 0001:00096630       ??__Eg_DispVerts@@YAXXZ    00497630 f   bsplib.obj
 0001:00096640       ??__Eg_DispTris@@YAXXZ     00497640 f   bsplib.obj
 0001:00096650       ??__Eg_DispLightmapSamplePositions@@YAXXZ 00497650 f   bsplib.obj
 0001:00096660       ??__Edfaceids@@YAXXZ       00497660 f   bsplib.obj
 0001:00096670       ??__Eg_FaceMacroTextureInfos@@YAXXZ 00497670 f   bsplib.obj
 0001:00096680       ??__Eg_TexDataStringData@@YAXXZ 00497680 f   bsplib.obj
 0001:00096690       ??__Eg_TexDataStringTable@@YAXXZ 00497690 f   bsplib.obj
 0001:000966a0       ??__Eg_OccluderData@@YAXXZ 004976a0 f   bsplib.obj
 0001:000966e0       ??__Eg_OccluderPolyData@@YAXXZ 004976e0 f   bsplib.obj
 0001:00096720       ??__Eg_OccluderVertexIndices@@YAXXZ 00497720 f   bsplib.obj
 0001:00096760       ??__Eg_GameLumps@@YAXXZ    00497760 f   bsplib.obj
 0001:00096770       ??__Eg_DataMapHolder@swapcollideheader_t_DataDescInit@@YAXXZ 00497770 f   bsplib.obj
 0001:00096780       ??__Eg_DataMapHolder@swapcompactsurfaceheader_t_DataDescInit@@YAXXZ 00497780 f   bsplib.obj
 0001:00096790       ??__Eg_DataMapHolder@swapmoppsurfaceheader_t_DataDescInit@@YAXXZ 00497790 f   bsplib.obj
 0001:000967a0       ??__Eg_ClusterLeaves@@YAXXZ 004977a0 f   bsplib.obj
 0001:000967b0       ??__Eg_CleanupFunctions@@YAXXZ 004977b0 f   cmdlib.obj
 0001:000967c0       ??__Eg_ExtraSpewHooks@@YAXXZ 004977c0 f   cmdlib.obj
 0001:000967d0       ??__Eg_ExitStopper@@YAXXZ  004977d0 f   cmdlib.obj
 0001:000967e0       ??__Eg_definevariable@@YAXXZ 004977e0 f   scriplib.obj
 0001:000967f0       ??__Eg_CritInit@@YAXXZ     004977f0 f   threads.obj
 0001:00096800       ??__Es_StringCharConversion@@YAXXZ 00497800 f   tier1:utlbuffer.obj
 0001:00096860       ??__Es_NoEscConversion@@YAXXZ 00497860 f   tier1:utlbuffer.obj
 0001:00096890       ??__Eg_CleanupSymbolTable@@YAXXZ 00497890 f   tier1:utlsymbol.obj
 0001:000968a0       ??__Eg_DataMapHolder@VTFFileBaseHeader_t_DataDescInit@@YAXXZ 004978a0 f   vtf:vtf.obj
 0001:000968b0       ??__Eg_DataMapHolder@VTFFileHeaderV7_1_t_DataDescInit@@YAXXZ 004978b0 f   vtf:vtf.obj
 0001:000968c0       ??__Eg_DataMapHolder@VTFFileHeaderV7_2_t_DataDescInit@@YAXXZ 004978c0 f   vtf:vtf.obj
 0001:000968d0       ??__Eg_DataMapHolder@VTFFileHeaderV7_3_t_DataDescInit@@YAXXZ 004978d0 f   vtf:vtf.obj
 0001:000968e0       ??__Eg_DataMapHolder@VTFFileHeader_t_DataDescInit@@YAXXZ 004978e0 f   vtf:vtf.obj
 0001:000968f0       ??__Eg_DataMapHolder@VTFFileHeaderX360_t_DataDescInit@@YAXXZ 004978f0 f   vtf:vtf.obj
 0001:00096900       ??__Einitlocks@std@@YAXXZ  00497900 f   libcpmt:xlock.obj
 0001:00096916       ??__E_Fac_tidy_reg@std@@YAXXZ 00497916 f   libcpmt:locale0.obj
 0001:00096922       ??__Eclassic_locale@std@@YAXXZ 00497922 f   libcpmt:locale0.obj
 0001:0009692e       ??__E_Generic_object@std@@YAXXZ 0049792e f   libcpmt:syserror.obj
 0001:0009693a       ??__E_Iostream_object@std@@YAXXZ 0049793a f   libcpmt:syserror.obj
 0001:00096946       ??__E_System_object@std@@YAXXZ 00497946 f   libcpmt:syserror.obj
 0001:00096952       ??__Einitlocks@std@@YAXXZ  00497952 f   libcpmt:iosptrs.obj
 0001:00096968       ??__Einit_atexit@@YAXXZ    00497968 f   libcpmt:iosptrs.obj
 0001:00096980       ??__Ef_dwProcessorCount@@YAXXZ 00497980 f   bitmap:ATI_Compress.obj
 0001:000969a0       ??__Fs_DefaultCubemapNames@@YAXXZ 004979a0 f   cubemap.obj
 0001:000969b0       ??__Fs_EnvCubemapToBrushSides@@YAXXZ 004979b0 f   cubemap.obj
 0001:000969c0       ??__Fs_DetailObjectDictLump@@YAXXZ 004979c0 f   detailobjects.obj
 0001:000969d0       ??__Fs_DetailObjectLump@@YAXXZ 004979d0 f   detailobjects.obj
 0001:000969e0       ??__Fs_DetailSpriteDictLump@@YAXXZ 004979e0 f   detailobjects.obj
 0001:000969f0       ??__Fs_StaticPropLookup@@YAXXZ 004979f0 f   detailobjects.obj
 0001:00096a00       ??__Fs_DetailObjectDict@@YAXXZ 00497a00 f   detailobjects.obj
 0001:00096a10       ??__FgDispGridList@@YAXXZ  00497a10 f   disp_ivp.obj
 0001:00096a20       ??__Fg_CoreDispInfos@@YAXXZ 00497a20 f   disp_vbsp.obj
 0001:00096a30       ??__Fg_VertEdgeList@@YAXXZ 00497a30 f   faces.obj
 0001:00096a90       ??__Fg_WaterModels@@YAXXZ  00497a90 f   ivp.obj
 0001:00096aa0       ??__Fs_WorldPropList@@YAXXZ 00497aa0 f   ivp.obj
 0001:00096ab0       ??__Fg_WaterLeafList@@YAXXZ 00497ab0 f   ivp.obj
 0001:00096ac0       ??__Fg_WaterTexInfos@@YAXXZ 00497ac0 f   ivp.obj
 0001:00096ad0       ??__Fg_NoDynamicShadowSides@@YAXXZ 00497ad0 f   map.obj
 0001:00096b30       ??__Fbrushsides@@YAXXZ     00497b30 f   map.obj
 0001:00096b50       ??__Fs_SymbolTable@@YAXXZ  00497b50 f   materialpatch.obj
 0001:00096b60       ??__Fs_MapPatchedMatToOriginalMat@@YAXXZ 00497b60 f   materialpatch.obj
 0001:00096b70       ??__Fg_aMapOverlays@@YAXXZ 00497b70 f   overlay.obj
 0001:00096b80       ??__Fg_aMapWaterOverlays@@YAXXZ 00497b80 f   overlay.obj
 0001:00096b90       ??__Fg_VisClusters@@YAXXZ  00497b90 f   prtfile.obj
 0001:00096ba0       ??__Fs_StaticPropDictLump@@YAXXZ 00497ba0 f   staticprop.obj
 0001:00096bb0       ??__Fs_StaticPropLump@@YAXXZ 00497bb0 f   staticprop.obj
 0001:00096bc0       ??__Fs_StaticPropLeafLump@@YAXXZ 00497bc0 f   staticprop.obj
 0001:00096bd0       ??__Fs_LightingInfo@@YAXXZ 00497bd0 f   staticprop.obj
 0001:00096be0       ??__Fs_ModelCollisionCache@@YAXXZ 00497be0 f   staticprop.obj
 0001:00096bf0       ??__Fg_SkyAreas@@YAXXZ     00497bf0 f   vbsp.obj
 0001:00096c00       ??__Fg_OccluderInfo@@YAXXZ 00497c00 f   vbsp.obj
 0001:00096c10       ??__FnameHolder@?1???$DataMapInit@UZIP_EndOfCentralDirRecord@@@@YAPAUdatamap_t@@PAUZIP_EndOfCentralDirRecord@@@Z@YAXXZ 00497c10 f   zip_utils.obj
 0001:00096c20       ??__FnameHolder@?1???$DataMapInit@UZIP_FileHeader@@@@YAPAUdatamap_t@@PAUZIP_FileHeader@@@Z@YAXXZ 00497c20 f   zip_utils.obj
 0001:00096c30       ??__FnameHolder@?1???$DataMapInit@UZIP_LocalFileHeader@@@@YAPAUdatamap_t@@PAUZIP_LocalFileHeader@@@Z@YAXXZ 00497c30 f   zip_utils.obj
 0001:00096c40       ??__FnameHolder@?1???$DataMapInit@UZIP_PreloadHeader@@@@YAPAUdatamap_t@@PAUZIP_PreloadHeader@@@Z@YAXXZ 00497c40 f   zip_utils.obj
 0001:00096c50       ??__FnameHolder@?1???$DataMapInit@UZIP_PreloadDirectoryEntry@@@@YAPAUdatamap_t@@PAUZIP_PreloadDirectoryEntry@@@Z@YAXXZ 00497c50 f   zip_utils.obj
 0001:00096c60       ??__Fg_ZipUtils@@YAXXZ     00497c60 f   zip_utils.obj
 0001:00096cb0       ??__FnameHolder@?1???$DataMapInit@Udheader_t@@@@YAPAUdatamap_t@@PAUdheader_t@@@Z@YAXXZ 00497cb0 f   bsplib.obj
 0001:00096cc0       ??__FnameHolder@?1???$DataMapInit@Ulump_t@@@@YAPAUdatamap_t@@PAUlump_t@@@Z@YAXXZ 00497cc0 f   bsplib.obj
 0001:00096cd0       ??__FnameHolder@?1???$DataMapInit@Udflagslump_t@@@@YAPAUdatamap_t@@PAUdflagslump_t@@@Z@YAXXZ 00497cd0 f   bsplib.obj
 0001:00096ce0       ??__FnameHolder@?1???$DataMapInit@Udplane_t@@@@YAPAUdatamap_t@@PAUdplane_t@@@Z@YAXXZ 00497ce0 f   bsplib.obj
 0001:00096cf0       ??__FnameHolder@?1???$DataMapInit@Udleaf_version_0_t@@@@YAPAUdatamap_t@@PAUdleaf_version_0_t@@@Z@YAXXZ 00497cf0 f   bsplib.obj
 0001:00096d00       ??__FnameHolder@?1???$DataMapInit@Udleaf_t@@@@YAPAUdatamap_t@@PAUdleaf_t@@@Z@YAXXZ 00497d00 f   bsplib.obj
 0001:00096d10       ??__FnameHolder@?1???$DataMapInit@UCompressedLightCube@@@@YAPAUdatamap_t@@PAUCompressedLightCube@@@Z@YAXXZ 00497d10 f   bsplib.obj
 0001:00096d20       ??__FnameHolder@?1???$DataMapInit@Udleafambientindex_t@@@@YAPAUdatamap_t@@PAUdleafambientindex_t@@@Z@YAXXZ 00497d20 f   bsplib.obj
 0001:00096d30       ??__FnameHolder@?1???$DataMapInit@Udleafambientlighting_t@@@@YAPAUdatamap_t@@PAUdleafambientlighting_t@@@Z@YAXXZ 00497d30 f   bsplib.obj
 0001:00096d40       ??__FnameHolder@?1???$DataMapInit@Udvertex_t@@@@YAPAUdatamap_t@@PAUdvertex_t@@@Z@YAXXZ 00497d40 f   bsplib.obj
 0001:00096d50       ??__FnameHolder@?1???$DataMapInit@Udnode_t@@@@YAPAUdatamap_t@@PAUdnode_t@@@Z@YAXXZ 00497d50 f   bsplib.obj
 0001:00096d60       ??__FnameHolder@?1???$DataMapInit@Utexinfo_s@@@@YAPAUdatamap_t@@PAUtexinfo_s@@@Z@YAXXZ 00497d60 f   bsplib.obj
 0001:00096d70       ??__FnameHolder@?1???$DataMapInit@Udtexdata_t@@@@YAPAUdatamap_t@@PAUdtexdata_t@@@Z@YAXXZ 00497d70 f   bsplib.obj
 0001:00096d80       ??__FnameHolder@?1???$DataMapInit@Vddispinfo_t@@@@YAPAUdatamap_t@@PAVddispinfo_t@@@Z@YAXXZ 00497d80 f   bsplib.obj
 0001:00096d90       ??__FnameHolder@?1???$DataMapInit@VCDispNeighbor@@@@YAPAUdatamap_t@@PAVCDispNeighbor@@@Z@YAXXZ 00497d90 f   bsplib.obj
 0001:00096da0       ??__FnameHolder@?1???$DataMapInit@VCDispCornerNeighbors@@@@YAPAUdatamap_t@@PAVCDispCornerNeighbors@@@Z@YAXXZ 00497da0 f   bsplib.obj
 0001:00096db0       ??__FnameHolder@?1???$DataMapInit@UCDispSubNeighbor@@@@YAPAUdatamap_t@@PAUCDispSubNeighbor@@@Z@YAXXZ 00497db0 f   bsplib.obj
 0001:00096dc0       ??__FnameHolder@?1???$DataMapInit@VCDispVert@@@@YAPAUdatamap_t@@PAVCDispVert@@@Z@YAXXZ 00497dc0 f   bsplib.obj
 0001:00096dd0       ??__FnameHolder@?1???$DataMapInit@VCDispTri@@@@YAPAUdatamap_t@@PAVCDispTri@@@Z@YAXXZ 00497dd0 f   bsplib.obj
 0001:00096de0       ??__FnameHolder@?1???$DataMapInit@VCFaceMacroTextureInfo@@@@YAPAUdatamap_t@@PAVCFaceMacroTextureInfo@@@Z@YAXXZ 00497de0 f   bsplib.obj
 0001:00096df0       ??__FnameHolder@?1???$DataMapInit@Udprimitive_t@@@@YAPAUdatamap_t@@PAUdprimitive_t@@@Z@YAXXZ 00497df0 f   bsplib.obj
 0001:00096e00       ??__FnameHolder@?1???$DataMapInit@Udprimvert_t@@@@YAPAUdatamap_t@@PAUdprimvert_t@@@Z@YAXXZ 00497e00 f   bsplib.obj
 0001:00096e10       ??__FnameHolder@?1???$DataMapInit@Udface_t@@@@YAPAUdatamap_t@@PAUdface_t@@@Z@YAXXZ 00497e10 f   bsplib.obj
 0001:00096e20       ??__FnameHolder@?1???$DataMapInit@Udfaceid_t@@@@YAPAUdatamap_t@@PAUdfaceid_t@@@Z@YAXXZ 00497e20 f   bsplib.obj
 0001:00096e30       ??__FnameHolder@?1???$DataMapInit@Udbrush_t@@@@YAPAUdatamap_t@@PAUdbrush_t@@@Z@YAXXZ 00497e30 f   bsplib.obj
 0001:00096e40       ??__FnameHolder@?1???$DataMapInit@Udbrushside_t@@@@YAPAUdatamap_t@@PAUdbrushside_t@@@Z@YAXXZ 00497e40 f   bsplib.obj
 0001:00096e50       ??__FnameHolder@?1???$DataMapInit@Udedge_t@@@@YAPAUdatamap_t@@PAUdedge_t@@@Z@YAXXZ 00497e50 f   bsplib.obj
 0001:00096e60       ??__FnameHolder@?1???$DataMapInit@Udmodel_t@@@@YAPAUdatamap_t@@PAUdmodel_t@@@Z@YAXXZ 00497e60 f   bsplib.obj
 0001:00096e70       ??__FnameHolder@?1???$DataMapInit@Udphysmodel_t@@@@YAPAUdatamap_t@@PAUdphysmodel_t@@@Z@YAXXZ 00497e70 f   bsplib.obj
 0001:00096e80       ??__FnameHolder@?1???$DataMapInit@Udphysdisp_t@@@@YAPAUdatamap_t@@PAUdphysdisp_t@@@Z@YAXXZ 00497e80 f   bsplib.obj
 0001:00096e90       ??__FnameHolder@?1???$DataMapInit@Udarea_t@@@@YAPAUdatamap_t@@PAUdarea_t@@@Z@YAXXZ 00497e90 f   bsplib.obj
 0001:00096ea0       ??__FnameHolder@?1???$DataMapInit@Udareaportal_t@@@@YAPAUdatamap_t@@PAUdareaportal_t@@@Z@YAXXZ 00497ea0 f   bsplib.obj
 0001:00096eb0       ??__FnameHolder@?1???$DataMapInit@Udworldlight_t@@@@YAPAUdatamap_t@@PAUdworldlight_t@@@Z@YAXXZ 00497eb0 f   bsplib.obj
 0001:00096ec0       ??__FnameHolder@?1???$DataMapInit@Udleafwaterdata_t@@@@YAPAUdatamap_t@@PAUdleafwaterdata_t@@@Z@YAXXZ 00497ec0 f   bsplib.obj
 0001:00096ed0       ??__FnameHolder@?1???$DataMapInit@Udoccluderdata_t@@@@YAPAUdatamap_t@@PAUdoccluderdata_t@@@Z@YAXXZ 00497ed0 f   bsplib.obj
 0001:00096ee0       ??__FnameHolder@?1???$DataMapInit@Udoccluderpolydata_t@@@@YAPAUdatamap_t@@PAUdoccluderpolydata_t@@@Z@YAXXZ 00497ee0 f   bsplib.obj
 0001:00096ef0       ??__FnameHolder@?1???$DataMapInit@Udcubemapsample_t@@@@YAPAUdatamap_t@@PAUdcubemapsample_t@@@Z@YAXXZ 00497ef0 f   bsplib.obj
 0001:00096f00       ??__FnameHolder@?1???$DataMapInit@Udoverlay_t@@@@YAPAUdatamap_t@@PAUdoverlay_t@@@Z@YAXXZ 00497f00 f   bsplib.obj
 0001:00096f10       ??__FnameHolder@?1???$DataMapInit@Udwateroverlay_t@@@@YAPAUdatamap_t@@PAUdwateroverlay_t@@@Z@YAXXZ 00497f10 f   bsplib.obj
 0001:00096f20       ??__FnameHolder@?1???$DataMapInit@Udoverlayfade_t@@@@YAPAUdatamap_t@@PAUdoverlayfade_t@@@Z@YAXXZ 00497f20 f   bsplib.obj
 0001:00096f30       ??__FnameHolder@?1???$DataMapInit@Udgamelumpheader_t@@@@YAPAUdatamap_t@@PAUdgamelumpheader_t@@@Z@YAXXZ 00497f30 f   bsplib.obj
 0001:00096f40       ??__FnameHolder@?1???$DataMapInit@Udgamelump_t@@@@YAPAUdatamap_t@@PAUdgamelump_t@@@Z@YAXXZ 00497f40 f   bsplib.obj
 0001:00096f50       ??__FnameHolder@?1???$DataMapInit@UStaticPropDictLump_t@@@@YAPAUdatamap_t@@PAUStaticPropDictLump_t@@@Z@YAXXZ 00497f50 f   bsplib.obj
 0001:00096f60       ??__FnameHolder@?1???$DataMapInit@UStaticPropLump_t@@@@YAPAUdatamap_t@@PAUStaticPropLump_t@@@Z@YAXXZ 00497f60 f   bsplib.obj
 0001:00096f70       ??__FnameHolder@?1???$DataMapInit@UStaticPropLumpV4_t@@@@YAPAUdatamap_t@@PAUStaticPropLumpV4_t@@@Z@YAXXZ 00497f70 f   bsplib.obj
 0001:00096f80       ??__FnameHolder@?1???$DataMapInit@UStaticPropLumpV5_t@@@@YAPAUdatamap_t@@PAUStaticPropLumpV5_t@@@Z@YAXXZ 00497f80 f   bsplib.obj
 0001:00096f90       ??__FnameHolder@?1???$DataMapInit@UStaticPropLeafLump_t@@@@YAPAUdatamap_t@@PAUStaticPropLeafLump_t@@@Z@YAXXZ 00497f90 f   bsplib.obj
 0001:00096fa0       ??__FnameHolder@?1???$DataMapInit@UDetailObjectDictLump_t@@@@YAPAUdatamap_t@@PAUDetailObjectDictLump_t@@@Z@YAXXZ 00497fa0 f   bsplib.obj
 0001:00096fb0       ??__FnameHolder@?1???$DataMapInit@UDetailObjectLump_t@@@@YAPAUdatamap_t@@PAUDetailObjectLump_t@@@Z@YAXXZ 00497fb0 f   bsplib.obj
 0001:00096fc0       ??__FnameHolder@?1???$DataMapInit@UDetailSpriteDictLump_t@@@@YAPAUdatamap_t@@PAUDetailSpriteDictLump_t@@@Z@YAXXZ 00497fc0 f   bsplib.obj
 0001:00096fd0       ??__FnameHolder@?1???$DataMapInit@UDetailPropLightstylesLump_t@@@@YAPAUdatamap_t@@PAUDetailPropLightstylesLump_t@@@Z@YAXXZ 00497fd0 f   bsplib.obj
 0001:00096fe0       ??__FnameHolder@?1???$DataMapInit@UMeshHeader_t@HardwareVerts@@@HardwareVerts@@YAPAUdatamap_t@@PAUMeshHeader_t@0@@Z@YAXXZ 00497fe0 f   bsplib.obj
 0001:00096ff0       ??__FnameHolder@?1???$DataMapInit@UFileHeader_t@HardwareVerts@@@HardwareVerts@@YAPAUdatamap_t@@PAUFileHeader_t@0@@Z@YAXXZ 00497ff0 f   bsplib.obj
 0001:00097000       ??__Fg_StaticPropInstances@@YAXXZ 00498000 f   bsplib.obj
 0001:00097010       ??__FdlightdataHDR@@YAXXZ  00498010 f   bsplib.obj
 0001:00097020       ??__FdlightdataLDR@@YAXXZ  00498020 f   bsplib.obj
 0001:00097030       ??__Fdentdata@@YAXXZ       00498030 f   bsplib.obj
 0001:00097040       ??__Fg_LeafAmbientIndexLDR@@YAXXZ 00498040 f   bsplib.obj
 0001:00097050       ??__Fg_LeafAmbientIndexHDR@@YAXXZ 00498050 f   bsplib.obj
 0001:00097060       ??__Fg_LeafAmbientLightingLDR@@YAXXZ 00498060 f   bsplib.obj
 0001:00097070       ??__Fg_LeafAmbientLightingHDR@@YAXXZ 00498070 f   bsplib.obj
 0001:00097080       ??__Ftexinfo@@YAXXZ        00498080 f   bsplib.obj
 0001:00097090       ??__Fg_DispLightmapSamplePositions@@YAXXZ 00498090 f   bsplib.obj
 0001:000970a0       ??__Fg_TexDataStringData@@YAXXZ 004980a0 f   bsplib.obj
 0001:000970b0       ??__Fg_TexDataStringTable@@YAXXZ 004980b0 f   bsplib.obj
 0001:000970c0       ??__Fg_OccluderData@@YAXXZ 004980c0 f   bsplib.obj
 0001:000970d0       ??__Fg_OccluderPolyData@@YAXXZ 004980d0 f   bsplib.obj
 0001:000970e0       ??__Fg_OccluderVertexIndices@@YAXXZ 004980e0 f   bsplib.obj
 0001:000970f0       ??__FnameHolder@?1???$DataMapInit@Uswapcollideheader_t@@@@YAPAUdatamap_t@@PAUswapcollideheader_t@@@Z@YAXXZ 004980f0 f   bsplib.obj
 0001:00097100       ??__FnameHolder@?1???$DataMapInit@Uswapcompactsurfaceheader_t@@@@YAPAUdatamap_t@@PAUswapcompactsurfaceheader_t@@@Z@YAXXZ 00498100 f   bsplib.obj
 0001:00097110       ??__FnameHolder@?1???$DataMapInit@Uswapmoppsurfaceheader_t@@@@YAPAUdatamap_t@@PAUswapmoppsurfaceheader_t@@@Z@YAXXZ 00498110 f   bsplib.obj
 0001:00097120       ??__Fg_dispinfo@@YAXXZ     00498120 f   bsplib.obj
 0001:00097130       ??__Fg_DispVerts@@YAXXZ    00498130 f   bsplib.obj
 0001:00097140       ??__Fg_DispTris@@YAXXZ     00498140 f   bsplib.obj
 0001:00097150       ??__Fdfaceids@@YAXXZ       00498150 f   bsplib.obj
 0001:00097160       ??__Fg_FaceMacroTextureInfos@@YAXXZ 00498160 f   bsplib.obj
 0001:00097170       ??__Fg_GameLumps@@YAXXZ    00498170 f   bsplib.obj
 0001:000971c0       ??__Fg_ClusterLeaves@@YAXXZ 004981c0 f   bsplib.obj
 0001:000971d0       ??__Fg_StaticPropNames@@YAXXZ 004981d0 f   bsplib.obj
 0001:000971e0       ??__Fg_ExitStopper@@YAXXZ  004981e0 f   cmdlib.obj
 0001:00097200       ??__Fg_CleanupFunctions@@YAXXZ 00498200 f   cmdlib.obj
 0001:00097250       ??__Fg_ExtraSpewHooks@@YAXXZ 00498250 f   cmdlib.obj
 0001:000972a0       ??__Fbuf@?1??CmdLib_FPrintf@@YAXPAXPBDZZ@YAXXZ 004982a0 f   cmdlib.obj
 0001:000972b0       ??__Fg_definevariable@@YAXXZ 004982b0 f   scriplib.obj
 0001:000972c0       ??__Fg_CleanupSymbolTable@@YAXXZ 004982c0 f   tier1:utlsymbol.obj
 0001:00097300       ??__FnameHolder@?1???$DataMapInit@UVTFFileBaseHeader_t@@@@YAPAUdatamap_t@@PAUVTFFileBaseHeader_t@@@Z@YAXXZ 00498300 f   vtf:vtf.obj
 0001:00097310       ??__FnameHolder@?1???$DataMapInit@UVTFFileHeaderV7_1_t@@@@YAPAUdatamap_t@@PAUVTFFileHeaderV7_1_t@@@Z@YAXXZ 00498310 f   vtf:vtf.obj
 0001:00097320       ??__FnameHolder@?1???$DataMapInit@UVTFFileHeaderV7_2_t@@@@YAPAUdatamap_t@@PAUVTFFileHeaderV7_2_t@@@Z@YAXXZ 00498320 f   vtf:vtf.obj
 0001:00097330       ??__FnameHolder@?1???$DataMapInit@UVTFFileHeaderV7_3_t@@@@YAPAUdatamap_t@@PAUVTFFileHeaderV7_3_t@@@Z@YAXXZ 00498330 f   vtf:vtf.obj
 0001:00097340       ??__FnameHolder@?1???$DataMapInit@UVTFFileHeader_t@@@@YAPAUdatamap_t@@PAUVTFFileHeader_t@@@Z@YAXXZ 00498340 f   vtf:vtf.obj
 0001:00097350       ??__FnameHolder@?1???$DataMapInit@UVTFFileHeaderX360_t@@@@YAPAUdatamap_t@@PAUVTFFileHeaderX360_t@@@Z@YAXXZ 00498350 f   vtf:vtf.obj
 0001:0009735a       ??__Finitlocks@std@@YAXXZ  0049835a f   libcpmt:xlock.obj
 0001:00097364       ??__Fclassic_locale@std@@YAXXZ 00498364 f   libcpmt:locale0.obj
 0001:0009736e       ??__F_Fac_tidy_reg@std@@YAXXZ 0049836e f   libcpmt:locale0.obj
 0001:00097378       ??__F_Generic_object@std@@YAXXZ 00498378 f   libcpmt:syserror.obj
 0001:00097383       ??__F_Iostream_object@std@@YAXXZ 00498383 f   libcpmt:syserror.obj
 0001:0009738e       ??__F_System_object@std@@YAXXZ 0049838e f   libcpmt:syserror.obj
 0001:00097399       ??__Finitlocks@std@@YAXXZ  00498399 f   libcpmt:iosptrs.obj
 0001:000973a3       ??__Finit_atexit@@YAXXZ    004983a3 f   libcpmt:iosptrs.obj
