 vrad_dll

 Timestamp is 4b5ab1ee (Sat Jan 23 00:23:10 2010)

 Preferred load address is 10000000

 Start         Length     Name                   Class
 0001:00000000 000bd469H .text                   CODE
 0001:000bd470 000002e5H .text$x                 CODE
 0001:000bd760 0000112aH .text$yc                CODE
 0001:000be890 00000db2H .text$yd                CODE
 0002:00000000 00000348H .idata$5                DATA
 0002:00000348 00000004H .CRT$XCA                DATA
 0002:0000034c 0000000cH .CRT$XCC                DATA
 0002:00000358 000002b8H .CRT$XCU                DATA
 0002:00000610 00000004H .CRT$XCZ                DATA
 0002:00000614 00000004H .CRT$XIA                DATA
 0002:00000618 00000014H .CRT$XIC                DATA
 0002:0000062c 00000004H .CRT$XIZ                DATA
 0002:00000630 00000004H .CRT$XPA                DATA
 0002:00000634 00000008H .CRT$XPX                DATA
 0002:0000063c 00000004H .CRT$XPXA               DATA
 0002:00000640 00000004H .CRT$XPZ                DATA
 0002:00000644 00000004H .CRT$XTA                DATA
 0002:00000648 00000004H .CRT$XTZ                DATA
 0002:00000650 00061508H .rdata                  DATA
 0002:00061b58 0000008fH .rdata$debug            DATA
 0002:00061be8 00001dbcH .rdata$r                DATA
 0002:000639a4 00000004H .rtc$IAA                DATA
 0002:000639a8 00000004H .rtc$IZZ                DATA
 0002:000639ac 00000004H .rtc$TAA                DATA
 0002:000639b0 00000004H .rtc$TZZ                DATA
 0002:000639b8 00000fe4H .xdata$x                DATA
 0002:0006499c 0000008cH .idata$2                DATA
 0002:00064a28 00000014H .idata$3                DATA
 0002:00064a3c 00000348H .idata$4                DATA
 0002:00064d84 00000e84H .idata$6                DATA
 0002:00065c10 0000004fH .edata                  DATA
 0003:00000000 0000c01cH .data                   DATA
 0003:0000c020 050b3804H .bss                    DATA

  Address         Publics by Value              Rva+Base       Lib:Object

 0000:00000000       __except_list              00000000     <absolute>
 0000:00000000       ___safe_se_handler_count   00000000     <absolute>
 0000:00000000       ___safe_se_handler_table   00000000     <absolute>
 0000:00000000       ___ImageBase               10000000     <linker-defined>
 0001:00000000       ??_H@YGXPAXIHP6EPAX0@Z@Z   10001000 f i bsptreedata.obj
 0001:00000040       ?DestroyBSPTreeData@@YAXPAVIBSPTreeData@@@Z 10001040 f   bsptreedata.obj
 0001:00000060       ?EnumerateLeavesAtPoint@CBSPTreeData@@UAE_NABVVector@@PAVISpatialLeafEnumerator@@H@Z 10001060 f   bsptreedata.obj
 0001:00000070       ?EnumerateLeavesInBox@CBSPTreeData@@UAE_NABVVector@@0PAVISpatialLeafEnumerator@@H@Z 10001070 f   bsptreedata.obj
 0001:00000080       ?EnumerateLeavesInSphere@CBSPTreeData@@UAE_NABVVector@@MPAVISpatialLeafEnumerator@@H@Z 10001080 f   bsptreedata.obj
 0001:000000b0       ?EnumerateLeavesAlongRay@CBSPTreeData@@UAE_NABURay_t@@PAVISpatialLeafEnumerator@@H@Z 100010b0 f   bsptreedata.obj
 0001:000000c0       ?Grow@?$CUtlMemory@VCDispTri@@H@@QAEXH@Z 100010c0 f i bsplib.obj
 0001:000000c0       ?Grow@?$CUtlMemory@VCLMSize@CIncrementalHeader@@H@@QAEXH@Z 100010c0 f i incremental.obj
 0001:000000c0       ?Grow@?$CUtlMemory@VCFaceMacroTextureInfo@@H@@QAEXH@Z 100010c0 f i bsplib.obj
 0001:000000c0       ?Grow@?$CUtlMemory@ULeaf_t@CBSPTreeData@@H@@QAEXH@Z 100010c0 f i bsptreedata.obj
 0001:000000c0       ?Grow@?$CUtlMemory@Udfaceid_t@@H@@QAEXH@Z 100010c0 f i bsplib.obj
 0001:000000c0       ?Grow@?$CUtlMemory@GH@@QAEXH@Z 100010c0 f i tier1:stringpool.obj
 0001:00000170       ?Grow@?$CUtlMemory@U?$UtlRBTreeNode_t@VCStringPoolIndex@CUtlSymbolTable@@G@@G@@QAEXH@Z 10001170 f i tier1:utlsymbol.obj
 0001:00000170       ?Grow@?$CUtlMemory@U?$UtlLinkedListElem_t@UHandleInfo_t@CBSPTreeData@@G@@G@@QAEXH@Z 10001170 f i bsptreedata.obj
 0001:00000170       ?Grow@?$CUtlMemory@U?$UtlLinkedListElem_t@UHandleInLeaf_t@CBSPTreeData@@G@@G@@QAEXH@Z 10001170 f i bsptreedata.obj
 0001:00000220       ?AllocInternal@?$CUtlLinkedList@UHandleInfo_t@CBSPTreeData@@G$0A@GV?$CUtlMemory@U?$UtlLinkedListElem_t@UHandleInfo_t@CBSPTreeData@@G@@G@@@@IAEG_N@Z 10001220 f i bsptreedata.obj
 0001:00000220       ?AllocInternal@?$CUtlLinkedList@UHandleInLeaf_t@CBSPTreeData@@G$00GV?$CUtlMemory@U?$UtlLinkedListElem_t@UHandleInLeaf_t@CBSPTreeData@@G@@G@@@@IAEG_N@Z 10001220 f i bsptreedata.obj
 0001:00000340       ?Grow@?$CUtlMemory@U?$UtlLinkedListElem_t@GG@@G@@QAEXH@Z 10001340 f i bsptreedata.obj
 0001:000003f0       ?IsElementInTree@CBSPTreeData@@UBE_NG@Z 100013f0 f   bsptreedata.obj
 0001:00000420       ?EnsureCapacity@?$CUtlLinkedList@UHandleInLeaf_t@CBSPTreeData@@G$00GV?$CUtlMemory@U?$UtlLinkedListElem_t@UHandleInLeaf_t@CBSPTreeData@@G@@G@@@@QAEXH@Z 10001420 f i bsptreedata.obj
 0001:00000420       ?EnsureCapacity@?$CUtlLinkedList@UHandleInfo_t@CBSPTreeData@@G$0A@GV?$CUtlMemory@U?$UtlLinkedListElem_t@UHandleInfo_t@CBSPTreeData@@G@@G@@@@QAEXH@Z 10001420 f i bsptreedata.obj
 0001:00000480       ?EnsureCapacity@?$CUtlLinkedList@GG$00GV?$CUtlMemory@U?$UtlLinkedListElem_t@GG@@G@@@@QAEXH@Z 10001480 f i bsptreedata.obj
 0001:000004e0       ?RemoveAll@?$CUtlLinkedList@UHandleInfo_t@CBSPTreeData@@G$0A@GV?$CUtlMemory@U?$UtlLinkedListElem_t@UHandleInfo_t@CBSPTreeData@@G@@G@@@@QAEXXZ 100014e0 f i bsptreedata.obj
 0001:00000560       ?RemoveAll@?$CUtlLinkedList@GG$00GV?$CUtlMemory@U?$UtlLinkedListElem_t@GG@@G@@@@QAEXXZ 10001560 f i bsptreedata.obj
 0001:00000610       ?AllocInternal@?$CUtlLinkedList@GG$00GV?$CUtlMemory@U?$UtlLinkedListElem_t@GG@@G@@@@IAEG_N@Z 10001610 f i bsptreedata.obj
 0001:00000730       ?RemoveAll@?$CUtlLinkedList@UHandleInLeaf_t@CBSPTreeData@@G$00GV?$CUtlMemory@U?$UtlLinkedListElem_t@UHandleInLeaf_t@CBSPTreeData@@G@@G@@@@QAEXXZ 10001730 f i bsptreedata.obj
 0001:000007e0       ?LinkBefore@?$CUtlLinkedList@UHandleInLeaf_t@CBSPTreeData@@G$00GV?$CUtlMemory@U?$UtlLinkedListElem_t@UHandleInLeaf_t@CBSPTreeData@@G@@G@@@@QAEXGG@Z 100017e0 f i bsptreedata.obj
 0001:000007e0       ?LinkBefore@?$CUtlLinkedList@UHandleInfo_t@CBSPTreeData@@G$0A@GV?$CUtlMemory@U?$UtlLinkedListElem_t@UHandleInfo_t@CBSPTreeData@@G@@G@@@@QAEXGG@Z 100017e0 f i bsptreedata.obj
 0001:00000860       ?EnumerateElementsInLeaf@CBSPTreeData@@UAE_NHPAVIBSPTreeDataEnumerator@@H@Z 10001860 f   bsptreedata.obj
 0001:000008d0       ?EnsureCapacity@?$CUtlVector@ULeaf_t@CBSPTreeData@@V?$CUtlMemory@ULeaf_t@CBSPTreeData@@H@@@@QAEXH@Z 100018d0 f i bsptreedata.obj
 0001:00000940       ?Unlink@?$CUtlLinkedList@GG$00GV?$CUtlMemory@U?$UtlLinkedListElem_t@GG@@G@@@@QAEXG@Z 10001940 f i bsptreedata.obj
 0001:000009d0       ?Unlink@?$CUtlLinkedList@UHandleInLeaf_t@CBSPTreeData@@G$00GV?$CUtlMemory@U?$UtlLinkedListElem_t@UHandleInLeaf_t@CBSPTreeData@@G@@G@@@@QAEXG@Z 100019d0 f i bsptreedata.obj
 0001:000009d0       ?Unlink@?$CUtlLinkedList@UHandleInfo_t@CBSPTreeData@@G$0A@GV?$CUtlMemory@U?$UtlLinkedListElem_t@UHandleInfo_t@CBSPTreeData@@G@@G@@@@QAEXG@Z 100019d0 f i bsptreedata.obj
 0001:00000a60       ?Shutdown@CBSPTreeData@@UAEXXZ 10001a60 f   bsptreedata.obj
 0001:00000b60       ??1?$CUtlVector@VCLMSize@CIncrementalHeader@@V?$CUtlMemory@VCLMSize@CIncrementalHeader@@H@@@@QAE@XZ 10001b60 f i incremental.obj
 0001:00000b60       ??1?$CUtlVector@Udfaceid_t@@V?$CUtlMemory@Udfaceid_t@@H@@@@QAE@XZ 10001b60 f i bsplib.obj
 0001:00000b60       ??1?$CUtlVector@VCMachineRecord@CTransmitRateMgr@@V?$CUtlMemory@VCMachineRecord@CTransmitRateMgr@@H@@@@QAE@XZ 10001b60 f i vmpi:vmpi_filesystem_master.obj
 0001:00000b60       ??1?$CUtlVector@UDispCollTree_t@CVRadDispMgr@@V?$CUtlMemory@UDispCollTree_t@CVRadDispMgr@@H@@@@QAE@XZ 10001b60 f i vraddisps.obj
 0001:00000b60       ??1?$CUtlVector@_KV?$CUtlMemory@_KH@@@@QAE@XZ 10001b60 f i vmpi:vmpi_distribute_work.obj
 0001:00000b60       ??1?$CUtlVector@VCChunkInfo@CMasterMulticastThread@@V?$CUtlMemory@VCChunkInfo@CMasterMulticastThread@@H@@@@QAE@XZ 10001b60 f i vmpi:vmpi_filesystem_master.obj
 0001:00000b60       ??1?$CUtlVector@UbadVertex_t@@V?$CUtlMemory@UbadVertex_t@@H@@@@QAE@XZ 10001b60 f i vradstaticprops.obj
 0001:00000b60       ??1?$CUtlVector@VCDispVert@@V?$CUtlMemory@VCDispVert@@H@@@@QAE@XZ 10001b60 f i bsplib.obj
 0001:00000b60       ??1?$CUtlVector@Ubumplights_t@@V?$CUtlMemory@Ubumplights_t@@H@@@@QAE@XZ 10001b60 f i vrad.obj
 0001:00000b60       ??1?$CUtlVector@PAUStringPool_t@CUtlSymbolTable@@V?$CUtlMemory@PAUStringPool_t@CUtlSymbolTable@@H@@@@QAE@XZ 10001b60 f i tier1:utlsymbol.obj
 0001:00000b60       ??1?$CUtlVector@Udleafambientindex_t@@V?$CUtlMemory@Udleafambientindex_t@@H@@@@QAE@XZ 10001b60 f i bsplib.obj
 0001:00000b60       ??1?$CUtlVector@VS3RGBA@@V?$CUtlMemory@VS3RGBA@@H@@@@QAE@XZ 10001b60 f i vtf:vtf.obj
 0001:00000b60       ??1?$CUtlVector@VVector@@V?$CUtlMemory@VVector@@H@@@@QAE@XZ 10001b60 f i lightmap.obj
 0001:00000b60       ??1?$CUtlVector@Vddispinfo_t@@V?$CUtlMemory@Vddispinfo_t@@H@@@@QAE@XZ 10001b60 f i bsplib.obj
 0001:00000b60       ??1?$CUtlVector@VCWUStatus@@V?$CUtlMemory@VCWUStatus@@H@@@@QAE@XZ 10001b60 f i vmpi:vmpi_distribute_tracker.obj
 0001:00000b60       ??1?$CUtlVector@ULeaf_t@CBSPTreeData@@V?$CUtlMemory@ULeaf_t@CBSPTreeData@@H@@@@QAE@XZ 10001b60 f i bsptreedata.obj
 0001:00000b60       ??1?$CUtlVector@UResourceEntryInfo@@V?$CUtlMemory@UResourceEntryInfo@@H@@@@QAE@XZ 10001b60 f i vtf:vtf.obj
 0001:00000b60       ??1?$CUtlVector@UcolorVertex_t@@V?$CUtlMemory@UcolorVertex_t@@H@@@@QAE@XZ 10001b60 f i vradstaticprops.obj
 0001:00000b60       ??1?$CUtlVector@VCWULookupInfo@@V?$CUtlMemory@VCWULookupInfo@@H@@@@QAE@XZ 10001b60 f i vmpi:vmpi_distribute_work_default.obj
 0001:00000b60       ??1?$CUtlVector@UDetailPropLightstylesLump_t@@V?$CUtlMemory@UDetailPropLightstylesLump_t@@H@@@@QAE@XZ 10001b60 f i vraddetailprops.obj
 0001:00000b60       ??1?$CUtlVector@VCLightValue@@V?$CUtlMemory@VCLightValue@@H@@@@QAE@XZ 10001b60 f i incremental.obj
 0001:00000b60       ??1?$CUtlVector@ULightDesc_t@@V?$CUtlMemory@ULightDesc_t@@H@@@@QAE@XZ 10001b60 f i vrad.obj
 0001:00000b60       ??1?$CUtlVector@Udplane_t@@V?$CUtlMemory@Udplane_t@@H@@@@QAE@XZ 10001b60 f i leaf_ambient_lighting.obj
 0001:00000b60       ??1?$CUtlVector@Uambientsample_t@@V?$CUtlMemory@Uambientsample_t@@H@@@@QAE@XZ 10001b60 f i leaf_ambient_lighting.obj
 0001:00000b60       ??1?$CUtlVector@VCWorkerInfo@CWorkUnitWalker@@V?$CUtlMemory@VCWorkerInfo@CWorkUnitWalker@@H@@@@QAE@XZ 10001b60 f i vmpi:vmpi_distribute_work_sdk.obj
 0001:00000b60       ??1?$CUtlVector@UCacheOptimizedKDNode@@V?$CUtlMemory@UCacheOptimizedKDNode@@H@@@@QAE@XZ 10001b60 f i vrad.obj
 0001:00000b60       ??1?$CUtlVector@DV?$CUtlMemory@DH@@@@QAE@XZ 10001b60 f i macro_texture.obj
 0001:00000b60       ??1?$CUtlVector@UCPatch@@V?$CUtlMemory@UCPatch@@H@@@@QAE@XZ 10001b60 f i vrad.obj
 0001:00000b60       ??1?$CUtlVector@VCFaceMacroTextureInfo@@V?$CUtlMemory@VCFaceMacroTextureInfo@@H@@@@QAE@XZ 10001b60 f i bsplib.obj
 0001:00000b60       ??1?$CUtlVector@PADV?$CUtlMemory@PADH@@@@QAE@XZ 10001b60 f i zip_utils.obj
 0001:00000b60       ??1?$CUtlVector@Umaterialentry_t@CShadowTextureList@@V?$CUtlMemory@Umaterialentry_t@CShadowTextureList@@H@@@@QAE@XZ 10001b60 f i vradstaticprops.obj
 0001:00000b60       ??1?$CUtlVector@PAVCTCPPacket@@V?$CUtlMemory@PAVCTCPPacket@@H@@@@QAE@XZ 10001b60 f i vmpi:vmpi.obj
 0001:00000b60       ??1?$CUtlVector@Uvariable_t@@V?$CUtlMemory@Uvariable_t@@H@@@@QAE@XZ 10001b60 f i scriplib.obj
 0001:00000b60       ??1?$CUtlVector@VCDispTri@@V?$CUtlMemory@VCDispTri@@H@@@@QAE@XZ 10001b60 f i bsplib.obj
 0001:00000b60       ??1?$CUtlVector@PAVCMacroTextureData@@V?$CUtlMemory@PAVCMacroTextureData@@H@@@@QAE@XZ 10001b60 f i macro_texture.obj
 0001:00000b60       ??1?$CUtlVector@Udleafambientlighting_t@@V?$CUtlMemory@Udleafambientlighting_t@@H@@@@QAE@XZ 10001b60 f i bsplib.obj
 0001:00000b60       ??1?$CUtlVector@PAXV?$CUtlMemory@PAXH@@@@QAE@XZ 10001b60 f i vmpi:vmpi.obj
 0001:00000b60       ??1?$CUtlVector@Udoccluderdata_t@@V?$CUtlMemory@Udoccluderdata_t@@H@@@@QAE@XZ 10001b60 f i bsplib.obj
 0001:00000b60       ??1?$CUtlVector@VCFileResponse@@V?$CUtlMemory@VCFileResponse@@H@@@@QAE@XZ 10001b60 f i vmpi:vmpi_filesystem_worker.obj
 0001:00000b60       ??1?$CUtlVector@HV?$CUtlMemory@HH@@@@QAE@XZ 10001b60 f i disp_vrad.obj
 0001:00000b60       ??1?$CUtlVector@EV?$CUtlMemory@EH@@@@QAE@XZ 10001b60 f i incremental.obj
 0001:00000b60       ??1?$CUtlVector@VCIPAddr@@V?$CUtlMemory@VCIPAddr@@H@@@@QAE@XZ 10001b60 f i vmpi:vmpi.obj
 0001:00000b60       ??1?$CUtlVector@PAVCVRADDispColl@@V?$CUtlMemory@PAVCVRADDispColl@@H@@@@QAE@XZ 10001b60 f i vraddisps.obj
 0001:00000b60       ??1?$CUtlVector@IV?$CUtlMemory@IH@@@@QAE@XZ 10001b60 f i samplehash.obj
 0001:00000b60       ??1?$CUtlVector@Utexinfo_s@@V?$CUtlMemory@Utexinfo_s@@H@@@@QAE@XZ 10001b60 f i bsplib.obj
 0001:00000b60       ??1?$CUtlVector@UResourceMemorySection@CVTFTexture@@V?$CUtlMemory@UResourceMemorySection@CVTFTexture@@H@@@@QAE@XZ 10001b60 f i vtf:vtf.obj
 0001:00000b60       ??1?$CUtlVector@Udoccluderpolydata_t@@V?$CUtlMemory@Udoccluderpolydata_t@@H@@@@QAE@XZ 10001b60 f i bsplib.obj
 0001:00000b60       ??1?$CUtlVector@PBDV?$CUtlMemory@PBDH@@@@QAE@XZ 10001b60 f i vrad.obj
 0001:00000bd0       ?LinkBefore@?$CUtlLinkedList@GG$00GV?$CUtlMemory@U?$UtlLinkedListElem_t@GG@@G@@@@QAEXGG@Z 10001bd0 f i bsptreedata.obj
 0001:00000c50       ??0CBSPTreeData@@QAE@XZ    10001c50 f   bsptreedata.obj
 0001:00000d00       ??1CBSPTreeData@@UAE@XZ    10001d00 f   bsptreedata.obj
 0001:00000dc0       ?Init@CBSPTreeData@@UAEXPAVISpatialQuery@@@Z 10001dc0 f   bsptreedata.obj
 0001:00000e70       ?Insert@CBSPTreeData@@UAEGHABVVector@@0@Z 10001e70 f   bsptreedata.obj
 0001:00000ee0       ?AddHandleToLeaf@CBSPTreeData@@AAEXHG@Z 10001ee0 f   bsptreedata.obj
 0001:00000f90       ?EnumerateLeaf@CBSPTreeData@@UAE_NHH@Z 10001f90 f   bsptreedata.obj
 0001:00000fb0       ?RemoveFromTree@CBSPTreeData@@AAEXG@Z 10001fb0 f   bsptreedata.obj
 0001:000010a0       ?ElementMoved@CBSPTreeData@@UAEXGABVVector@@0@Z 100020a0 f   bsptreedata.obj
 0001:000010f0       ?CreateBSPTreeData@@YAPAVIBSPTreeData@@XZ 100020f0 f   bsptreedata.obj
 0001:00001110       ??_ECBSPTreeData@@UAEPAXI@Z 10002110 f i bsptreedata.obj
 0001:00001110       ??_GCBSPTreeData@@UAEPAXI@Z 10002110 f i bsptreedata.obj
 0001:00001130       ?Remove@CBSPTreeData@@UAEXG@Z 10002130 f   bsptreedata.obj
 0001:00001190       ??0Vector2D@@QAE@XZ        10002190 f i lightmap.obj
 0001:00001190       ??0cplane_t@@QAE@XZ        10002190 f i trace.obj
 0001:00001190       ??0Vector@@QAE@XZ          10002190 f i disp_common.obj
 0001:000011a0       ??4Vector@@QAEAAV0@ABV0@@Z 100021a0 f i disp_common.obj
 0001:000011c0       ??AVector@@QBEMH@Z         100021c0 f i disp_common.obj
 0001:000011d0       ??HVector@@QBE?AV0@ABV0@@Z 100021d0 f i disp_common.obj
 0001:00001210       ??GVector@@QBE?AV0@ABV0@@Z 10002210 f i disp_common.obj
 0001:00001250       ??DVector@@QBE?AV0@M@Z     10002250 f i disp_common.obj
 0001:00001290       ?SetInvalid@CDispNeighbor@@QAEXXZ 10002290 f i disp_common.obj
 0001:000012a0       ?SetInvalid@CDispCornerNeighbors@@QAEXXZ 100022a0 f i disp_common.obj
 0001:000012b0       ?GetPoint@CCoreDispSurface@@QBEXHAAVVector@@@Z 100022b0 f i disp_common.obj
 0001:000012e0       ?GetSurface@CCoreDispInfo@@QAEPAVCCoreDispSurface@@XZ 100022e0 f i disp_common.obj
 0001:00001340       ?GetEdgeIndexFromPoint@@YAHABVCVertIndex@@H@Z 10002340 f   disp_common.obj
 0001:00001390       ?SetupSpan@@YAXHHW4NeighborSpan@@AAVCVertIndex@@1@Z 10002390 f   disp_common.obj
 0001:00001450       ??0CDispSubEdgeIterator@@QAE@XZ 10002450 f   disp_common.obj
 0001:00001470       ?Next@CDispSubEdgeIterator@@QAE_NXZ 10002470 f   disp_common.obj
 0001:000014b0       ?IsLastVert@CDispSubEdgeIterator@@QBE_NXZ 100024b0 f   disp_common.obj
 0001:000014d0       ?VertIndexToInt@CDispUtilsHelper@@QBEHABVCVertIndex@@@Z 100024d0 f   disp_common.obj
 0001:000014f0       ?GetEdgeMidPoint@CDispUtilsHelper@@QBE?AVCVertIndex@@H@Z 100024f0 f   disp_common.obj
 0001:00001580       ?TransformIntoSubNeighbor@@YAPAVCDispUtilsHelper@@PAV1@HHABVCVertIndex@@AAV2@@Z 10002580 f   disp_common.obj
 0001:00001690       ?SetupEdgeIncrements@@YAPAVCDispUtilsHelper@@PAV1@HHAAVCVertIndex@@111AAH2@Z 10002690 f   disp_common.obj
 0001:00001830       ?Start@CDispSubEdgeIterator@@QAEXPAVCDispUtilsHelper@@HH_N@Z 10002830 f   disp_common.obj
 0001:00001d70       ?GetPowerInfo@@YAPBVCPowerInfo@@H@Z 10002d70 f   disp_powerinfo.obj
 0001:00001d80       ?GetCornerPointIndex@CPowerInfo@@QBEABVCVertIndex@@H@Z 10002d80 f   disp_powerinfo.obj
 0001:00001d90       ??0CVertInfo@@QAE@XZ       10002d90 f   disp_powerinfo.obj
 0001:00001f60       ?InitPowerInfo@@YAXPAVCPowerInfo@@H@Z 10002f60 f   disp_powerinfo.obj
 0001:00002540       ??0CPowerInfoInitializer@@QAE@XZ 10003540 f i disp_powerinfo.obj
 0001:00002570       ?VectorLength@@YAMABVVector@@@Z 10003570 f i disp_vrad.obj
 0001:000025b0       ?Length@Vector@@QBEMXZ     100035b0 f i disp_vrad.obj
 0001:000025f0       ?FindNeighborCornerVert@@YAHPAVCCoreDispInfo@@ABVVector@@@Z 100035f0 f   disp_vrad.obj
 0001:000026e0       ?GetAllNeighbors@@YAHPBVCCoreDispInfo@@QAH@Z 100036e0 f   disp_vrad.obj
 0001:00002770       ?BlendTJuncs@@YAXPAPAVCCoreDispInfo@@H@Z 10003770 f   disp_vrad.obj
 0001:00002a20       ?BlendEdges@@YAXPAPAVCCoreDispInfo@@H@Z 10003a20 f   disp_vrad.obj
 0001:00002de0       ?BlendCorners@@YAXPAPAVCCoreDispInfo@@H@Z 10003de0 f   disp_vrad.obj
 0001:00003240       ?SmoothNeighboringDispSurfNormals@@YAXPAPAVCCoreDispInfo@@H@Z 10004240 f   disp_vrad.obj
 0001:00003270       ?fabs@@YAMM@Z              10004270 f i incremental.obj
 0001:00003280       ??AVector@@QAEAAMH@Z       10004280 f i incremental.obj
 0001:00003290       ??_EIIncremental@@UAEPAXI@Z 10004290 f i incremental.obj
 0001:00003290       ??_GIIncremental@@UAEPAXI@Z 10004290 f i incremental.obj
 0001:000034c0       ?Init@CIncremental@@UAE_NPBD0@Z 100044c0 f   incremental.obj
 0001:000034e0       ??4dworldlight_t@@QAEAAU0@ABU0@@Z 100044e0 f i incremental.obj
 0001:00003570       ?Grow@?$CUtlMemory@U?$UtlLinkedListElem_t@HH@@H@@QAEXH@Z 10004570 f i incremental.obj
 0001:00003570       ?Grow@?$CUtlMemory@VVector@@H@@QAEXH@Z 10004570 f i lightmap.obj
 0001:00003570       ?Grow@?$CUtlMemory@Udoccluderpolydata_t@@H@@QAEXH@Z 10004570 f i bsplib.obj
 0001:00003610       ?RemoveAll@?$CUtlLinkedList@PAVCLightFace@@G$0A@GV?$CUtlMemory@U?$UtlLinkedListElem_t@PAVCLightFace@@G@@G@@@@QAEXXZ 10004610 f i incremental.obj
 0001:00003610       ?RemoveAll@?$CUtlLinkedList@PAVCIncLight@@G$0A@GV?$CUtlMemory@U?$UtlLinkedListElem_t@PAVCIncLight@@G@@G@@@@QAEXXZ 10004610 f i incremental.obj
 0001:00003610       ?RemoveAll@?$CUtlLinkedList@P6AXXZG$0A@GV?$CUtlMemory@U?$UtlLinkedListElem_t@P6AXXZG@@G@@@@QAEXXZ 10004610 f i cmdlib.obj
 0001:00003610       ?RemoveAll@?$CUtlLinkedList@P6AXPBD@ZG$0A@GV?$CUtlMemory@U?$UtlLinkedListElem_t@P6AXPBD@ZG@@G@@@@QAEXXZ 10004610 f i cmdlib.obj
 0001:00003610       ?RemoveAll@?$CUtlLinkedList@PAVCZip@@G$0A@GV?$CUtlMemory@U?$UtlLinkedListElem_t@PAVCZip@@G@@G@@@@QAEXXZ 10004610 f i zip_utils.obj
 0001:00003680       ?RemoveAll@?$CUtlLinkedList@HH$0A@HV?$CUtlMemory@U?$UtlLinkedListElem_t@HH@@H@@@@QAEXXZ 10004680 f i incremental.obj
 0001:000036e0       ?AllocInternal@?$CUtlLinkedList@HH$0A@HV?$CUtlMemory@U?$UtlLinkedListElem_t@HH@@H@@@@IAEH_N@Z 100046e0 f i incremental.obj
 0001:000037d0       ?InsertMultipleBefore@?$CUtlVector@VCFaceMacroTextureInfo@@V?$CUtlMemory@VCFaceMacroTextureInfo@@H@@@@QAEHHHPBVCFaceMacroTextureInfo@@@Z 100047d0 f i bsplib.obj
 0001:000037d0       ?InsertMultipleBefore@?$CUtlVector@VCDispTri@@V?$CUtlMemory@VCDispTri@@H@@@@QAEHHHPBVCDispTri@@@Z 100047d0 f i bsplib.obj
 0001:000037d0       ?InsertMultipleBefore@?$CUtlVector@VCLMSize@CIncrementalHeader@@V?$CUtlMemory@VCLMSize@CIncrementalHeader@@H@@@@QAEHHHPBVCLMSize@CIncrementalHeader@@@Z 100047d0 f i incremental.obj
 0001:000037d0       ?InsertMultipleBefore@?$CUtlVector@Udfaceid_t@@V?$CUtlMemory@Udfaceid_t@@H@@@@QAEHHHPBUdfaceid_t@@@Z 100047d0 f i bsplib.obj
 0001:00003870       ?Purge@?$CUtlMemory@EH@@QAEXXZ 10004870 f i incremental.obj
 0001:00003870       ??1CUtlBuffer@@QAE@XZ      10004870 f i incremental.obj
 0001:000038a0       ?Unlink@?$CUtlLinkedList@HH$0A@HV?$CUtlMemory@U?$UtlLinkedListElem_t@HH@@H@@@@QAEXH@Z 100048a0 f i incremental.obj
 0001:00003920       ??1CIncremental@@UAE@XZ    10004920 f   incremental.obj
 0001:00003970       ?DecompressLightData@@YAXPAVCUtlBuffer@@PAV?$CUtlVector@VCLightValue@@V?$CUtlMemory@VCLightValue@@H@@@@@Z 10004970 f   incremental.obj
 0001:00003ad0       ?CompressLightData@@YAXPBVCLightValue@@HPAVCUtlBuffer@@@Z 10004ad0 f   incremental.obj
 0001:00003d90       ??0CIncLight@@QAE@XZ       10004d90 f   incremental.obj
 0001:00003e00       ?LinkBefore@?$CUtlLinkedList@PAVCZip@@G$0A@GV?$CUtlMemory@U?$UtlLinkedListElem_t@PAVCZip@@G@@G@@@@QAEXGG@Z 10004e00 f i zip_utils.obj
 0001:00003e00       ?LinkBefore@?$CUtlLinkedList@PAVCIncLight@@G$0A@GV?$CUtlMemory@U?$UtlLinkedListElem_t@PAVCIncLight@@G@@G@@@@QAEXGG@Z 10004e00 f i incremental.obj
 0001:00003e00       ?LinkBefore@?$CUtlLinkedList@PAVCLightFace@@G$0A@GV?$CUtlMemory@U?$UtlLinkedListElem_t@PAVCLightFace@@G@@G@@@@QAEXGG@Z 10004e00 f i incremental.obj
 0001:00003e00       ?LinkBefore@?$CUtlLinkedList@P6AXXZG$0A@GV?$CUtlMemory@U?$UtlLinkedListElem_t@P6AXXZG@@G@@@@QAEXGG@Z 10004e00 f i cmdlib.obj
 0001:00003e00       ?LinkBefore@?$CUtlLinkedList@P6AXPBD@ZG$0A@GV?$CUtlMemory@U?$UtlLinkedListElem_t@P6AXPBD@ZG@@G@@@@QAEXGG@Z 10004e00 f i cmdlib.obj
 0001:00003e80       ??_ECIncremental@@UAEPAXI@Z 10004e80 f i incremental.obj
 0001:00003e80       ??_GCIncremental@@UAEPAXI@Z 10004e80 f i incremental.obj
 0001:00003ea0       ??_GCLightFace@@QAEPAXI@Z  10004ea0 f i incremental.obj
 0001:00003ef0       ?CopyArray@?$CUtlVector@DV?$CUtlMemory@DH@@@@QAEXPBDH@Z 10004ef0 f i mpivrad.obj
 0001:00003ef0       ?CopyArray@?$CUtlVector@EV?$CUtlMemory@EH@@@@QAEXPBEH@Z 10004ef0 f i incremental.obj
 0001:00003f60       ?PurgeAndDeleteElements@?$CUtlLinkedList@PAVCLightFace@@G$0A@GV?$CUtlMemory@U?$UtlLinkedListElem_t@PAVCLightFace@@G@@G@@@@QAEXXZ 10004f60 f i incremental.obj
 0001:00004010       ?GetIncremental@@YAPAVIIncremental@@XZ 10005010 f   incremental.obj
 0001:000040c0       ?ReadIncrementalHeader@CIncremental@@AAE_NJPAVCIncrementalHeader@@@Z 100050c0 f   incremental.obj
 0001:000041a0       ?WriteIncrementalHeader@CIncremental@@AAE_NJ@Z 100051a0 f   incremental.obj
 0001:000042c0       ?IsIncrementalFileValid@CIncremental@@AAE_NXZ 100052c0 f   incremental.obj
 0001:000043a0       ?FinishFace@CIncremental@@UAEXGHH@Z 100053a0 f   incremental.obj
 0001:00004480       ?GetFacesTouched@CIncremental@@UAEXAAV?$CUtlVector@EV?$CUtlMemory@EH@@@@@Z 10005480 f   incremental.obj
 0001:000044a0       ?SaveIncrementalFile@CIncremental@@AAE_NXZ 100054a0 f   incremental.obj
 0001:00004750       ?Serialize@CIncremental@@UAE_NXZ 10005750 f   incremental.obj
 0001:00004770       ?AddLightsForActiveLights@CIncremental@@AAEXXZ 10005770 f   incremental.obj
 0001:00004830       ?FindOrCreateLightFace@CIncLight@@QAEPAVCLightFace@@HHPA_N@Z 10005830 f   incremental.obj
 0001:00004960       ?PurgeAndDeleteElements@?$CUtlLinkedList@PAVCIncLight@@G$0A@GV?$CUtlMemory@U?$UtlLinkedListElem_t@PAVCIncLight@@G@@G@@@@QAEXXZ 10005960 f i incremental.obj
 0001:00004a30       ?AddLightToFace@CIncremental@@UAEXGHHHMH@Z 10005a30 f   incremental.obj
 0001:00004ac0       ?LoadIncrementalFile@CIncremental@@AAE_NXZ 10005ac0 f   incremental.obj
 0001:00004e40       ?PrepareForLighting@CIncremental@@UAE_NXZ 10005e40 f   incremental.obj
 0001:00005180       ?LinkLightsToFaces@CIncremental@@AAEXAAV?$CUtlVector@V?$CUtlVector@PAVCLightFace@@V?$CUtlMemory@PAVCLightFace@@H@@@@V?$CUtlMemory@V?$CUtlVector@PAVCLightFace@@V?$CUtlMemory@PAVCLightFace@@H@@@@H@@@@@Z 10006180 f   incremental.obj
 0001:000052b0       ?Finalize@CIncremental@@UAE_NXZ 100062b0 f   incremental.obj
 0001:00005670       ?Init@Vector@@QAEXMMM@Z    10006670 f i leaf_ambient_lighting.obj
 0001:000056a0       ?AddEmitSurfaceLights@@YAXABVVector@@QAV1@@Z 100066a0 f   leaf_ambient_lighting.obj
 0001:00005bc0       ?ComputeAmbientFromSphericalSamples@@YAXHABVVector@@QAV1@@Z 10006bc0 f   leaf_ambient_lighting.obj
 0001:00006080       ?IsLeafAmbientSurfaceLight@@YA_NPAUdworldlight_t@@@Z 10007080 f   leaf_ambient_lighting.obj
 0001:00006120       ?CubeDeltaGammaSpace@@YAHPAVVector@@0@Z 10007120 f   leaf_ambient_lighting.obj
 0001:00006190       ??4ambientsample_t@@QAEAAU0@ABU0@@Z 10007190 f i leaf_ambient_lighting.obj
 0001:00006220       ?ShiftElementsRight@?$CUtlVector@UcolorVertex_t@@V?$CUtlMemory@UcolorVertex_t@@H@@@@IAEXHH@Z 10007220 f i vradstaticprops.obj
 0001:00006220       ?ShiftElementsRight@?$CUtlVector@Udleafambientlighting_t@@V?$CUtlMemory@Udleafambientlighting_t@@H@@@@IAEXHH@Z 10007220 f i leaf_ambient_lighting.obj
 0001:00006280       ?Grow@?$CUtlMemory@Uambientsample_t@@H@@QAEXH@Z 10007280 f i leaf_ambient_lighting.obj
 0001:00006330       ?GenerateLeafSamplePosition@CLeafSampler@@QAEXHABV?$CUtlVector@Udplane_t@@V?$CUtlMemory@Udplane_t@@H@@@@AAVVector@@@Z 10007330 f i leaf_ambient_lighting.obj
 0001:000065f0       ?Mod_LeafAmbientColorAtPos@@YAXPAVVector@@ABV1@ABV?$CUtlVector@Uambientsample_t@@V?$CUtlMemory@Uambientsample_t@@H@@@@H@Z 100075f0 f   leaf_ambient_lighting.obj
 0001:00006970       ?CompressAmbientSampleList@@YAXAAV?$CUtlVector@Uambientsample_t@@V?$CUtlMemory@Uambientsample_t@@H@@@@@Z 10007970 f   leaf_ambient_lighting.obj
 0001:00006a00       ?InsertBefore@?$CUtlVector@Udplane_t@@V?$CUtlMemory@Udplane_t@@H@@@@QAEHHABUdplane_t@@@Z 10007a00 f i leaf_ambient_lighting.obj
 0001:00006a80       ?InsertBefore@?$CUtlVector@Uambientsample_t@@V?$CUtlMemory@Uambientsample_t@@H@@@@QAEHH@Z 10007a80 f i leaf_ambient_lighting.obj
 0001:00006ad0       ?InsertMultipleBefore@?$CUtlVector@Uambientsample_t@@V?$CUtlMemory@Uambientsample_t@@H@@@@QAEHHHPBUambientsample_t@@@Z 10007ad0 f i leaf_ambient_lighting.obj
 0001:00006b70       ?InsertMultipleBefore@?$CUtlVector@HV?$CUtlMemory@HH@@@@QAEHHHPBH@Z 10007b70 f i disp_vrad.obj
 0001:00006b70       ?InsertMultipleBefore@?$CUtlVector@Udleafambientindex_t@@V?$CUtlMemory@Udleafambientindex_t@@H@@@@QAEHHHPBUdleafambientindex_t@@@Z 10007b70 f i leaf_ambient_lighting.obj
 0001:00006c10       ?GetLeafBoundaryPlanes@@YAXAAV?$CUtlVector@Udplane_t@@V?$CUtlMemory@Udplane_t@@H@@@@H@Z 10007c10 f   leaf_ambient_lighting.obj
 0001:00006d30       ?AddSampleToList@@YAXAAV?$CUtlVector@Uambientsample_t@@V?$CUtlMemory@Uambientsample_t@@H@@@@ABVVector@@PAV2@@Z 10007d30 f   leaf_ambient_lighting.obj
 0001:00007000       ?EnumerateLeaf@CLeafList@@UAE_NHH@Z 10008000 f i leaf_ambient_lighting.obj
 0001:00007020       ?NearestNeighborWithLight@@YAHH@Z 10008020 f   leaf_ambient_lighting.obj
 0001:00007320       ?ComputeAmbientForLeaf@@YAXHHAAV?$CUtlVector@Uambientsample_t@@V?$CUtlMemory@Uambientsample_t@@H@@@@@Z 10008320 f   leaf_ambient_lighting.obj
 0001:00007470       ?VMPI_ProcessLeafAmbient@@YAXH_KPAVMessageBuffer@@@Z 10008470 f   leaf_ambient_lighting.obj
 0001:000074f0       ?RemoveAll@?$CUtlVector@V?$CUtlVector@UDispCollPlaneIndex_t@@V?$CUtlMemory@UDispCollPlaneIndex_t@@H@@@@V?$CUtlMemory@V?$CUtlVector@UDispCollPlaneIndex_t@@V?$CUtlMemory@UDispCollPlaneIndex_t@@H@@@@H@@@@QAEXXZ 100084f0 f i dispcoll_common.obj
 0001:000074f0       ?RemoveAll@?$CUtlVector@V?$CUtlVector@Uambientsample_t@@V?$CUtlMemory@Uambientsample_t@@H@@@@V?$CUtlMemory@V?$CUtlVector@Uambientsample_t@@V?$CUtlMemory@Uambientsample_t@@H@@@@H@@@@QAEXXZ 100084f0 f i leaf_ambient_lighting.obj
 0001:000074f0       ?RemoveAll@?$CUtlVector@UClusterDispList_t@@V?$CUtlMemory@UClusterDispList_t@@H@@@@QAEXXZ 100084f0 f i vismat.obj
 0001:000074f0       ?RemoveAll@?$CUtlVector@V?$CUtlVector@PAVCLightFace@@V?$CUtlMemory@PAVCLightFace@@H@@@@V?$CUtlMemory@V?$CUtlVector@PAVCLightFace@@V?$CUtlMemory@PAVCLightFace@@H@@@@H@@@@QAEXXZ 100084f0 f i incremental.obj
 0001:00007680       ?VMPI_ReceiveLeafAmbientResults@@YAX_KPAVMessageBuffer@@H@Z 10008680 f   leaf_ambient_lighting.obj
 0001:000076e0       ?InsertMultipleBefore@?$CUtlVector@V?$CUtlVector@Uambientsample_t@@V?$CUtlMemory@Uambientsample_t@@H@@@@V?$CUtlMemory@V?$CUtlVector@Uambientsample_t@@V?$CUtlMemory@Uambientsample_t@@H@@@@H@@@@QAEHHHPBV?$CUtlVector@Uambientsample_t@@V?$CUtlMemory@Uambientsample_t@@H@@@@@Z 100086e0 f i leaf_ambient_lighting.obj
 0001:00007840       ?ComputePerLeafAmbientLighting@@YAXXZ 10008840 f   leaf_ambient_lighting.obj
 0001:00007d30       _cosf                      10008d30 f i lightmap.obj
 0001:00007d40       ?VectorScale@@YAXABVVector@@MAAV1@@Z 10008d40 f i lightmap.obj
 0001:00007d80       ?PowSIMD@@YA?AT__m128@@ABT1@M@Z 10008d80 f i lightmap.obj
 0001:00007db0       ?NextValue@DirectionalSampler_t@@QAE?AVVector@@XZ 10008db0 f i lightmap.obj
 0001:00007e60       ?GetBumpNormals@@YAXPBM0ABVVector@@1QAV1@@Z 10008e60 f   lightmap.obj
 0001:00007ed0       ?PairEdges@@YAXXZ          10008ed0 f   lightmap.obj
 0001:00008510       ?LightmapCoordWindingForFace@@YAPAUwinding_t@@PAUlightinfo_t@@@Z 10009510 f   lightmap.obj
 0001:00008590       ?DumpFaces@@YAXPAUlightinfo_t@@H@Z 10009590 f   lightmap.obj
 0001:00008930       ?FreeSampleWindings@@YAXPAUfacelight_t@@@Z 10009930 f   lightmap.obj
 0001:00008970       ?BuildFaceLuxels@@YA_NPAUlightinfo_t@@PAUfacelight_t@@@Z 10009970 f   lightmap.obj
 0001:00008a40       ?FindTargetEntity@@YAPAUentity_t@@PAD@Z 10009a40 f   lightmap.obj
 0001:00008ac0       ?FreeDLights@@YAXXZ        10009ac0 f   lightmap.obj
 0001:00008b00       ?LightForString@@YAHPADAAVVector@@@Z 10009b00 f   lightmap.obj
 0001:000090a0       ?CanLeafTraceToSky@@YA_NH@Z 1000a0a0 f   lightmap.obj
 0001:00009240       ?ExportDirectLightsToWorldLights@@YAXXZ 1000a240 f   lightmap.obj
 0001:00009350       ?GatherSampleSkyLightSSE@@YAXAAUSSE_sampleLightOutput_t@@PAUdirectlight_t@@HABVFourVectors@@PAV3@HHHHM@Z 1000a350 f   lightmap.obj
 0001:000096a0       ?GatherSampleAmbientSkySSE@@YAXAAUSSE_sampleLightOutput_t@@PAUdirectlight_t@@HABVFourVectors@@PAV3@HHHHM@Z 1000a6a0 f   lightmap.obj
 0001:00009b00       ?GatherSampleStandardLightSSE@@YAXAAUSSE_sampleLightOutput_t@@PAUdirectlight_t@@HABVFourVectors@@PAV3@HHHHM@Z 1000ab00 f   lightmap.obj
 0001:0000a220       ?GatherSampleLightSSE@@YAXAAUSSE_sampleLightOutput_t@@PAUdirectlight_t@@HABVFourVectors@@PAV3@HHHHM@Z 1000b220 f   lightmap.obj
 0001:0000a370       ?GetPhongNormal@@YAXHABVVector@@AAV1@@Z 1000b370 f   lightmap.obj
 0001:0000a750       ?GetPhongNormal@@YAXHABVFourVectors@@AAV1@@Z 1000b750 f   lightmap.obj
 0001:0000ae10       ?GetVisCache@@YAHHHPAE@Z   1000be10 f   lightmap.obj
 0001:0000b900       ?PointsInWinding@@YA_NABVFourVectors@@PAUwinding_t@@AAH@Z 1000c900 f   lightmap.obj
 0001:0000be20       ?ConvertRGBExp32ToRGBA8888@@YAXPBUColorRGBExp32@@PAE@Z 1000ce20 f   lightmap.obj
 0001:0000bfc0       ?MergeDLightVis@@YAXPAUdirectlight_t@@H@Z 1000cfc0 f   lightmap.obj
 0001:0000c990       ?CalcFaceVectors@@YAXPAUlightinfo_t@@@Z 1000d990 f   lightmap.obj
 0001:0000cca0       ?BuildFacesamplesAndLuxels_DoFast@@YA_NPAUlightinfo_t@@PAUfacelight_t@@@Z 1000dca0 f   lightmap.obj
 0001:0000ceb0       ?BuildFacesamples@@YA_NPAUlightinfo_t@@PAUfacelight_t@@@Z 1000deb0 f   lightmap.obj
 0001:0000d2e0       ?CalcPoints@@YAXPAUlightinfo_t@@PAUfacelight_t@@H@Z 1000e2e0 f   lightmap.obj
 0001:0000d3d0       ?AllocDLight@@YAPAUdirectlight_t@@AAVVector@@_N@Z 1000e3d0 f   lightmap.obj
 0001:0000d620       ?BuildVisForLightEnvironment@@YAXXZ 1000e620 f   lightmap.obj
 0001:0000da40       ?CreateDirectLights@@YAXXZ 1000ea40 f   lightmap.obj
 0001:0000dd20       ?AddSampleToPatch@@YAXPAUsample_t@@AAULightingValue_t@@H@Z 1000ed20 f   lightmap.obj
 0001:0000dea0       ?DumpSamples@@YAXHPAUfacelight_t@@@Z 1000eea0 f   lightmap.obj
 0001:0000e020       ?InitLightinfo@@YAXPAUlightinfo_t@@H@Z 1000f020 f   lightmap.obj
 0001:0000e310       ?BuildPatchLights@@YAXH@Z  1000f310 f   lightmap.obj
 0001:0000e820       ?InsertBefore@?$CUtlVector@VVector@@V?$CUtlMemory@VVector@@H@@@@QAEHHABVVector@@@Z 1000f820 f i lightmap.obj
 0001:0000e8a0       ?BuildFacelights@@YAXHH@Z  1000f8a0 f   lightmap.obj
 0001:0000ee90       ??1CNormalList@@QAE@XZ     1000fe90 f i lightmap.obj
 0001:0000ef00       ??0CNormalList@@QAE@XZ     1000ff00 f   lightmap.obj
 0001:0000ef50       ?FindOrAddNormal@CNormalList@@QAEHABVVector@@@Z 1000ff50 f   lightmap.obj
 0001:0000f120       ?SaveVertexNormals@@YAXXZ  10010120 f   lightmap.obj
 0001:0000f270       ?PrecompLightmapOffsets@@YAXXZ 10010270 f   lightmap.obj
 0001:0000f550       ?LoadCmdLineFromFile@@YAXAAHAAPAPADPBD2@Z 10010550 f   loadcmdline.obj
 0001:0000f630       ?DeleteCmdLine@@YAXHPAPAD@Z 10010630 f   loadcmdline.obj
 0001:0000f670       ?MemAlloc_StrDup@@YAPADPBD@Z 10010670 f i macro_texture.obj
 0001:0000f6c0       ?CaselessStringLessThan@@YA_NABQBD0@Z 100106c0 f i macro_texture.obj
 0001:0000f6e0       ?Grow@?$CUtlMemory@DH@@QAEXH@Z 100106e0 f i macro_texture.obj
 0001:0000f6e0       ?Grow@?$CUtlMemory@EH@@QAEXH@Z 100106e0 f i incremental.obj
 0001:0000f780       ?Grow@?$CUtlMemory@PAUStringPool_t@CUtlSymbolTable@@H@@QAEXH@Z 10010780 f i tier1:utlsymbol.obj
 0001:0000f780       ?Grow@?$CUtlMemory@PAUCPatch@@H@@QAEXH@Z 10010780 f i vraddisps.obj
 0001:0000f780       ?Grow@?$CUtlMemory@VCLightValue@@H@@QAEXH@Z 10010780 f i incremental.obj
 0001:0000f780       ?Grow@?$CUtlMemory@PAV?$CUtlVector@UcolorVertex_t@@V?$CUtlMemory@UcolorVertex_t@@H@@@@H@@QAEXH@Z 10010780 f i vradstaticprops.obj
 0001:0000f780       ?Grow@?$CUtlMemory@PAVKeyValues@@H@@QAEXH@Z 10010780 f i tier1:KeyValues.obj
 0001:0000f780       ?Grow@?$CUtlMemory@PAVCCoreDispInfo@@H@@QAEXH@Z 10010780 f i vraddisps.obj
 0001:0000f780       ?Grow@?$CUtlMemory@IH@@QAEXH@Z 10010780 f i samplehash.obj
 0001:0000f780       ?Grow@?$CUtlMemory@HH@@QAEXH@Z 10010780 f i disp_vrad.obj
 0001:0000f780       ?Grow@?$CUtlMemory@PAVCLightFace@@H@@QAEXH@Z 10010780 f i incremental.obj
 0001:0000f780       ?Grow@?$CUtlMemory@PADH@@QAEXH@Z 10010780 f i tier1:strtools.obj
 0001:0000f780       ?Grow@?$CUtlMemory@PAVCMacroTextureData@@H@@QAEXH@Z 10010780 f i macro_texture.obj
 0001:0000f780       ?Grow@?$CUtlMemory@PBDH@@QAEXH@Z 10010780 f i vrad.obj
 0001:0000f780       ?Grow@?$CUtlMemory@PAVCVRADDispColl@@H@@QAEXH@Z 10010780 f i vraddisps.obj
 0001:0000f780       ?Grow@?$CUtlMemory@PAUdirectlight_t@@H@@QAEXH@Z 10010780 f i vraddetailprops.obj
 0001:0000f780       ?Grow@?$CUtlMemory@PAVCPhysConvex@@H@@QAEXH@Z 10010780 f i vradstaticprops.obj
 0001:0000f780       ?Grow@?$CUtlMemory@Udleafambientindex_t@@H@@QAEXH@Z 10010780 f i leaf_ambient_lighting.obj
 0001:0000f830       ?SampleMacroTexture@@YA?AVVector@@PBVCMacroTextureData@@ABV1@@Z 10010830 f i macro_texture.obj
 0001:0000f970       ?EnsureCapacity@?$CUtlMemory@EH@@QAEXH@Z 10010970 f i macro_texture.obj
 0001:0000f9c0       ?Parent@?$CUtlRBTree@UNode_t@?$CUtlMap@PBDPAVCMacroTextureData@@H@@HVCKeyLess@2@V?$CUtlMemory@U?$UtlRBTreeNode_t@UNode_t@?$CUtlMap@PBDPAVCMacroTextureData@@H@@H@@H@@@@QBEHH@Z 100109c0 f i macro_texture.obj
 0001:0000fa10       ?Grow@?$CUtlMemory@U?$UtlRBTreeNode_t@UNode_t@?$CUtlMap@PBDPAVCMacroTextureData@@H@@H@@H@@QAEXH@Z 10010a10 f i macro_texture.obj
 0001:0000fa10       ?Grow@?$CUtlMemory@Uclusterlist_t@@H@@QAEXH@Z 10010a10 f i bsplib.obj
 0001:0000fa10       ?Grow@?$CUtlMemory@U?$UtlLinkedListElem_t@Umsg_t@CMySqlDatabase@@H@@H@@QAEXH@Z 10010a10 f i MySqlDatabase.obj
 0001:0000fa10       ?Grow@?$CUtlMemory@UMeshData_t@CVradStaticPropMgr@@H@@QAEXH@Z 10010a10 f i vradstaticprops.obj
 0001:0000fa10       ?Grow@?$CUtlMemory@UfileList_t@@H@@QAEXH@Z 10010a10 f i scriplib.obj
 0001:0000fab0       ?ApplyMacroTextures@@YAXHABVVector@@AAV1@@Z 10010ab0 f   macro_texture.obj
 0001:0000fb50       ?Purge@?$CUtlVector@DV?$CUtlMemory@DH@@@@QAEXXZ 10010b50 f i macro_texture.obj
 0001:0000fb50       ?Purge@?$CUtlVector@VCIPAddr@@V?$CUtlMemory@VCIPAddr@@H@@@@QAEXXZ 10010b50 f i vmpi:vmpi.obj
 0001:0000fb50       ?Purge@?$CUtlVector@EV?$CUtlMemory@EH@@@@QAEXXZ 10010b50 f i incremental.obj
 0001:0000fb50       ?Purge@?$CUtlVector@VCLightValue@@V?$CUtlMemory@VCLightValue@@H@@@@QAEXXZ 10010b50 f i incremental.obj
 0001:0000fba0       ?LeftChild@?$CUtlRBTree@UNode_t@?$CUtlMap@PBDPAVCMacroTextureData@@H@@HVCKeyLess@2@V?$CUtlMemory@U?$UtlRBTreeNode_t@UNode_t@?$CUtlMap@PBDPAVCMacroTextureData@@H@@H@@H@@@@QBEHH@Z 10010ba0 f i macro_texture.obj
 0001:0000fbf0       ?RightChild@?$CUtlRBTree@UNode_t@?$CUtlMap@PBDPAVCMacroTextureData@@H@@HVCKeyLess@2@V?$CUtlMemory@U?$UtlRBTreeNode_t@UNode_t@?$CUtlMap@PBDPAVCMacroTextureData@@H@@H@@H@@@@QBEHH@Z 10010bf0 f i macro_texture.obj
 0001:0000fc40       ?FindInsertionPosition@?$CUtlRBTree@UNode_t@?$CUtlMap@PBDPAVCMacroTextureData@@H@@HVCKeyLess@2@V?$CUtlMemory@U?$UtlRBTreeNode_t@UNode_t@?$CUtlMap@PBDPAVCMacroTextureData@@H@@H@@H@@@@IAEXABUNode_t@?$CUtlMap@PBDPAVCMacroTextureData@@H@@AAHAA_N@Z 10010c40 f i macro_texture.obj
 0001:0000fd30       ?InsertMultipleBefore@?$CUtlVector@DV?$CUtlMemory@DH@@@@QAEHHHPBD@Z 10010d30 f i macro_texture.obj
 0001:0000fdb0       ?NewNode@?$CUtlRBTree@UNode_t@?$CUtlMap@PBDPAVCMacroTextureData@@H@@HVCKeyLess@2@V?$CUtlMemory@U?$UtlRBTreeNode_t@UNode_t@?$CUtlMap@PBDPAVCMacroTextureData@@H@@H@@H@@@@QAEHXZ 10010db0 f i macro_texture.obj
 0001:0000fe70       ?FirstInorder@?$CUtlRBTree@UNode_t@?$CUtlMap@PBDPAVCMacroTextureData@@H@@HVCKeyLess@2@V?$CUtlMemory@U?$UtlRBTreeNode_t@UNode_t@?$CUtlMap@PBDPAVCMacroTextureData@@H@@H@@H@@@@QBEHXZ 10010e70 f i macro_texture.obj
 0001:0000ff10       ?IsLeftChild@?$CUtlRBTree@UNode_t@?$CUtlMap@PBDPAVCMacroTextureData@@H@@HVCKeyLess@2@V?$CUtlMemory@U?$UtlRBTreeNode_t@UNode_t@?$CUtlMap@PBDPAVCMacroTextureData@@H@@H@@H@@@@QBE_NH@Z 10010f10 f i macro_texture.obj
 0001:0000ff80       ?RotateLeft@?$CUtlRBTree@UNode_t@?$CUtlMap@PBDPAVCMacroTextureData@@H@@HVCKeyLess@2@V?$CUtlMemory@U?$UtlRBTreeNode_t@UNode_t@?$CUtlMap@PBDPAVCMacroTextureData@@H@@H@@H@@@@IAEXH@Z 10010f80 f i macro_texture.obj
 0001:000100b0       ?RotateRight@?$CUtlRBTree@UNode_t@?$CUtlMap@PBDPAVCMacroTextureData@@H@@HVCKeyLess@2@V?$CUtlMemory@U?$UtlRBTreeNode_t@UNode_t@?$CUtlMap@PBDPAVCMacroTextureData@@H@@H@@H@@@@IAEXH@Z 100110b0 f i macro_texture.obj
 0001:000101b0       ?Find@?$CUtlRBTree@UNode_t@?$CUtlMap@PBDPAVCMacroTextureData@@H@@HVCKeyLess@2@V?$CUtlMemory@U?$UtlRBTreeNode_t@UNode_t@?$CUtlMap@PBDPAVCMacroTextureData@@H@@H@@H@@@@QBEHABUNode_t@?$CUtlMap@PBDPAVCMacroTextureData@@H@@@Z 100111b0 f i macro_texture.obj
 0001:000102a0       ?RemoveAll@?$CUtlRBTree@UNode_t@?$CUtlMap@PBDPAVCMacroTextureData@@H@@HVCKeyLess@2@V?$CUtlMemory@U?$UtlRBTreeNode_t@UNode_t@?$CUtlMap@PBDPAVCMacroTextureData@@H@@H@@H@@@@QAEXXZ 100112a0 f i macro_texture.obj
 0001:00010330       ?NextInorder@?$CUtlRBTree@UNode_t@?$CUtlMap@PBDPAVCMacroTextureData@@H@@HVCKeyLess@2@V?$CUtlMemory@U?$UtlRBTreeNode_t@UNode_t@?$CUtlMap@PBDPAVCMacroTextureData@@H@@H@@H@@@@QBEHH@Z 10011330 f i macro_texture.obj
 0001:000104c0       ?InsertRebalance@?$CUtlRBTree@UNode_t@?$CUtlMap@PBDPAVCMacroTextureData@@H@@HVCKeyLess@2@V?$CUtlMemory@U?$UtlRBTreeNode_t@UNode_t@?$CUtlMap@PBDPAVCMacroTextureData@@H@@H@@H@@@@IAEXH@Z 100114c0 f i macro_texture.obj
 0001:00010a00       ?LinkToParent@?$CUtlRBTree@UNode_t@?$CUtlMap@PBDPAVCMacroTextureData@@H@@HVCKeyLess@2@V?$CUtlMemory@U?$UtlRBTreeNode_t@UNode_t@?$CUtlMap@PBDPAVCMacroTextureData@@H@@H@@H@@@@IAEXHH_N@Z 10011a00 f i macro_texture.obj
 0001:00010a70       ?SetSize@?$CUtlVector@DV?$CUtlMemory@DH@@@@QAEXH@Z 10011a70 f i macro_texture.obj
 0001:00010a70       ?SetSize@?$CUtlVector@EV?$CUtlMemory@EH@@@@QAEXH@Z 10011a70 f i incremental.obj
 0001:00010ac0       ??1?$CUtlRBTree@UNode_t@?$CUtlMap@PBDPAVCMacroTextureData@@H@@HVCKeyLess@2@V?$CUtlMemory@U?$UtlRBTreeNode_t@UNode_t@?$CUtlMap@PBDPAVCMacroTextureData@@H@@H@@H@@@@QAE@XZ 10011ac0 f i macro_texture.obj
 0001:00010b20       ?RemoveAll@?$CUtlDict@PAVCMacroTextureData@@H@@QAEXXZ 10011b20 f i macro_texture.obj
 0001:00010b70       ?LoadMacroTextureFile@@YAPAVCMacroTextureData@@PBD@Z 10011b70 f   macro_texture.obj
 0001:00010d00       ?Insert@?$CUtlRBTree@UNode_t@?$CUtlMap@PBDPAVCMacroTextureData@@H@@HVCKeyLess@2@V?$CUtlMemory@U?$UtlRBTreeNode_t@UNode_t@?$CUtlMap@PBDPAVCMacroTextureData@@H@@H@@H@@@@QAEHABUNode_t@?$CUtlMap@PBDPAVCMacroTextureData@@H@@@Z 10011d00 f i macro_texture.obj
 0001:00010d60       ?InitMacroTexture@@YAXPBD@Z 10011d60 f   macro_texture.obj
 0001:00011030       ?MakeModuleFileName@@YAPBDXZ 10012030 f   memoverride.obj
 0001:000110c0       _calloc                    100120c0 f   memoverride.obj
 0001:00011140       __calloc_base              10012140 f   memoverride.obj
 0001:000111c0       __realloc_base             100121c0 f   memoverride.obj
 0001:00011220       __recalloc_base            10012220 f   memoverride.obj
 0001:000112a0       __malloc_crt               100122a0 f   memoverride.obj
 0001:000112a0       ??2@YAPAXI@Z               100122a0 f   memoverride.obj
 0001:000112a0       _malloc                    100122a0 f   memoverride.obj
 0001:00011300       __calloc_crt               10012300 f   memoverride.obj
 0001:00011320       __realloc_crt              10012320 f   memoverride.obj
 0001:00011330       __recalloc_crt             10012330 f   memoverride.obj
 0001:00011350       __msize                    10012350 f   memoverride.obj
 0001:00011370       __heap_init                10012370 f   memoverride.obj
 0001:00011380       ??3@YAXPAX@Z               10012380 f   memoverride.obj
 0001:00011380       _free                      10012380 f   memoverride.obj
 0001:00011380       ??_V@YAXPAX@Z              10012380 f   memoverride.obj
 0001:000113a0       __strdup                   100123a0 f   memoverride.obj
 0001:00011420       __wcsdup                   10012420 f i memoverride.obj
 0001:00011420       ?GetBufferType@CCodecBuffer@@UBE?BW4_CodecBufferType@@XZ 10012420 f i bitmap:CodecBuffer.obj
 0001:00011420       ?GetID@ISQLDBCommand@@UAEHXZ 10012420 f i mpi_stats.obj
 0001:00011420       ?GetReturnData@ISQLDBCommand@@UAEPAXXZ 10012420 f i mpi_stats.obj
 0001:00011420       __expand                   10012420 f i memoverride.obj
 0001:00011420       ?sync@?$basic_streambuf@DU?$char_traits@D@std@@@std@@MAEHXZ 10012420 f i chunkfile.obj
 0001:00011420       ?showmanyc@?$basic_streambuf@DU?$char_traits@D@std@@@std@@MAEHXZ 10012420 f i chunkfile.obj
 0001:00011430       ?GetDebugInfo@ISQLDBCommand@@UAEXPADH@Z 10012430 f i mpi_stats.obj
 0001:00011440       ?FormatStringForSQL@@YAPADPBD@Z 10012440 f   mpi_stats.obj
 0001:000114a0       ?UnloadMySQLWrapper@@YAXXZ 100124a0 f   mpi_stats.obj
 0001:000114e0       ?LoadMySQLWrapper@@YA_NPBD00@Z 100124e0 f   mpi_stats.obj
 0001:000115c0       ?GetDBInfo@@YAXPBDPAVCDBInfo@@@Z 100125c0 f   mpi_stats.obj
 0001:00011700       ?RunJobWatchApp@@YAXPAD@Z  10012700 f   mpi_stats.obj
 0001:000117d0       ??_ECSQLDBCommand_TextMessage@@UAEPAXI@Z 100127d0 f i mpi_stats.obj
 0001:000117d0       ??_GCSQLDBCommand_TextMessage@@UAEPAXI@Z 100127d0 f i mpi_stats.obj
 0001:00011810       ?RunCommand@CSQLDBCommand_WorkerStats@@UAEHXZ 10012810 f i mpi_stats.obj
 0001:000118d0       ??_ECSQLDBCommand_WorkerStats@@UAEPAXI@Z 100128d0 f i mpi_stats.obj
 0001:000118d0       ??_GISQLDBCommand@@MAEPAXI@Z 100128d0 f i mpi_stats.obj
 0001:000118d0       ??_EISQLDBCommand@@MAEPAXI@Z 100128d0 f i mpi_stats.obj
 0001:000118d0       ??_GCSQLDBCommand_GraphEntry@@UAEPAXI@Z 100128d0 f i mpi_stats.obj
 0001:000118d0       ??_ECSQLDBCommand_GraphEntry@@UAEPAXI@Z 100128d0 f i mpi_stats.obj
 0001:000118d0       ??_ECSQLDBCommand_JobMasterEnd@@UAEPAXI@Z 100128d0 f i mpi_stats.obj
 0001:000118d0       ??_GCSQLDBCommand_WorkerStats@@UAEPAXI@Z 100128d0 f i mpi_stats.obj
 0001:000118d0       ??_GCSQLDBCommand_JobMasterEnd@@UAEPAXI@Z 100128d0 f i mpi_stats.obj
 0001:000118f0       ?PerfThread_AddGraphEntry@@YAXKAAK0@Z 100128f0 f   mpi_stats.obj
 0001:00011980       ?VMPI_Stats_Term@@YAXXZ    10012980 f   mpi_stats.obj
 0001:00011a90       ?Execute@CMySQLQuery@@QAEHPAVIMySQL@@@Z 10012a90 f   mpi_stats.obj
 0001:00011ae0       ?VMPI_Stats_SpewHook@@YAXPBD@Z 10012ae0 f   mpi_stats.obj
 0001:00011b30       ?PerfThread_SendSpewText@@YAXXZ 10012b30 f   mpi_stats.obj
 0001:00011c70       ?PerfThreadFn@@YGKPAX@Z    10012c70 f   mpi_stats.obj
 0001:00011d30       ?VMPI_Stats_InstallSpewHook@@YAXXZ 10012d30 f   mpi_stats.obj
 0001:00011d40       ?Format@CMySQLQuery@@QAAXPBDZZ 10012d40 f   mpi_stats.obj
 0001:00011e20       ?RunCommand@CSQLDBCommand_JobMasterEnd@@UAEHXZ 10012e20 f i mpi_stats.obj
 0001:00011f20       ?UpdateJobWorkerRunningTime@@YAXXZ 10012f20 f   mpi_stats.obj
 0001:00011ff0       ?RunCommand@CSQLDBCommand_GraphEntry@@UAEHXZ 10012ff0 f i mpi_stats.obj
 0001:00012090       ?RunCommand@CSQLDBCommand_TextMessage@@UAEHXZ 10013090 f i mpi_stats.obj
 0001:00012130       ?VMPI_Stats_Init_Worker@@YA_NPBD00K@Z 10013130 f   mpi_stats.obj
 0001:000122c0       ?VMPI_Stats_Init_Master@@YA_NPBD000PAK@Z 100132c0 f   mpi_stats.obj
 0001:00012450       ?StatsDB_InitStatsDatabase@@YAXHPAPADPBD@Z 10013450 f   mpi_stats.obj
 0001:000125c0       ?VRAD_SetupMPI@@YAXAAHAAPAPAD@Z 100135c0 f   mpivrad.obj
 0001:00012690       ?MPI_AddPatchData@@YAXHHPAUCPatch@@@Z 10013690 f   mpivrad.obj
 0001:000126f0       ?End@CFastTimer@@QAEXXZ    100136f0 f i mpivrad.obj
 0001:00012730       ?SerializeFace@@YAXPAVMessageBuffer@@H@Z 10013730 f   mpivrad.obj
 0001:00012800       ?UnSerializeFace@@YAXPAVMessageBuffer@@HH@Z 10013800 f   mpivrad.obj
 0001:00012a20       ?MPI_ReceiveFaceResults@@YAX_KPAVMessageBuffer@@H@Z 10013a20 f   mpivrad.obj
 0001:00012a40       ??$SwapBufferToTargetEndian@D@CByteswap@@QAEXPAD0H@Z 10013a40 f i mpivrad.obj
 0001:00012a70       ??$SwapBufferToTargetEndian@H@CByteswap@@QAEXPAH0H@Z 10013a70 f i mpivrad.obj
 0001:00012b00       ?End@CTimeAdder@@QAEXXZ    10013b00 f i mpivrad.obj
 0001:00012b60       ?MPI_ReceiveVisLeafsResults@@YAX_KPAVMessageBuffer@@H@Z 10013b60 f   mpivrad.obj
 0001:00012c40       ??$PutTypeBin@D@CUtlBuffer@@IAEXD@Z 10013c40 f i mpivrad.obj
 0001:00012c70       ??$GetTypeBin@H@CUtlBuffer@@IAEXAAH@Z 10013c70 f i mpivrad.obj
 0001:00012cd0       ??$PutTypeBin@H@CUtlBuffer@@IAEXH@Z 10013cd0 f i mpivrad.obj
 0001:00012d30       ?PutTabs@CUtlBuffer@@IAEXXZ 10013d30 f i mpivrad.obj
 0001:00012d80       ?MPI_ProcessFaces@@YAXH_KPAVMessageBuffer@@@Z 10013d80 f   mpivrad.obj
 0001:00012df0       ?RunMPIBuildFacelights@@YAXXZ 10013df0 f   mpivrad.obj
 0001:00012ee0       ?MPI_ProcessVisLeafs@@YAXH_KPAVMessageBuffer@@@Z 10013ee0 f   mpivrad.obj
 0001:00012f90       ?RunMPIBuildVisLeafs@@YAXXZ 10013f90 f   mpivrad.obj
 0001:000130e0       ?GetChar@CUtlBuffer@@QAEDXZ 100140e0 f i mpivrad.obj
 0001:00013130       ?EnsureCount@?$CUtlVector@EV?$CUtlMemory@EH@@@@QAEXH@Z 10014130 f i mpivrad.obj
 0001:00013190       ?VMPI_DistributeLightData@@YAXXZ 10014190 f   mpivrad.obj
 0001:000135d0       ?VRAD_DispatchFn@@YA_NPAVMessageBuffer@@HH@Z 100145d0 f   mpivrad.obj
 0001:00013610       ?QueriesInOutQueue@CMySqlDatabase@@UAEHXZ 10014610 f   MySqlDatabase.obj
 0001:00013620       ?QueriesInFinishedQueue@CMySqlDatabase@@UAEHXZ 10014620 f   MySqlDatabase.obj
 0001:00013630       ?AllocInternal@?$CUtlLinkedList@Umsg_t@CMySqlDatabase@@H$0A@HV?$CUtlMemory@U?$UtlLinkedListElem_t@Umsg_t@CMySqlDatabase@@H@@H@@@@IAEH_N@Z 10014630 f i MySqlDatabase.obj
 0001:00013720       ?RemoveAll@?$CUtlLinkedList@Umsg_t@CMySqlDatabase@@H$0A@HV?$CUtlMemory@U?$UtlLinkedListElem_t@Umsg_t@CMySqlDatabase@@H@@H@@@@QAEXXZ 10014720 f i MySqlDatabase.obj
 0001:00013780       ?Unlink@?$CUtlLinkedList@Umsg_t@CMySqlDatabase@@H$0A@HV?$CUtlMemory@U?$UtlLinkedListElem_t@Umsg_t@CMySqlDatabase@@H@@H@@@@QAEXH@Z 10014780 f i MySqlDatabase.obj
 0001:00013800       ??0CMySqlDatabase@@QAE@XZ  10014800 f   MySqlDatabase.obj
 0001:00013880       ??1CMySqlDatabase@@QAE@XZ  10014880 f   MySqlDatabase.obj
 0001:00013920       ?AddToTail@?$CUtlLinkedList@Umsg_t@CMySqlDatabase@@H$0A@HV?$CUtlMemory@U?$UtlLinkedListElem_t@Umsg_t@CMySqlDatabase@@H@@H@@@@QAEHABUmsg_t@CMySqlDatabase@@@Z 10014920 f i MySqlDatabase.obj
 0001:00013990       ?RunThread@CMySqlDatabase@@QAEXXZ 10014990 f   MySqlDatabase.obj
 0001:00013ab0       ?AddCommandToQueue@CMySqlDatabase@@QAEXPAVISQLDBCommand@@PAVISQLDBReplyTarget@@H@Z 10014ab0 f   MySqlDatabase.obj
 0001:00013b20       ?Initialize@CMySqlDatabase@@QAE_NXZ 10014b20 f   MySqlDatabase.obj
 0001:00013b80       ?UpdatePacifier@@YAXM@Z    10014b80 f   pacifier.obj
 0001:00013c10       ?EndPacifier@@YAX_N@Z      10014c10 f   pacifier.obj
 0001:00013c40       ?StartPacifier@@YAXPBD@Z   10014c40 f   pacifier.obj
 0001:00013c70       ?GetPhysicsFactory@@YAP6APAXPBDPAH@ZXZ 10014c70 f   physdll.obj
 0001:00013cb0       _PhysicsDLLPath            10014cb0 f   physdll.obj
 0001:00013ce0       ?Init@Vector2D@@QAEXMM@Z   10014ce0 f i radial.obj
 0001:00013d00       ?WorldToLuxelSpace@@YAXPBUlightinfo_t@@ABVVector@@AAVVector2D@@@Z 10014d00 f   radial.obj
 0001:00013d90       ?LuxelSpaceToWorld@@YAXPBUlightinfo_t@@MMAAVVector@@@Z 10014d90 f   radial.obj
 0001:00013e10       ?LuxelSpaceToWorld@@YAXPBUlightinfo_t@@T__m128@@1AAVFourVectors@@@Z 10014e10 f   radial.obj
 0001:00013f50       ?AddDirectToRadial@@YAXPAUradial_s@@ABVVector@@ABVVector2D@@2QBULightingValue_t@@_N4@Z 10014f50 f   radial.obj
 0001:00014510       ?AddBouncedToRadial@@YAXPAUradial_s@@ABVVector@@ABVVector2D@@2QBV2@_N4@Z 10015510 f   radial.obj
 0001:00014a00       ?AllocateRadial@@YAPAUradial_s@@H@Z 10015a00 f   radial.obj
 0001:00014a40       ?SampleRadial@@YA_NPAUradial_s@@AAVVector@@QAULightingValue_t@@H@Z 10015a40 f   radial.obj
 0001:00014f60       ?FloatLess@@YA_NABM0@Z     10015f60 f   radial.obj
 0001:00014f80       ?DumpDispLuxels@@YAXHAAVVector@@HH@Z 10015f80 f   radial.obj
 0001:00015030       ?CloseDispLuxels@@YAXXZ    10016030 f   radial.obj
 0001:00015060       ?Grow@?$CUtlMemory@V?$CUtlVector@PAVCLightFace@@V?$CUtlMemory@PAVCLightFace@@H@@@@H@@QAEXH@Z 10016060 f i incremental.obj
 0001:00015060       ?Grow@?$CUtlMemory@UClusterDispList_t@@H@@QAEXH@Z 10016060 f i vismat.obj
 0001:00015060       ?Grow@?$CUtlMemory@VCDispVert@@H@@QAEXH@Z 10016060 f i bsplib.obj
 0001:00015060       ?Grow@?$CUtlMemory@V?$CUtlVector@USampleData_t@@V?$CUtlMemory@USampleData_t@@H@@@@H@@QAEXH@Z 10016060 f i samplehash.obj
 0001:00015060       ?Grow@?$CUtlMemory@V?$CUtlVector@UPatchSampleData_t@@V?$CUtlMemory@UPatchSampleData_t@@H@@@@H@@QAEXH@Z 10016060 f i samplehash.obj
 0001:00015060       ?Grow@?$CUtlMemory@V?$CUtlVector@UDispCollPlaneIndex_t@@V?$CUtlMemory@UDispCollPlaneIndex_t@@H@@@@H@@QAEXH@Z 10016060 f i dispcoll_common.obj
 0001:00015060       ?Grow@?$CUtlMemory@U?$UtlRBTreeNode_t@MH@@H@@QAEXH@Z 10016060 f i radial.obj
 0001:00015060       ?Grow@?$CUtlMemory@Udplane_t@@H@@QAEXH@Z 10016060 f i leaf_ambient_lighting.obj
 0001:00015060       ?Grow@?$CUtlMemory@V?$CUtlVector@Uambientsample_t@@V?$CUtlMemory@Uambientsample_t@@H@@@@H@@QAEXH@Z 10016060 f i leaf_ambient_lighting.obj
 0001:00015100       ?PatchLightmapCoordRange@@YAXPAUradial_s@@HAAVVector2D@@1@Z 10016100 f   radial.obj
 0001:00015240       ?BuildPatchRadial@@YAPAUradial_s@@H@Z 10016240 f   radial.obj
 0001:00015500       ?BuildLuxelRadial@@YAPAUradial_s@@HH@Z 10016500 f   radial.obj
 0001:00015ba0       ?Parent@?$CUtlRBTree@MHP6A_NABM0@ZV?$CUtlMemory@U?$UtlRBTreeNode_t@MH@@H@@@@QBEHH@Z 10016ba0 f i radial.obj
 0001:00015bf0       ?LeftChild@?$CUtlRBTree@MHP6A_NABM0@ZV?$CUtlMemory@U?$UtlRBTreeNode_t@MH@@H@@@@QBEHH@Z 10016bf0 f i radial.obj
 0001:00015c40       ?RightChild@?$CUtlRBTree@MHP6A_NABM0@ZV?$CUtlMemory@U?$UtlRBTreeNode_t@MH@@H@@@@QBEHH@Z 10016c40 f i radial.obj
 0001:00015c90       ?FindInsertionPosition@?$CUtlRBTree@MHP6A_NABM0@ZV?$CUtlMemory@U?$UtlRBTreeNode_t@MH@@H@@@@IAEXABMAAHAA_N@Z 10016c90 f i radial.obj
 0001:00015d80       ?NewNode@?$CUtlRBTree@MHP6A_NABM0@ZV?$CUtlMemory@U?$UtlRBTreeNode_t@MH@@H@@@@QAEHXZ 10016d80 f i radial.obj
 0001:00015e40       ?IsLeftChild@?$CUtlRBTree@MHP6A_NABM0@ZV?$CUtlMemory@U?$UtlRBTreeNode_t@MH@@H@@@@QBE_NH@Z 10016e40 f i radial.obj
 0001:00015eb0       ?RotateLeft@?$CUtlRBTree@MHP6A_NABM0@ZV?$CUtlMemory@U?$UtlRBTreeNode_t@MH@@H@@@@IAEXH@Z 10016eb0 f i radial.obj
 0001:00015fe0       ?RotateRight@?$CUtlRBTree@MHP6A_NABM0@ZV?$CUtlMemory@U?$UtlRBTreeNode_t@MH@@H@@@@IAEXH@Z 10016fe0 f i radial.obj
 0001:000160e0       ?RemoveAll@?$CUtlRBTree@MHP6A_NABM0@ZV?$CUtlMemory@U?$UtlRBTreeNode_t@MH@@H@@@@QAEXXZ 100170e0 f i radial.obj
 0001:00016170       ?FirstInorder@?$CUtlRBTree@MHP6A_NABM0@ZV?$CUtlMemory@U?$UtlRBTreeNode_t@MH@@H@@@@QBEHXZ 10017170 f i radial.obj
 0001:00016210       ?NextInorder@?$CUtlRBTree@MHP6A_NABM0@ZV?$CUtlMemory@U?$UtlRBTreeNode_t@MH@@H@@@@QBEHH@Z 10017210 f i radial.obj
 0001:000163a0       ?InsertRebalance@?$CUtlRBTree@MHP6A_NABM0@ZV?$CUtlMemory@U?$UtlRBTreeNode_t@MH@@H@@@@IAEXH@Z 100173a0 f i radial.obj
 0001:000168e0       ?FinalLightFace@@YAXHH@Z   100178e0 f   radial.obj
 0001:00017570       ?PatchSampleData_CompareFunc@@YA_NABUPatchSampleData_t@@0@Z 10018570 f   samplehash.obj
 0001:00017570       ?SampleData_CompareFunc@@YA_NABUSampleData_t@@0@Z 10018570 f   samplehash.obj
 0001:000175a0       ?PatchSampleData_KeyFunc@@YAIABUPatchSampleData_t@@@Z 100185a0 f   samplehash.obj
 0001:000175a0       ?SampleData_KeyFunc@@YAIABUSampleData_t@@@Z 100185a0 f   samplehash.obj
 0001:000175c0       ?IncrementPatchIterationKey@@YAGXZ 100185c0 f   samplehash.obj
 0001:00017620       ?Log@?$CUtlHash@USampleData_t@@P6A_NABU1@0@ZP6AI0@Z@@QAEXPBD@Z 10018620 f i samplehash.obj
 0001:000176e0       ?DoFind@?$CUtlHash@UPatchSampleData_t@@P6A_NABU1@0@ZP6AI0@Z@@IBE_NABUPatchSampleData_t@@PAIPAH@Z 100186e0 f i samplehash.obj
 0001:000176e0       ?DoFind@?$CUtlHash@USampleData_t@@P6A_NABU1@0@ZP6AI0@Z@@IBE_NABUSampleData_t@@PAIPAH@Z 100186e0 f i samplehash.obj
 0001:00017770       ?SampleData_Log@@YAXXZ     10018770 f   samplehash.obj
 0001:00017790       ?SampleData_Find@@YAIPAUsample_t@@@Z 10018790 f   samplehash.obj
 0001:00017840       ?InsertBefore@?$CUtlVector@UPatchSampleData_t@@V?$CUtlMemory@UPatchSampleData_t@@H@@@@QAEHH@Z 10018840 f i samplehash.obj
 0001:00017840       ?InsertBefore@?$CUtlVector@USampleData_t@@V?$CUtlMemory@USampleData_t@@H@@@@QAEHH@Z 10018840 f i samplehash.obj
 0001:000178d0       ?RemoveAll@?$CUtlVector@USampleData_t@@V?$CUtlMemory@USampleData_t@@H@@@@QAEXXZ 100188d0 f i samplehash.obj
 0001:000178d0       ?RemoveAll@?$CUtlVector@UPatchSampleData_t@@V?$CUtlMemory@UPatchSampleData_t@@H@@@@QAEXXZ 100188d0 f i samplehash.obj
 0001:00017960       ?SampleData_InsertIntoHashTable@@YAIPAUsample_t@@I@Z 10018960 f   samplehash.obj
 0001:00017a80       ?SampleData_AddSample@@YAIPAUsample_t@@I@Z 10018a80 f   samplehash.obj
 0001:00017af0       ?PatchSampleData_AddSample@@YAXPAUCPatch@@H@Z 10018af0 f   samplehash.obj
 0001:00017dd0       ?Purge@?$CUtlHash@UPatchSampleData_t@@P6A_NABU1@0@ZP6AI0@Z@@QAEXXZ 10018dd0 f i samplehash.obj
 0001:00017dd0       ?Purge@?$CUtlHash@USampleData_t@@P6A_NABU1@0@ZP6AI0@Z@@QAEXXZ 10018dd0 f i samplehash.obj
 0001:00017e30       ?RemoveAll@?$CUtlVector@V?$CUtlVector@USampleData_t@@V?$CUtlMemory@USampleData_t@@H@@@@V?$CUtlMemory@V?$CUtlVector@USampleData_t@@V?$CUtlMemory@USampleData_t@@H@@@@H@@@@QAEXXZ 10018e30 f i samplehash.obj
 0001:00017e30       ?RemoveAll@?$CUtlVector@V?$CUtlVector@UPatchSampleData_t@@V?$CUtlMemory@UPatchSampleData_t@@H@@@@V?$CUtlMemory@V?$CUtlVector@UPatchSampleData_t@@V?$CUtlMemory@UPatchSampleData_t@@H@@@@H@@@@QAEXXZ 10018e30 f i samplehash.obj
 0001:00017ec0       ??1?$CUtlVector@V?$CUtlVector@USampleData_t@@V?$CUtlMemory@USampleData_t@@H@@@@V?$CUtlMemory@V?$CUtlVector@USampleData_t@@V?$CUtlMemory@USampleData_t@@H@@@@H@@@@QAE@XZ 10018ec0 f i samplehash.obj
 0001:00017ec0       ??1?$CUtlVector@V?$CUtlVector@UPatchSampleData_t@@V?$CUtlMemory@UPatchSampleData_t@@H@@@@V?$CUtlMemory@V?$CUtlVector@UPatchSampleData_t@@V?$CUtlMemory@UPatchSampleData_t@@H@@@@H@@@@QAE@XZ 10018ec0 f i samplehash.obj
 0001:00017f20       ?PointLeafnum_r@@YAHABVVector@@H@Z 10018f20 f   trace.obj
 0001:00017fa0       ?PointLeafnum@@YAHABVVector@@@Z 10018fa0 f   trace.obj
 0001:00017fb0       ??4CBaseTrace@@QAEAAV0@ABV0@@Z 10018fb0 f i trace.obj
 0001:00018030       ?VisitTriangle_ShouldContinue@CCoverageCountTexture@@UAE_NABUTriIntersectData_t@@ABVFourRays@@PAT__m128@@222H@Z 10019030 f i trace.obj
 0001:00018110       ?TestLine@@YAXABVFourVectors@@0PAT__m128@@H@Z 10019110 f   trace.obj
 0001:000182c0       ?DM_ClipBoxToBrush@@YAXPAVCToolTrace@@ABVVector@@111PAUdbrush_t@@@Z 100192c0 f   trace.obj
 0001:000186c0       ?AddBrushToRaytraceEnvironment@@YAXPAUdbrush_t@@ABVVMatrix@@@Z 100196c0 f   trace.obj
 0001:00018a70       ?TraceLeafBrushes@@YAMHABVVector@@0AAVCBaseTrace@@@Z 10019a70 f   trace.obj
 0001:00018b90       ?TestLine_DoesHitSky@@YAXABVFourVectors@@0PAT__m128@@_NH2@Z 10019b90 f   trace.obj
 0001:00019080       ?GetBrushes_r@@YAXHAAV?$CUtlVector@HV?$CUtlMemory@HH@@@@@Z 1001a080 f   trace.obj
 0001:00019130       ?AddBrushes@@YAXPAUdmodel_t@@ABVVMatrix@@@Z 1001a130 f   trace.obj
 0001:000191f0       ?ExtractBrushEntityShadowCasters@@YAXXZ 1001a1f0 f   trace.obj
 0001:000192d0       ?AddBrushesForRayTrace@@YAXXZ 1001a2d0 f   trace.obj
 0001:000194b0       ?Finish@CTransferMaker@@QAEXXZ 1001a4b0 f   vismat.obj
 0001:00019520       ?PointInLeaf@@YAPAUdleaf_t@@HABVVector@@@Z 1001a520 f   vismat.obj
 0001:000195d0       ?ClusterFromPoint@@YAHABVVector@@@Z 1001a5d0 f   vismat.obj
 0001:000195f0       ?BuildVisLeafs_Start@@YAPAUtransfer_t@@XZ 1001a5f0 f   vismat.obj
 0001:00019600       ?BuildVisLeafs_End@@YAXPAUtransfer_t@@@Z 1001a600 f   vismat.obj
 0001:00019610       ?Flush@CVMPIFile_Memory@@UAEXXZ 1001a610 f   vmpi:vmpi_filesystem.obj
 0001:00019610       ?FreeVisMatrix@@YAXXZ      1001a610 f   vismat.obj
 0001:00019610       __heap_term                1001a610 f   memoverride.obj
 0001:00019610       ?DefaultScriptLoadedCallback@@YAXPBD0H@Z 1001a610 f   scriplib.obj
 0001:00019610       ?Release@CVRadDLL@@UAEXXZ  1001a610 f   vraddll.obj
 0001:00019610       ?DiscardPreloadData@CFileSystemPassThru@@UAEXXZ 1001a610 f   vmpi:vmpi_filesystem.obj
 0001:00019610       ?SetupPreloadData@CFileSystemPassThru@@UAEXXZ 1001a610 f   vmpi:vmpi_filesystem.obj
 0001:00019620       ??0CTransferMaker@@QAE@PAUtransfer_t@@@Z 1001a620 f   vismat.obj
 0001:00019690       ?TestPatchToPatch@@YAXHHHPAUtransfer_t@@AAVCTransferMaker@@H@Z 1001a690 f   vismat.obj
 0001:00019860       ?TestPatchToFace@@YAXIHHPAUtransfer_t@@AAVCTransferMaker@@H@Z 1001a860 f   vismat.obj
 0001:00019950       ?BuildVisRow@@YAXHPAEHPAUtransfer_t@@AAVCTransferMaker@@H@Z 1001a950 f   vismat.obj
 0001:00019b40       ?BuildVisLeafs_Cluster@@YAXHPAUtransfer_t@@HP6AXHHPAUCPatch@@@Z@Z 1001ab40 f   vismat.obj
 0001:00019c60       ?BuildVisLeafs@@YAXHPAX@Z  1001ac60 f   vismat.obj
 0001:00019cb0       ?BuildVisMatrix@@YAXXZ     1001acb0 f   vismat.obj
 0001:00019cf0       ??1?$CUtlVector@UClusterDispList_t@@V?$CUtlMemory@UClusterDispList_t@@H@@@@QAE@XZ 1001acf0 f i vismat.obj
 0001:00019cf0       ??1?$CUtlVector@V?$CUtlVector@Uambientsample_t@@V?$CUtlMemory@Uambientsample_t@@H@@@@V?$CUtlMemory@V?$CUtlVector@Uambientsample_t@@V?$CUtlMemory@Uambientsample_t@@H@@@@H@@@@QAE@XZ 1001acf0 f i leaf_ambient_lighting.obj
 0001:00019cf0       ??1?$CUtlVector@V?$CUtlVector@UDispCollPlaneIndex_t@@V?$CUtlMemory@UDispCollPlaneIndex_t@@H@@@@V?$CUtlMemory@V?$CUtlVector@UDispCollPlaneIndex_t@@V?$CUtlMemory@UDispCollPlaneIndex_t@@H@@@@H@@@@QAE@XZ 1001acf0 f i dispcoll_common.obj
 0001:00019cf0       ??1?$CUtlVector@V?$CUtlVector@PAVCLightFace@@V?$CUtlMemory@PAVCLightFace@@H@@@@V?$CUtlMemory@V?$CUtlVector@PAVCLightFace@@V?$CUtlMemory@PAVCLightFace@@H@@@@H@@@@QAE@XZ 1001acf0 f i incremental.obj
 0001:00019d50       ?InsertMultipleBefore@?$CUtlVector@V?$CUtlVector@PAVCLightFace@@V?$CUtlMemory@PAVCLightFace@@H@@@@V?$CUtlMemory@V?$CUtlVector@PAVCLightFace@@V?$CUtlMemory@PAVCLightFace@@H@@@@H@@@@QAEHHHPBV?$CUtlVector@PAVCLightFace@@V?$CUtlMemory@PAVCLightFace@@H@@@@@Z 1001ad50 f i incremental.obj
 0001:00019d50       ?InsertMultipleBefore@?$CUtlVector@UClusterDispList_t@@V?$CUtlMemory@UClusterDispList_t@@H@@@@QAEHHHPBUClusterDispList_t@@@Z 1001ad50 f i vismat.obj
 0001:00019ea0       ?AddDispsToClusterTable@@YAXXZ 1001aea0 f   vismat.obj
 0001:0001a010       ?SharedDispatch@@YA_NPAVMessageBuffer@@HH@Z 1001b010 f   vmpi_tools_shared.obj
 0001:0001a280       ?SendQDirInfo@@YAXXZ       1001b280 f   vmpi_tools_shared.obj
 0001:0001a320       ?RecvQDirInfo@@YAXXZ       1001b320 f   vmpi_tools_shared.obj
 0001:0001a350       ?SendDBInfo@@YAXPBVCDBInfo@@K@Z 1001b350 f   vmpi_tools_shared.obj
 0001:0001a3b0       ?RecvDBInfo@@YAXPAVCDBInfo@@PAK@Z 1001b3b0 f   vmpi_tools_shared.obj
 0001:0001a400       ?VMPI_SendFileChunk@@YAHPBXHPBD@Z 1001b400 f   vmpi_tools_shared.obj
 0001:0001a4b0       ?VMPI_HandleCrash@@YAXPBDPAX_N@Z 1001b4b0 f   vmpi_tools_shared.obj
 0001:0001a5b0       ?VMPI_SecondExceptionFilter@@YGJPAU_EXCEPTION_POINTERS@@@Z 1001b5b0 f   vmpi_tools_shared.obj
 0001:0001a5d0       ?VMPI_ExceptionFilter@@YAXKPAX@Z 1001b5d0 f   vmpi_tools_shared.obj
 0001:0001a7e0       ?HandleMPIDisconnect@@YAXHPBD@Z 1001b7e0 f   vmpi_tools_shared.obj
 0001:0001a880       ?Dot@Vector@@QBEMABV1@@Z   1001b880 f i vrad.obj
 0001:0001a8a0       ?CrossProduct@@YAXABVVector@@0AAV1@@Z 1001b8a0 f i vrad.obj
 0001:0001a900       ?MakeParents@@YAXHH@Z      1001b900 f   vrad.obj
 0001:0001a960       ?LightForTexture@@YAXPBDAAVVector@@@Z 1001b960 f   vrad.obj
 0001:0001aaa0       ?WindingFromFace@@YAPAUwinding_t@@PAUdface_t@@AAVVector@@@Z 1001baa0 f   vrad.obj
 0001:0001ab60       ?ProcessSkyCameras@@YAXXZ  1001bb60 f   vrad.obj
 0001:0001acb0       ?EntityForModel@@YAPAUentity_t@@H@Z 1001bcb0 f   vrad.obj
 0001:0001ad50       ?FormFactorPolyToDiff@@YAMPAUCPatch@@0@Z 1001bd50 f   vrad.obj
 0001:0001af40       ?FormFactorDiffToDiff@@YAMPAUCPatch@@0@Z 1001bf40 f   vrad.obj
 0001:0001afc0       ?WriteWinding@@YAXPAXPAUwinding_t@@AAVVector@@@Z 1001bfc0 f   vrad.obj
 0001:0001b0a0       ?WriteNormal@@YAXPAXABVVector@@1M1@Z 1001c0a0 f   vrad.obj
 0001:0001b1d0       ?WriteTrace@@YAXPBDABVFourRays@@ABURayTracingResult@@@Z 1001c1d0 f   vrad.obj
 0001:0001b4f0       ?PreGetBumpNormalsForDisp@@YAXPAUtexinfo_s@@AAVVector@@11@Z 1001c4f0 f   vrad.obj
 0001:0001b7e0       ?InitDumpPatchesFiles@@YAXXZ 1001c7e0 f   vrad.obj
 0001:0001b860       ?VRAD_Finish@@YAXXZ        1001c860 f   vrad.obj
 0001:0001b960       ?VRAD_Init@@YAXXZ          1001c960 f   vrad.obj
 0001:0001b9a0       ?ParseCommandLine@@YAHHPAPADPA_N@Z 1001c9a0 f   vrad.obj
 0001:0001c3c0       ?PrintCommandLine@@YAXHPAPAD@Z 1001d3c0 f   vrad.obj
 0001:0001c410       ?Purge@?$CUtlBlockMemory@UCacheOptimizedTriangle@@H@@QAEXXZ 1001d410 f i vrad.obj
 0001:0001c460       ?ChangeSize@?$CUtlBlockMemory@UCacheOptimizedTriangle@@H@@IAEXH@Z 1001d460 f i vrad.obj
 0001:0001c510       ?Grow@?$CUtlMemory@Ubumplights_t@@H@@QAEXH@Z 1001d510 f i vrad.obj
 0001:0001c5b0       ??4CPatch@@QAEAAU0@ABU0@@Z 1001d5b0 f i vrad.obj
 0001:0001c860       ?Grow@?$CUtlMemory@UCPatch@@H@@QAEXH@Z 1001d860 f i vrad.obj
 0001:0001c910       ?BaseLightForFace@@YAXPAUdface_t@@AAVVector@@PAM1@Z 1001d910 f   vrad.obj
 0001:0001c9e0       ?MakeTransfer@@YAXHHPAUtransfer_t@@@Z 1001d9e0 f   vrad.obj
 0001:0001cb40       ?MakeScales@@YAXHPAUtransfer_t@@@Z 1001db40 f   vrad.obj
 0001:0001cc80       ?WriteWorld@@YAXPADH@Z     1001dc80 f   vrad.obj
 0001:0001ce00       ?CollectLight@@YAXAAVVector@@@Z 1001de00 f   vrad.obj
 0001:0001d4d0       ?GatherLight@@YAXHPAX@Z    1001e4d0 f   vrad.obj
 0001:0001dad0       ?BounceLight@@YAXXZ        1001ead0 f   vrad.obj
 0001:0001dde0       ?InsertMultipleBefore@?$CUtlVector@VVector@@V?$CUtlMemory@VVector@@H@@@@QAEHHHPBVVector@@@Z 1001ede0 f i vrad.obj
 0001:0001df30       ?InsertMultipleBefore@?$CUtlVector@Ubumplights_t@@V?$CUtlMemory@Ubumplights_t@@H@@@@QAEHHHPBUbumplights_t@@@Z 1001ef30 f i vrad.obj
 0001:0001e020       ?WriteRTEnv@@YAXPAD@Z      1001f020 f   vrad.obj
 0001:0001e200       ?InsertBefore@?$CUtlVector@UCPatch@@V?$CUtlMemory@UCPatch@@H@@@@QAEHH@Z 1001f200 f i vrad.obj
 0001:0001e260       ??1RayTracingEnvironment@@QAE@XZ 1001f260 f i vrad.obj
 0001:0001e2c0       ?ReadLightFile@@YAXPAD@Z   1001f2c0 f   vrad.obj
 0001:0001e680       ?MakePatchForFace@@YAXHPAUwinding_t@@@Z 1001f680 f   vrad.obj
 0001:0001ead0       ?MakePatches@@YAXXZ        1001fad0 f   vrad.obj
 0001:0001ec30       ?CreateChildPatch@@YAHHPAUwinding_t@@MABVVector@@@Z 1001fc30 f   vrad.obj
 0001:0001ee60       ?SubdividePatch@@YAXH@Z    1001fe60 f   vrad.obj
 0001:0001f0f0       ?SubdividePatches@@YAXXZ   100200f0 f   vrad.obj
 0001:0001f530       ?RadWorld_Start@@YAXXZ     10020530 f   vrad.obj
 0001:0001f6a0       ??0RayTracingEnvironment@@QAE@XZ 100206a0 f i vrad.obj
 0001:0001f7c0       ?BuildFacesVisibleToLights@@YAX_N@Z 100207c0 f   vrad.obj
 0001:0001f9f0       ?RadWorld_Go@@YA_NXZ       100209f0 f   vrad.obj
 0001:0001fc50       ?VRAD_LoadBSP@@YAXPBD@Z    10020c50 f   vrad.obj
 0001:000201c0       ?RunVRAD@@YAHHPAPAD@Z      100211c0 f   vrad.obj
 0001:000202b0       ?VRAD_Main@@YAHHPAPAD@Z    100212b0 f   vrad.obj
 0001:000203b0       ?Vector2DCopy@@YAXABVVector2D@@AAV1@@Z 100213b0 f i vrad_dispcoll.obj
 0001:000203d0       ?BaseFacePlaneToDispUV@CVRADDispColl@@QAEXABVVector@@AAVVector2D@@@Z 100213d0 f   vrad_dispcoll.obj
 0001:00020400       ?PlaneTypeForNormal@@YAHAAVVector@@@Z 10021400 f   vrad_dispcoll.obj
 0001:000204b0       ?Grow@?$CUtlMemory@UDispCollTree_t@CVRadDispMgr@@H@@QAEXH@Z 100214b0 f i vraddisps.obj
 0001:000204b0       ?Grow@?$CUtlMemory@Uvariable_t@@H@@QAEXH@Z 100214b0 f i scriplib.obj
 0001:000204b0       ?Grow@?$CUtlMemory@VVector2D@@H@@QAEXH@Z 100214b0 f i vrad_dispcoll.obj
 0001:00020560       ?CalcSampleRadius2AndBox@CVRADDispColl@@IAEXPAUdface_t@@@Z 10021560 f   vrad_dispcoll.obj
 0001:00020660       ?DispUVToSurf_TriTLToBR@CVRADDispColl@@IAEXAAVVector@@MMMHHHH@Z 10021660 f   vrad_dispcoll.obj
 0001:00020990       ?DispUVToSurf_TriBLToTR@CVRADDispColl@@IAEXAAVVector@@MMMHHHH@Z 10021990 f   vrad_dispcoll.obj
 0001:00020cc0       ?DispUVToSurfNormal@CVRADDispColl@@QAEXABVVector2D@@AAVVector@@@Z 10021cc0 f   vrad_dispcoll.obj
 0001:00020f30       ?InitParentPatch@CVRADDispColl@@QAE_NHPAVVector@@AAM@Z 10021f30 f   vrad_dispcoll.obj
 0001:00021340       ?InitPatch@CVRADDispColl@@QAE_NHHHPAVVector@@PAHAAM@Z 10022340 f   vrad_dispcoll.obj
 0001:00021830       ?AddPolysForRayTrace@CVRADDispColl@@QAEXXZ 10022830 f   vrad_dispcoll.obj
 0001:000218e0       ?DispUVToSurfPoint@CVRADDispColl@@QAEXABVVector2D@@AAVVector@@M@Z 100228e0 f   vrad_dispcoll.obj
 0001:000219d0       ?InsertMultipleBefore@?$CUtlVector@VVector2D@@V?$CUtlMemory@VVector2D@@H@@@@QAEHHHPBVVector2D@@@Z 100229d0 f i vrad_dispcoll.obj
 0001:00021af0       ??0CVRADDispColl@@QAE@XZ   10022af0 f   vrad_dispcoll.obj
 0001:00021bf0       ?CreateParentPatches@CVRADDispColl@@QAEMXZ 10022bf0 f   vrad_dispcoll.obj
 0001:00021d30       ?CreateChildPatchesFromRoot@CVRADDispColl@@QAEXHPAH@Z 10022d30 f   vrad_dispcoll.obj
 0001:00022310       ?CreateChildPatchesSub@CVRADDispColl@@QAEXH@Z 10023310 f   vrad_dispcoll.obj
 0001:00022a10       ?Create@CVRADDispColl@@UAE_NPAVCCoreDispInfo@@@Z 10023a10 f   vrad_dispcoll.obj
 0001:00022b00       ?CreateChildPatches@CVRADDispColl@@QAEXHH@Z 10023b00 f   vrad_dispcoll.obj
 0001:00023050       ?Init@Ray_t@@QAEXABVVector@@000@Z 10024050 f i vraddetailprops.obj
 0001:00023230       ?VRadDetailProps_SetHDRMode@@YAX_N@Z 10024230 f   vraddetailprops.obj
 0001:00023250       ?TestPointAgainstSurface@CLightSurface@@AAE_NABVVector@@PAUdface_t@@PAUtexinfo_s@@@Z 10024250 f i vraddetailprops.obj
 0001:00023310       ?Grow@?$CUtlMemory@UDetailPropLightstylesLump_t@@H@@QAEXH@Z 10024310 f i vraddetailprops.obj
 0001:00023920       ?EnumerateNode@CLightSurface@@UAE_NHABURay_t@@MH@Z 10024920 f i vraddetailprops.obj
 0001:00023b20       ?EnumerateLeaf@CLightSurface@@UAE_NHABURay_t@@MMH@Z 10024b20 f i vraddetailprops.obj
 0001:00023dd0       ?CastRayInLeaf@@YA_NHABVVector@@0HPAMPAV1@@Z 10024dd0 f   vraddetailprops.obj
 0001:00023ef0       ?CalcRayAmbientLighting@@YAXHABVVector@@0MQAV1@@Z 10024ef0 f   vraddetailprops.obj
 0001:000242c0       ?ComputeIndirectLightingAtPoint@@YAXAAVVector@@00H_N1@Z 100252c0 f   vraddetailprops.obj
 0001:000247b0       ?InsertMultipleBefore@?$CUtlVector@UDetailPropLightstylesLump_t@@V?$CUtlMemory@UDetailPropLightstylesLump_t@@H@@@@QAEHHHPBUDetailPropLightstylesLump_t@@@Z 100257b0 f i vraddetailprops.obj
 0001:000252a0       ?UnserializeDetailPropLighting@@YAXHHAAV?$CUtlVector@UDetailPropLightstylesLump_t@@V?$CUtlMemory@UDetailPropLightstylesLump_t@@H@@@@@Z 100262a0 f   vraddetailprops.obj
 0001:00025380       ?ComputeDetailPropLighting@@YAXH@Z 10026380 f   vraddetailprops.obj
 0001:00025460       ?GetNormal@CCoreDispSurface@@QAEXAAVVector@@@Z 10026460 f i vraddisps.obj
 0001:000254f0       ?StaticDispMgr@@YAPAVIVRadDispMgr@@XZ 100264f0 f   vraddisps.obj
 0001:00025500       ?ClipRayToDisp@CVRadDispMgr@@UAE_NAAUDispTested_t@@ABURay_t@@@Z 10026500 f   vraddisps.obj
 0001:00025550       ?ClipRayToDispInLeaf@CVRadDispMgr@@UAE_NAAUDispTested_t@@ABURay_t@@H@Z 10026550 f   vraddisps.obj
 0001:000255a0       ?ClipRayToDispInLeaf@CVRadDispMgr@@UAEXAAUDispTested_t@@ABURay_t@@HAAMAAPAUdface_t@@AAVVector2D@@@Z 100265a0 f   vraddisps.obj
 0001:00025630       ?ClipRayToDispInLeaf@CVRadDispMgr@@UAEXAAUDispTested_t@@ABURay_t@@HAAMPAVVector@@@Z 10026630 f   vraddisps.obj
 0001:000256c0       ?AddSampleLightToRadial@@YAXABVVector@@0PAULightingValue_t@@M00PAUradial_s@@H_N3@Z 100266c0 f   vraddisps.obj
 0001:00025b30       ?SampleRadial@CVRadDispMgr@@UAE_NHPAUradial_s@@ABVVector@@HPAULightingValue_t@@H_N@Z 10026b30 f   vraddisps.obj
 0001:00025ee0       ?StartTimer@CVRadDispMgr@@UAEXPBD@Z 10026ee0 f   vraddisps.obj
 0001:00025f10       ?EnumerateLeaf@CBSPDispRayEnumerator@@UAE_NHH@Z 10026f10 f   vraddisps.obj
 0001:00025f30       ?StartRayTest@CVRadDispMgr@@UAEXAAUDispTested_t@@@Z 10026f30 f   vraddisps.obj
 0001:00025f80       ?GetSampleLight@@YAXPAUfacelight_t@@H_NHPAULightingValue_t@@@Z 10026f80 f i vraddisps.obj
 0001:00026050       ?EndTimer@CVRadDispMgr@@UAEXXZ 10027050 f   vraddisps.obj
 0001:000260c0       ?DispBuilderInit@CVRadDispMgr@@AAEXPAVCCoreDispInfo@@PAUdface_t@@H@Z 100270c0 f   vraddisps.obj
 0001:00026420       ?MakePatches@CVRadDispMgr@@UAEXXZ 10027420 f   vraddisps.obj
 0001:00026490       ?SubdividePatch@CVRadDispMgr@@UAEXH@Z 10027490 f   vraddisps.obj
 0001:000264e0       ?AddPolysForRayTrace@CVRadDispMgr@@UAEXXZ 100274e0 f   vraddisps.obj
 0001:00026510       ?GetDispSurfNormal@CVRadDispMgr@@UAEXHAAVVector@@0_N@Z 10027510 f   vraddisps.obj
 0001:00026630       ?GetDispSurf@CVRadDispMgr@@UAEXHPAPAVCVRADDispColl@@@Z 10027630 f   vraddisps.obj
 0001:00026660       ?DispRay_EnumerateElement@CVRadDispMgr@@QAE_NHH@Z 10027660 f   vraddisps.obj
 0001:00026740       ?DispRayDistance_EnumerateElement@CVRadDispMgr@@QAE_NHPAVCBSPDispRayDistanceEnumerator@@@Z 10027740 f   vraddisps.obj
 0001:00026910       ?AddPatchLightToRadial@@YAXABVVector@@0PAV1@M00PAUradial_s@@H_N3@Z 10027910 f   vraddisps.obj
 0001:00026db0       ?RadialLuxelAddPatch@CVRadDispMgr@@AAEXHABVVector@@0MPAUradial_s@@H_NAAV?$CUtlVector@PAUCPatch@@V?$CUtlMemory@PAUCPatch@@H@@@@@Z 10027db0 f   vraddisps.obj
 0001:00026f00       ?InsertSamplesDataIntoHashTable@CVRadDispMgr@@UAEXXZ 10027f00 f   vraddisps.obj
 0001:00026fa0       ?InsertPatchSampleDataIntoHashTable@CVRadDispMgr@@UAEXXZ 10027fa0 f   vraddisps.obj
 0001:00027090       ?BuildDispSamples@CVRadDispMgr@@UAE_NPAUlightinfo_t@@PAUfacelight_t@@H@Z 10028090 f   vraddisps.obj
 0001:000274c0       ?BuildDispLuxels@CVRadDispMgr@@UAE_NPAUlightinfo_t@@PAUfacelight_t@@H@Z 100284c0 f   vraddisps.obj
 0001:00027640       ?BuildDispSamplesAndLuxels_DoFast@CVRadDispMgr@@UAE_NPAUlightinfo_t@@PAUfacelight_t@@H@Z 10028640 f   vraddisps.obj
 0001:00027890       ?EnumerateElement@CBSPDispRayEnumerator@@UAI_NHH@Z 10028890 f   vraddisps.obj
 0001:000278b0       ?EnumerateElement@CBSPDispRayDistanceEnumerator@@UAI_NHH@Z 100288b0 f i vraddisps.obj
 0001:000278c0       ?Shutdown@CVRadDispMgr@@UAEXXZ 100288c0 f   vraddisps.obj
 0001:00027950       ??1CBSPDispFaceListEnumerator@@UAE@XZ 10028950 f i vraddisps.obj
 0001:000279d0       ??_GCBSPDispFaceListEnumerator@@UAEPAXI@Z 100289d0 f i vraddisps.obj
 0001:000279d0       ??_ECBSPDispFaceListEnumerator@@UAEPAXI@Z 100289d0 f i vraddisps.obj
 0001:000279f0       ??0CVRadDispMgr@@QAE@XZ    100289f0 f   vraddisps.obj
 0001:00027a60       ?UnserializeDisps@CVRadDispMgr@@AAEXXZ 10028a60 f   vraddisps.obj
 0001:00027d90       ?DispFaceList_EnumerateLeaf@CVRadDispMgr@@QAE_NHH@Z 10028d90 f   vraddisps.obj
 0001:00027e70       ?DispFaceList_EnumerateElement@CVRadDispMgr@@QAE_NHH@Z 10028e70 f   vraddisps.obj
 0001:00027f00       ?RadialLuxelAddSamples@CVRadDispMgr@@AAEXHABVVector@@0MPAUradial_s@@H_NH@Z 10028f00 f   vraddisps.obj
 0001:00028250       ?RadialLuxelBuild@CVRadDispMgr@@AAEXPAVCVRADDispColl@@PAUradial_s@@H_N@Z 10029250 f   vraddisps.obj
 0001:00028300       ?BuildLuxelRadial@CVRadDispMgr@@UAEPAUradial_s@@HH_N@Z 10029300 f   vraddisps.obj
 0001:00028360       ?EnumerateLeaf@CBSPDispFaceListEnumerator@@UAE_NHH@Z 10029360 f   vraddisps.obj
 0001:00028370       ?EnumerateElement@CBSPDispFaceListEnumerator@@UAI_NHH@Z 10029370 f   vraddisps.obj
 0001:00028390       ??_ECVRadDispMgr@@UAEPAXI@Z 10029390 f i vraddisps.obj
 0001:00028390       ??_GCVRadDispMgr@@UAEPAXI@Z 10029390 f i vraddisps.obj
 0001:000283d0       ?Init@CVRadDispMgr@@UAEXXZ 100293d0 f   vraddisps.obj
 0001:000283f0       ?GetInterestingPatchesForLuxels@CVRadDispMgr@@AAEXHAAV?$CUtlVector@PAUCPatch@@V?$CUtlMemory@PAUCPatch@@H@@@@M@Z 100293f0 f   vraddisps.obj
 0001:00028a10       ?RadialPatchBuild@CVRadDispMgr@@AAEXPAVCVRADDispColl@@PAUradial_s@@_N@Z 10029a10 f   vraddisps.obj
 0001:00028af0       ?BuildPatchRadial@CVRadDispMgr@@UAEPAUradial_s@@H_N@Z 10029af0 f   vraddisps.obj
 0001:00028b70       ?CalcDatSize@@YAHXZ        10029b70 f   vraddll.obj
 0001:00028c00       ?main@CVRadDLL@@UAEHHPAPAD@Z 10029c00 f   vraddll.obj
 0001:00028c20       ?Init@CVRadDLL@@UAE_NPBD@Z 10029c20 f   vraddll.obj
 0001:00028c60       ?GetPercentComplete@CVRadDLL@@UAEMXZ 10029c60 f   vraddll.obj
 0001:00028c70       ?Interrupt@CVRadDLL@@UAEXXZ 10029c70 f   vraddll.obj
 0001:00028c80       ?main@CVRadDLL@@W3AEHHPAPAD@Z 10029c80 f i vraddll.obj
 0001:00028c90       ?GetBSPInfo@CVRadDLL@@UAEXPAVCBSPInfo@@@Z 10029c90 f   vraddll.obj
 0001:00028d50       ?DoIncrementalLight@CVRadDLL@@UAE_NPBD@Z 10029d50 f   vraddll.obj
 0001:00028e60       ?Serialize@CVRadDLL@@UAE_NXZ 10029e60 f   vraddll.obj
 0001:00028eb0       ?Vector2DAdd@@YAXABVVector2D@@0AAV1@@Z 10029eb0 f i vradstaticprops.obj
 0001:00028ee0       ?Vector2DMultiply@@YAXABVVector2D@@MAAV1@@Z 10029ee0 f i vradstaticprops.obj
 0001:00028f10       ?Studio_ConvertStudioHdrToNewVersion@@YA_NPAUstudiohdr_t@@@Z 10029f10 f i vradstaticprops.obj
 0001:00029060       ?Studio_LoadVertexes@@YAHPBUvertexFileHeader_t@@PAU1@H_N@Z 1002a060 f i vradstaticprops.obj
 0001:000291a0       ?StaticPropMgr@@YAPAVIVradStaticPropMgr@@XZ 1002a1a0 f   vradstaticprops.obj
 0001:000291b0       ?InitFromRGB8888@alphatexture_t@CShadowTextureList@@QAEXHHPAE@Z 1002a1b0 f i vradstaticprops.obj
 0001:00029240       ?ForceTextureShadowsOnModel@@YAXPBD@Z 1002a240 f   vradstaticprops.obj
 0001:000292e0       ?IsModelTextureShadowsForced@@YA_NPBD@Z 1002a2e0 f   vradstaticprops.obj
 0001:00029370       ?ComputeDirectLightingAtPoint@@YAXAAVVector@@00HHH@Z 1002a370 f   vradstaticprops.obj
 0001:00029610       ?CacheVertexData@mstudiomodel_t@@QAEPBUvertexFileHeader_t@@PAX@Z 1002a610 f   vradstaticprops.obj
 0001:000297e0       ?Grow@?$CUtlMemory@UStaticPropDict_t@CVradStaticPropMgr@@H@@QAEXH@Z 1002a7e0 f i vradstaticprops.obj
 0001:00029890       ?Grow@?$CUtlMemory@UCStaticProp@CVradStaticPropMgr@@H@@QAEXH@Z 1002a890 f i vradstaticprops.obj
 0001:00029930       ?GetVertexData@mstudiomodel_t@@QAEPBUmstudio_modelvertexdata_t@@PAX@Z 1002a930 f i vradstaticprops.obj
 0001:000299a0       ?LoadStudioModel@@YA_NPBDAAVCUtlBuffer@@@Z 1002a9a0 f   vradstaticprops.obj
 0001:00029a90       ?LoadStudioCollisionModel@@YA_NPBDAAVCUtlBuffer@@@Z 1002aa90 f   vradstaticprops.obj
 0001:00029b20       ?LoadVTXFile@@YA_NPBDPBUstudiohdr_t@@AAVCUtlBuffer@@@Z 1002ab20 f   vradstaticprops.obj
 0001:00029c20       ?LoadFileIntoBuffer@@YA_NAAVCUtlBuffer@@PBD@Z 1002ac20 f   vradstaticprops.obj
 0001:00029ca0       ?Grow@?$CUtlMemory@USampleData_t@@H@@QAEXH@Z 1002aca0 f i samplehash.obj
 0001:00029ca0       ?Grow@?$CUtlMemory@Udleafambientlighting_t@@H@@QAEXH@Z 1002aca0 f i leaf_ambient_lighting.obj
 0001:00029ca0       ?Grow@?$CUtlMemory@UbadVertex_t@@H@@QAEXH@Z 1002aca0 f i vradstaticprops.obj
 0001:00029ca0       ?Grow@?$CUtlMemory@UcolorVertex_t@@H@@QAEXH@Z 1002aca0 f i vradstaticprops.obj
 0001:00029ca0       ?Grow@?$CUtlMemory@Umaterialentry_t@CShadowTextureList@@H@@QAEXH@Z 1002aca0 f i vradstaticprops.obj
 0001:00029ca0       ?Grow@?$CUtlMemory@UPatchSampleData_t@@H@@QAEXH@Z 1002aca0 f i samplehash.obj
 0001:00029d50       ?Links@?$CUtlRBTree@UNode_t@?$CUtlMap@PBDUalphatexture_t@CShadowTextureList@@G@@GVCKeyLess@2@V?$CUtlMemory@U?$UtlRBTreeNode_t@UNode_t@?$CUtlMap@PBDUalphatexture_t@CShadowTextureList@@G@@G@@G@@@@IBEABU?$UtlRBTreeLinks_t@G@@G@Z 1002ad50 f i vradstaticprops.obj
 0001:00029db0       ?Purge@CUtlBuffer@@QAEXXZ  1002adb0 f i vradstaticprops.obj
 0001:00029e80       ?InsertMultipleBefore@?$CUtlVector@UcolorVertex_t@@V?$CUtlMemory@UcolorVertex_t@@H@@@@QAEHHHPBUcolorVertex_t@@@Z 1002ae80 f i vradstaticprops.obj
 0001:0002a060       ?FindInsertionPosition@?$CUtlRBTree@UNode_t@?$CUtlMap@PBDUalphatexture_t@CShadowTextureList@@G@@GVCKeyLess@2@V?$CUtlMemory@U?$UtlRBTreeNode_t@UNode_t@?$CUtlMap@PBDUalphatexture_t@CShadowTextureList@@G@@G@@G@@@@IAEXABUNode_t@?$CUtlMap@PBDUalphatexture_t@CShadowTextureList@@G@@AAGAA_N@Z 1002b060 f i vradstaticprops.obj
 0001:0002a190       ?NewNode@?$CUtlRBTree@UNode_t@?$CUtlMap@PBDUalphatexture_t@CShadowTextureList@@G@@GVCKeyLess@2@V?$CUtlMemory@U?$UtlRBTreeNode_t@UNode_t@?$CUtlMap@PBDUalphatexture_t@CShadowTextureList@@G@@G@@G@@@@QAEGXZ 1002b190 f i vradstaticprops.obj
 0001:0002a280       ?FirstInorder@?$CUtlRBTree@UNode_t@?$CUtlMap@PBDUalphatexture_t@CShadowTextureList@@G@@GVCKeyLess@2@V?$CUtlMemory@U?$UtlRBTreeNode_t@UNode_t@?$CUtlMap@PBDUalphatexture_t@CShadowTextureList@@G@@G@@G@@@@QBEGXZ 1002b280 f i vradstaticprops.obj
 0001:0002a350       ?RotateLeft@?$CUtlRBTree@UNode_t@?$CUtlMap@PBDUalphatexture_t@CShadowTextureList@@G@@GVCKeyLess@2@V?$CUtlMemory@U?$UtlRBTreeNode_t@UNode_t@?$CUtlMap@PBDUalphatexture_t@CShadowTextureList@@G@@G@@G@@@@IAEXG@Z 1002b350 f i vradstaticprops.obj
 0001:0002a450       ?RotateRight@?$CUtlRBTree@UNode_t@?$CUtlMap@PBDUalphatexture_t@CShadowTextureList@@G@@GVCKeyLess@2@V?$CUtlMemory@U?$UtlRBTreeNode_t@UNode_t@?$CUtlMap@PBDUalphatexture_t@CShadowTextureList@@G@@G@@G@@@@IAEXG@Z 1002b450 f i vradstaticprops.obj
 0001:0002a550       ?SerializeLighting@CVradStaticPropMgr@@AAEXXZ 1002b550 f   vradstaticprops.obj
 0001:0002a840       ?InsertBefore@?$CUtlVector@UbadVertex_t@@V?$CUtlMemory@UbadVertex_t@@H@@@@QAEHHABUbadVertex_t@@@Z 1002b840 f i vradstaticprops.obj
 0001:0002a8e0       ?Find@?$CUtlRBTree@UNode_t@?$CUtlMap@PBDUalphatexture_t@CShadowTextureList@@G@@GVCKeyLess@2@V?$CUtlMemory@U?$UtlRBTreeNode_t@UNode_t@?$CUtlMap@PBDUalphatexture_t@CShadowTextureList@@G@@G@@G@@@@QBEGABUNode_t@?$CUtlMap@PBDUalphatexture_t@CShadowTextureList@@G@@@Z 1002b8e0 f i vradstaticprops.obj
 0001:0002aa00       ?RemoveAll@?$CUtlRBTree@UNode_t@?$CUtlMap@PBDUalphatexture_t@CShadowTextureList@@G@@GVCKeyLess@2@V?$CUtlMemory@U?$UtlRBTreeNode_t@UNode_t@?$CUtlMap@PBDUalphatexture_t@CShadowTextureList@@G@@G@@G@@@@QAEXXZ 1002ba00 f i vradstaticprops.obj
[...]
 0001:000be580       ??__Eg_ErrorSocketsEvent@@YAXXZ 100bf580 f   vmpi:vmpi.obj
 0001:000be5a0       ??__Eg_ErrorSocketsCS@@YAXXZ 100bf5a0 f   vmpi:vmpi.obj
 0001:000be5c0       ??__Eg_ConnectionsCS@@YAXXZ 100bf5c0 f   vmpi:vmpi.obj
 0001:000be5e0       ??__Eg_DispatchBuffers@@YAXXZ 100bf5e0 f   vmpi:vmpi.obj
 0001:000be610       ??__Eg_DisconnectHandlers@@YAXXZ 100bf610 f   vmpi:vmpi.obj
 0001:000be620       ??__Eg_CurrentStageCS@@YAXXZ 100bf620 f   vmpi:vmpi.obj
 0001:000be640       ??__Eg_WorkerCommandLine@@YAXXZ 100bf640 f   vmpi:vmpi.obj
 0001:000be650       ??__Eg_VMPIInternalDispatchReg@@YAXXZ 100bf650 f   vmpi:vmpi.obj
 0001:000be660       ??__Eg_MasterBroadcaster@@YAXXZ 100bf660 f   vmpi:vmpi.obj
 0001:000be680       ??__Eg_DSInfo@@YAXXZ       100bf680 f   vmpi:vmpi_distribute_work.obj
 0001:000be6a0       ??__Eg_wuCountByProcess@@YAXXZ 100bf6a0 f   vmpi:vmpi_distribute_work.obj
 0001:000be6b0       ??__Eg_MasterWorkUnitCompletedList@@YAXXZ 100bf6b0 f   vmpi:vmpi_distribute_work.obj
 0001:000be6f0       ??__E__g_CreateIBaseFileSystem_reg@@YAXXZ 100bf6f0 f   vmpi:vmpi_filesystem.obj
 0001:000be710       ??__Eg_DispatchReg_FileSystem@@YAXXZ 100bf710 f   vmpi:vmpi_filesystem.obj
 0001:000be730       ??__Eg_Starter@@YAXXZ      100bf730 f   vmpi:iphelpers.obj
 0001:000be750       ??__Eg_WorkUnits@@YAXXZ    100bf750 f   vmpi:vmpi_distribute_tracker.obj
 0001:000be760       ??__Eg_WUStatus@@YAXXZ     100bf760 f   vmpi:vmpi_distribute_tracker.obj
 0001:000be770       ??__Eg_MasterWorkUnitsTracker@@YAXXZ 100bf770 f   vmpi:vmpi_distribute_work_default.obj
 0001:000be780       ??__Eg_MulticastIP@@YAXXZ  100bf780 f   vmpi:vmpi_filesystem_worker.obj
 0001:000be790       ??__Eg_FileResponsesCS@@YAXXZ 100bf790 f   vmpi:vmpi_filesystem_worker.obj
 0001:000be7b0       ??__Eg_FileResponses@@YAXXZ 100bf7b0 f   vmpi:vmpi_filesystem_worker.obj
 0001:000be7c0       ??__Eg_FileChunkPackets@@YAXXZ 100bf7c0 f   vmpi:vmpi_filesystem_worker.obj
 0001:000be7d0       ??__Eg_DataMapHolder@VTFFileBaseHeader_t_DataDescInit@@YAXXZ 100bf7d0 f   vtf:vtf.obj
 0001:000be7e0       ??__Eg_DataMapHolder@VTFFileHeaderV7_1_t_DataDescInit@@YAXXZ 100bf7e0 f   vtf:vtf.obj
 0001:000be7f0       ??__Eg_DataMapHolder@VTFFileHeaderV7_2_t_DataDescInit@@YAXXZ 100bf7f0 f   vtf:vtf.obj
 0001:000be800       ??__Eg_DataMapHolder@VTFFileHeaderV7_3_t_DataDescInit@@YAXXZ 100bf800 f   vtf:vtf.obj
 0001:000be810       ??__Eg_DataMapHolder@VTFFileHeader_t_DataDescInit@@YAXXZ 100bf810 f   vtf:vtf.obj
 0001:000be820       ??__Eg_DataMapHolder@VTFFileHeaderX360_t_DataDescInit@@YAXXZ 100bf820 f   vtf:vtf.obj
 0001:000be830       ??__Einitlocks@std@@YAXXZ  100bf830 f   libcpmt:xlock.obj
 0001:000be846       ??__Eclassic_locale@std@@YAXXZ 100bf846 f   libcpmt:locale0.obj
 0001:000be852       ??__Einitlocks@std@@YAXXZ  100bf852 f   libcpmt:iosptrs.obj
 0001:000be868       ??__Einit_atexit@@YAXXZ    100bf868 f   libcpmt:iosptrs.obj
 0001:000be880       ??__Eg_BitWriteMasksInit@@YAXXZ 100bf880 f   tier1:bitbuf.obj
 0001:000be890       ??__Finc@?1??GetIncremental@@YAPAVIIncremental@@XZ@YAXXZ 100bf890 f   incremental.obj
 0001:000be8f0       ??__Fg_LeafAmbientSamples@@YAXXZ 100bf8f0 f   leaf_ambient_lighting.obj
 0001:000be900       ??__Fg_FaceMacroTextures@@YAXXZ 100bf900 f   macro_texture.obj
 0001:000be910       ??__Fg_MacroTextureLookup@@YAXXZ 100bf910 f   macro_texture.obj
 0001:000be930       ??__Fg_SpewTextCS@@YAXXZ   100bf930 f   mpi_stats.obj
 0001:000be940       ??__Fg_SpewText@@YAXXZ     100bf940 f   mpi_stats.obj
 0001:000be950       ??__Fg_LightResultsFilename@@YAXXZ 100bf950 f   mpivrad.obj
 0001:000be960       ??__Fg_SampleHashTable@@YAXXZ 100bf960 f   samplehash.obj
 0001:000be980       ??__Fg_PatchSampleHashTable@@YAXXZ 100bf980 f   samplehash.obj
 0001:000be9a0       ??__Fmb@@YAXXZ             100bf9a0 f   vismat.obj
 0001:000be9b0       ??__Fg_ClusterDispFaces@@YAXXZ 100bf9b0 f   vismat.obj
 0001:000be9c0       ??__Fg_Patches@@YAXXZ      100bf9c0 f   vrad.obj
 0001:000be9d0       ??__Fg_FacePatches@@YAXXZ  100bf9d0 f   vrad.obj
 0001:000be9e0       ??__FfaceParents@@YAXXZ    100bf9e0 f   vrad.obj
 0001:000be9f0       ??__FclusterChildren@@YAXXZ 100bf9f0 f   vrad.obj
 0001:000bea00       ??__Femitlight@@YAXXZ      100bfa00 f   vrad.obj
 0001:000bea10       ??__Faddlight@@YAXXZ       100bfa10 f   vrad.obj
 0001:000bea20       ??__Fg_FacesVisibleToLights@@YAXXZ 100bfa20 f   vrad.obj
 0001:000bea30       ??__Fg_NonShadowCastingMaterialStrings@@YAXXZ 100bfa30 f   vrad.obj
 0001:000bea40       ??__Fg_RtEnv@@YAXXZ        100bfa40 f   vrad.obj
 0001:000bea50       ??__Fs_DetailPropLightStyleLumpLDR@@YAXXZ 100bfa50 f   vraddetailprops.obj
 0001:000bea60       ??__Fs_DetailPropLightStyleLumpHDR@@YAXXZ 100bfa60 f   vraddetailprops.obj
 0001:000bea70       ??__Fg_ModelCenterOffset@@YAXXZ 100bfa70 f   vraddetailprops.obj
 0001:000bea80       ??__Fg_SpriteCenterOffset@@YAXXZ 100bfa80 f   vraddetailprops.obj
 0001:000bea90       ??__Fs_DispMgr@@YAXXZ      100bfa90 f   vraddisps.obj
 0001:000beac0       ??__Fg_LastGoodLightData@@YAXXZ 100bfac0 f   vraddll.obj
 0001:000bead0       ??__Fg_FacesTouched@@YAXXZ 100bfad0 f   vraddll.obj
 0001:000beae0       ??__Fg_ForcedTextureShadowsModels@@YAXXZ 100bfae0 f   vradstaticprops.obj
 0001:000beaf0       ??__Fg_ShadowTextureList@@YAXXZ 100bfaf0 f   vradstaticprops.obj
 0001:000beb90       ??__Fg_StaticPropMgr@@YAXXZ 100bfb90 f   vradstaticprops.obj
 0001:000bebb0       ??__FnameHolder@?1???$DataMapInit@UZIP_EndOfCentralDirRecord@@@@YAPAUdatamap_t@@PAUZIP_EndOfCentralDirRecord@@@Z@YAXXZ 100bfbb0 f   zip_utils.obj
 0001:000bebc0       ??__FnameHolder@?1???$DataMapInit@UZIP_FileHeader@@@@YAPAUdatamap_t@@PAUZIP_FileHeader@@@Z@YAXXZ 100bfbc0 f   zip_utils.obj
 0001:000bebd0       ??__FnameHolder@?1???$DataMapInit@UZIP_LocalFileHeader@@@@YAPAUdatamap_t@@PAUZIP_LocalFileHeader@@@Z@YAXXZ 100bfbd0 f   zip_utils.obj
 0001:000bebe0       ??__FnameHolder@?1???$DataMapInit@UZIP_PreloadHeader@@@@YAPAUdatamap_t@@PAUZIP_PreloadHeader@@@Z@YAXXZ 100bfbe0 f   zip_utils.obj
 0001:000bebf0       ??__FnameHolder@?1???$DataMapInit@UZIP_PreloadDirectoryEntry@@@@YAPAUdatamap_t@@PAUZIP_PreloadDirectoryEntry@@@Z@YAXXZ 100bfbf0 f   zip_utils.obj
 0001:000bec00       ??__Fg_ZipUtils@@YAXXZ     100bfc00 f   zip_utils.obj
 0001:000bec50       ??__FnameHolder@?1???$DataMapInit@Udheader_t@@@@YAPAUdatamap_t@@PAUdheader_t@@@Z@YAXXZ 100bfc50 f   bsplib.obj
 0001:000bec60       ??__FnameHolder@?1???$DataMapInit@Ulump_t@@@@YAPAUdatamap_t@@PAUlump_t@@@Z@YAXXZ 100bfc60 f   bsplib.obj
 0001:000bec70       ??__FnameHolder@?1???$DataMapInit@Udflagslump_t@@@@YAPAUdatamap_t@@PAUdflagslump_t@@@Z@YAXXZ 100bfc70 f   bsplib.obj
 0001:000bec80       ??__FnameHolder@?1???$DataMapInit@Udplane_t@@@@YAPAUdatamap_t@@PAUdplane_t@@@Z@YAXXZ 100bfc80 f   bsplib.obj
 0001:000bec90       ??__FnameHolder@?1???$DataMapInit@Udleaf_version_0_t@@@@YAPAUdatamap_t@@PAUdleaf_version_0_t@@@Z@YAXXZ 100bfc90 f   bsplib.obj
 0001:000beca0       ??__FnameHolder@?1???$DataMapInit@Udleaf_t@@@@YAPAUdatamap_t@@PAUdleaf_t@@@Z@YAXXZ 100bfca0 f   bsplib.obj
 0001:000becb0       ??__FnameHolder@?1???$DataMapInit@UCompressedLightCube@@@@YAPAUdatamap_t@@PAUCompressedLightCube@@@Z@YAXXZ 100bfcb0 f   bsplib.obj
 0001:000becc0       ??__FnameHolder@?1???$DataMapInit@Udleafambientindex_t@@@@YAPAUdatamap_t@@PAUdleafambientindex_t@@@Z@YAXXZ 100bfcc0 f   bsplib.obj
 0001:000becd0       ??__FnameHolder@?1???$DataMapInit@Udleafambientlighting_t@@@@YAPAUdatamap_t@@PAUdleafambientlighting_t@@@Z@YAXXZ 100bfcd0 f   bsplib.obj
 0001:000bece0       ??__FnameHolder@?1???$DataMapInit@Udvertex_t@@@@YAPAUdatamap_t@@PAUdvertex_t@@@Z@YAXXZ 100bfce0 f   bsplib.obj
 0001:000becf0       ??__FnameHolder@?1???$DataMapInit@Udnode_t@@@@YAPAUdatamap_t@@PAUdnode_t@@@Z@YAXXZ 100bfcf0 f   bsplib.obj
 0001:000bed00       ??__FnameHolder@?1???$DataMapInit@Utexinfo_s@@@@YAPAUdatamap_t@@PAUtexinfo_s@@@Z@YAXXZ 100bfd00 f   bsplib.obj
 0001:000bed10       ??__FnameHolder@?1???$DataMapInit@Udtexdata_t@@@@YAPAUdatamap_t@@PAUdtexdata_t@@@Z@YAXXZ 100bfd10 f   bsplib.obj
 0001:000bed20       ??__FnameHolder@?1???$DataMapInit@Vddispinfo_t@@@@YAPAUdatamap_t@@PAVddispinfo_t@@@Z@YAXXZ 100bfd20 f   bsplib.obj
 0001:000bed30       ??__FnameHolder@?1???$DataMapInit@VCDispNeighbor@@@@YAPAUdatamap_t@@PAVCDispNeighbor@@@Z@YAXXZ 100bfd30 f   bsplib.obj
 0001:000bed40       ??__FnameHolder@?1???$DataMapInit@VCDispCornerNeighbors@@@@YAPAUdatamap_t@@PAVCDispCornerNeighbors@@@Z@YAXXZ 100bfd40 f   bsplib.obj
 0001:000bed50       ??__FnameHolder@?1???$DataMapInit@UCDispSubNeighbor@@@@YAPAUdatamap_t@@PAUCDispSubNeighbor@@@Z@YAXXZ 100bfd50 f   bsplib.obj
 0001:000bed60       ??__FnameHolder@?1???$DataMapInit@VCDispVert@@@@YAPAUdatamap_t@@PAVCDispVert@@@Z@YAXXZ 100bfd60 f   bsplib.obj
 0001:000bed70       ??__FnameHolder@?1???$DataMapInit@VCDispTri@@@@YAPAUdatamap_t@@PAVCDispTri@@@Z@YAXXZ 100bfd70 f   bsplib.obj
 0001:000bed80       ??__FnameHolder@?1???$DataMapInit@VCFaceMacroTextureInfo@@@@YAPAUdatamap_t@@PAVCFaceMacroTextureInfo@@@Z@YAXXZ 100bfd80 f   bsplib.obj
 0001:000bed90       ??__FnameHolder@?1???$DataMapInit@Udprimitive_t@@@@YAPAUdatamap_t@@PAUdprimitive_t@@@Z@YAXXZ 100bfd90 f   bsplib.obj
 0001:000beda0       ??__FnameHolder@?1???$DataMapInit@Udprimvert_t@@@@YAPAUdatamap_t@@PAUdprimvert_t@@@Z@YAXXZ 100bfda0 f   bsplib.obj
 0001:000bedb0       ??__FnameHolder@?1???$DataMapInit@Udface_t@@@@YAPAUdatamap_t@@PAUdface_t@@@Z@YAXXZ 100bfdb0 f   bsplib.obj
 0001:000bedc0       ??__FnameHolder@?1???$DataMapInit@Udfaceid_t@@@@YAPAUdatamap_t@@PAUdfaceid_t@@@Z@YAXXZ 100bfdc0 f   bsplib.obj
 0001:000bedd0       ??__FnameHolder@?1???$DataMapInit@Udbrush_t@@@@YAPAUdatamap_t@@PAUdbrush_t@@@Z@YAXXZ 100bfdd0 f   bsplib.obj
 0001:000bede0       ??__FnameHolder@?1???$DataMapInit@Udbrushside_t@@@@YAPAUdatamap_t@@PAUdbrushside_t@@@Z@YAXXZ 100bfde0 f   bsplib.obj
 0001:000bedf0       ??__FnameHolder@?1???$DataMapInit@Udedge_t@@@@YAPAUdatamap_t@@PAUdedge_t@@@Z@YAXXZ 100bfdf0 f   bsplib.obj
 0001:000bee00       ??__FnameHolder@?1???$DataMapInit@Udmodel_t@@@@YAPAUdatamap_t@@PAUdmodel_t@@@Z@YAXXZ 100bfe00 f   bsplib.obj
 0001:000bee10       ??__FnameHolder@?1???$DataMapInit@Udphysmodel_t@@@@YAPAUdatamap_t@@PAUdphysmodel_t@@@Z@YAXXZ 100bfe10 f   bsplib.obj
 0001:000bee20       ??__FnameHolder@?1???$DataMapInit@Udphysdisp_t@@@@YAPAUdatamap_t@@PAUdphysdisp_t@@@Z@YAXXZ 100bfe20 f   bsplib.obj
 0001:000bee30       ??__FnameHolder@?1???$DataMapInit@Udarea_t@@@@YAPAUdatamap_t@@PAUdarea_t@@@Z@YAXXZ 100bfe30 f   bsplib.obj
 0001:000bee40       ??__FnameHolder@?1???$DataMapInit@Udareaportal_t@@@@YAPAUdatamap_t@@PAUdareaportal_t@@@Z@YAXXZ 100bfe40 f   bsplib.obj
 0001:000bee50       ??__FnameHolder@?1???$DataMapInit@Udworldlight_t@@@@YAPAUdatamap_t@@PAUdworldlight_t@@@Z@YAXXZ 100bfe50 f   bsplib.obj
 0001:000bee60       ??__FnameHolder@?1???$DataMapInit@Udleafwaterdata_t@@@@YAPAUdatamap_t@@PAUdleafwaterdata_t@@@Z@YAXXZ 100bfe60 f   bsplib.obj
 0001:000bee70       ??__FnameHolder@?1???$DataMapInit@Udoccluderdata_t@@@@YAPAUdatamap_t@@PAUdoccluderdata_t@@@Z@YAXXZ 100bfe70 f   bsplib.obj
 0001:000bee80       ??__FnameHolder@?1???$DataMapInit@Udoccluderpolydata_t@@@@YAPAUdatamap_t@@PAUdoccluderpolydata_t@@@Z@YAXXZ 100bfe80 f   bsplib.obj
 0001:000bee90       ??__FnameHolder@?1???$DataMapInit@Udcubemapsample_t@@@@YAPAUdatamap_t@@PAUdcubemapsample_t@@@Z@YAXXZ 100bfe90 f   bsplib.obj
 0001:000beea0       ??__FnameHolder@?1???$DataMapInit@Udoverlay_t@@@@YAPAUdatamap_t@@PAUdoverlay_t@@@Z@YAXXZ 100bfea0 f   bsplib.obj
 0001:000beeb0       ??__FnameHolder@?1???$DataMapInit@Udwateroverlay_t@@@@YAPAUdatamap_t@@PAUdwateroverlay_t@@@Z@YAXXZ 100bfeb0 f   bsplib.obj
 0001:000beec0       ??__FnameHolder@?1???$DataMapInit@Udoverlayfade_t@@@@YAPAUdatamap_t@@PAUdoverlayfade_t@@@Z@YAXXZ 100bfec0 f   bsplib.obj
 0001:000beed0       ??__FnameHolder@?1???$DataMapInit@Udgamelumpheader_t@@@@YAPAUdatamap_t@@PAUdgamelumpheader_t@@@Z@YAXXZ 100bfed0 f   bsplib.obj
 0001:000beee0       ??__FnameHolder@?1???$DataMapInit@Udgamelump_t@@@@YAPAUdatamap_t@@PAUdgamelump_t@@@Z@YAXXZ 100bfee0 f   bsplib.obj
 0001:000beef0       ??__FnameHolder@?1???$DataMapInit@UStaticPropDictLump_t@@@@YAPAUdatamap_t@@PAUStaticPropDictLump_t@@@Z@YAXXZ 100bfef0 f   bsplib.obj
 0001:000bef00       ??__FnameHolder@?1???$DataMapInit@UStaticPropLump_t@@@@YAPAUdatamap_t@@PAUStaticPropLump_t@@@Z@YAXXZ 100bff00 f   bsplib.obj
 0001:000bef10       ??__FnameHolder@?1???$DataMapInit@UStaticPropLumpV4_t@@@@YAPAUdatamap_t@@PAUStaticPropLumpV4_t@@@Z@YAXXZ 100bff10 f   bsplib.obj
 0001:000bef20       ??__FnameHolder@?1???$DataMapInit@UStaticPropLumpV5_t@@@@YAPAUdatamap_t@@PAUStaticPropLumpV5_t@@@Z@YAXXZ 100bff20 f   bsplib.obj
 0001:000bef30       ??__FnameHolder@?1???$DataMapInit@UStaticPropLeafLump_t@@@@YAPAUdatamap_t@@PAUStaticPropLeafLump_t@@@Z@YAXXZ 100bff30 f   bsplib.obj
 0001:000bef40       ??__FnameHolder@?1???$DataMapInit@UDetailObjectDictLump_t@@@@YAPAUdatamap_t@@PAUDetailObjectDictLump_t@@@Z@YAXXZ 100bff40 f   bsplib.obj
 0001:000bef50       ??__FnameHolder@?1???$DataMapInit@UDetailObjectLump_t@@@@YAPAUdatamap_t@@PAUDetailObjectLump_t@@@Z@YAXXZ 100bff50 f   bsplib.obj
 0001:000bef60       ??__FnameHolder@?1???$DataMapInit@UDetailSpriteDictLump_t@@@@YAPAUdatamap_t@@PAUDetailSpriteDictLump_t@@@Z@YAXXZ 100bff60 f   bsplib.obj
 0001:000bef70       ??__FnameHolder@?1???$DataMapInit@UDetailPropLightstylesLump_t@@@@YAPAUdatamap_t@@PAUDetailPropLightstylesLump_t@@@Z@YAXXZ 100bff70 f   bsplib.obj
 0001:000bef80       ??__FnameHolder@?1???$DataMapInit@UMeshHeader_t@HardwareVerts@@@HardwareVerts@@YAPAUdatamap_t@@PAUMeshHeader_t@0@@Z@YAXXZ 100bff80 f   bsplib.obj
 0001:000bef90       ??__FnameHolder@?1???$DataMapInit@UFileHeader_t@HardwareVerts@@@HardwareVerts@@YAPAUdatamap_t@@PAUFileHeader_t@0@@Z@YAXXZ 100bff90 f   bsplib.obj
 0001:000befa0       ??__Fg_StaticPropInstances@@YAXXZ 100bffa0 f   bsplib.obj
 0001:000befb0       ??__FdlightdataHDR@@YAXXZ  100bffb0 f   bsplib.obj
 0001:000befc0       ??__FdlightdataLDR@@YAXXZ  100bffc0 f   bsplib.obj
 0001:000befd0       ??__Fdentdata@@YAXXZ       100bffd0 f   bsplib.obj
 0001:000befe0       ??__Fg_LeafAmbientIndexLDR@@YAXXZ 100bffe0 f   bsplib.obj
 0001:000beff0       ??__Fg_LeafAmbientIndexHDR@@YAXXZ 100bfff0 f   bsplib.obj
 0001:000bf000       ??__Fg_LeafAmbientLightingLDR@@YAXXZ 100c0000 f   bsplib.obj
 0001:000bf010       ??__Fg_LeafAmbientLightingHDR@@YAXXZ 100c0010 f   bsplib.obj
 0001:000bf020       ??__Ftexinfo@@YAXXZ        100c0020 f   bsplib.obj
 0001:000bf030       ??__Fg_DispLightmapSamplePositions@@YAXXZ 100c0030 f   bsplib.obj
 0001:000bf040       ??__Fg_TexDataStringData@@YAXXZ 100c0040 f   bsplib.obj
 0001:000bf050       ??__Fg_TexDataStringTable@@YAXXZ 100c0050 f   bsplib.obj
 0001:000bf060       ??__Fg_OccluderData@@YAXXZ 100c0060 f   bsplib.obj
 0001:000bf070       ??__Fg_OccluderPolyData@@YAXXZ 100c0070 f   bsplib.obj
 0001:000bf080       ??__Fg_OccluderVertexIndices@@YAXXZ 100c0080 f   bsplib.obj
 0001:000bf090       ??__FnameHolder@?1???$DataMapInit@Uswapcollideheader_t@@@@YAPAUdatamap_t@@PAUswapcollideheader_t@@@Z@YAXXZ 100c0090 f   bsplib.obj
 0001:000bf0a0       ??__FnameHolder@?1???$DataMapInit@Uswapcompactsurfaceheader_t@@@@YAPAUdatamap_t@@PAUswapcompactsurfaceheader_t@@@Z@YAXXZ 100c00a0 f   bsplib.obj
 0001:000bf0b0       ??__FnameHolder@?1???$DataMapInit@Uswapmoppsurfaceheader_t@@@@YAPAUdatamap_t@@PAUswapmoppsurfaceheader_t@@@Z@YAXXZ 100c00b0 f   bsplib.obj
 0001:000bf0c0       ??__Fg_dispinfo@@YAXXZ     100c00c0 f   bsplib.obj
 0001:000bf0d0       ??__Fg_DispVerts@@YAXXZ    100c00d0 f   bsplib.obj
 0001:000bf0e0       ??__Fg_DispTris@@YAXXZ     100c00e0 f   bsplib.obj
 0001:000bf0f0       ??__Fdfaceids@@YAXXZ       100c00f0 f   bsplib.obj
 0001:000bf100       ??__Fg_FaceMacroTextureInfos@@YAXXZ 100c0100 f   bsplib.obj
 0001:000bf110       ??__Fg_GameLumps@@YAXXZ    100c0110 f   bsplib.obj
 0001:000bf160       ??__Fg_ClusterLeaves@@YAXXZ 100c0160 f   bsplib.obj
 0001:000bf170       ??__Fg_StaticPropNames@@YAXXZ 100c0170 f   bsplib.obj
 0001:000bf180       ??__Fg_ExitStopper@@YAXXZ  100c0180 f   cmdlib.obj
 0001:000bf1a0       ??__Fg_CleanupFunctions@@YAXXZ 100c01a0 f   cmdlib.obj
 0001:000bf1f0       ??__Fg_ExtraSpewHooks@@YAXXZ 100c01f0 f   cmdlib.obj
 0001:000bf240       ??__Fbuf@?1??CmdLib_FPrintf@@YAXPAXPBDZZ@YAXXZ 100c0240 f   cmdlib.obj
 0001:000bf250       ??__Fg_DispCollPlaneIndexHash@@YAXXZ 100c0250 f   dispcoll_common.obj
 0001:000bf270       ??__Fg_definevariable@@YAXXZ 100c0270 f   scriplib.obj
 0001:000bf280       ??__Fg_CleanupSymbolTable@@YAXXZ 100c0280 f   tier1:utlsymbol.obj
 0001:000bf290       ??__Fg_PersistentPacketsCS@@YAXXZ 100c0290 f   vmpi:vmpi.obj
 0001:000bf2a0       ??__Fg_VMPIMessagesCS@@YAXXZ 100c02a0 f   vmpi:vmpi.obj
 0001:000bf2b0       ??__Fg_VMPIMessagesEvent@@YAXXZ 100c02b0 f   vmpi:vmpi.obj
 0001:000bf2c0       ??__Fg_ErrorSocketsEvent@@YAXXZ 100c02c0 f   vmpi:vmpi.obj
 0001:000bf2d0       ??__Fg_ErrorSocketsCS@@YAXXZ 100c02d0 f   vmpi:vmpi.obj
 0001:000bf2e0       ??__Fg_ConnectionsCS@@YAXXZ 100c02e0 f   vmpi:vmpi.obj
 0001:000bf2f0       ??__Fg_CurrentStageCS@@YAXXZ 100c02f0 f   vmpi:vmpi.obj
 0001:000bf300       ??__Fg_DispatchBuffers@@YAXXZ 100c0300 f   vmpi:vmpi.obj
 0001:000bf330       ??__Fg_PersistentPackets@@YAXXZ 100c0330 f   vmpi:vmpi.obj
 0001:000bf380       ??__Fg_OriginalCommandLineParameters@@YAXXZ 100c0380 f   vmpi:vmpi.obj
 0001:000bf390       ??__Fg_VMPIMessages@@YAXXZ 100c0390 f   vmpi:vmpi.obj
 0001:000bf3e0       ??__Fg_ErrorSockets@@YAXXZ 100c03e0 f   vmpi:vmpi.obj
 0001:000bf430       ??__Fg_DisconnectHandlers@@YAXXZ 100c0430 f   vmpi:vmpi.obj
 0001:000bf480       ??__Fg_WorkerCommandLine@@YAXXZ 100c0480 f   vmpi:vmpi.obj
 0001:000bf490       ??__Fg_MasterBroadcaster@@YAXXZ 100c0490 f   vmpi:vmpi.obj
 0001:000bf4d0       ??__Fg_wuCountByProcess@@YAXXZ 100c04d0 f   vmpi:vmpi_distribute_work.obj
 0001:000bf4e0       ??__Fg_MasterWorkUnitCompletedList@@YAXXZ 100c04e0 f   vmpi:vmpi_distribute_work.obj
 0001:000bf500       ??__Fg_DSInfo@@YAXXZ       100c0500 f   vmpi:vmpi_distribute_work.obj
 0001:000bf520       ??__Fg_WUStatus@@YAXXZ     100c0520 f   vmpi:vmpi_distribute_tracker.obj
 0001:000bf530       ??__Fg_WorkUnits@@YAXXZ    100c0530 f   vmpi:vmpi_distribute_tracker.obj
 0001:000bf540       ??__Fg_MasterWorkUnitsTracker@@YAXXZ 100c0540 f   vmpi:vmpi_distribute_work_default.obj
 0001:000bf550       ??__Fg_FileResponsesCS@@YAXXZ 100c0550 f   vmpi:vmpi_filesystem_worker.obj
 0001:000bf560       ??__Fg_FileResponses@@YAXXZ 100c0560 f   vmpi:vmpi_filesystem_worker.obj
 0001:000bf570       ??__Fg_FileChunkPackets@@YAXXZ 100c0570 f   vmpi:vmpi_filesystem_worker.obj
 0001:000bf5c0       ??__FnameHolder@?1???$DataMapInit@UVTFFileBaseHeader_t@@@@YAPAUdatamap_t@@PAUVTFFileBaseHeader_t@@@Z@YAXXZ 100c05c0 f   vtf:vtf.obj
 0001:000bf5d0       ??__FnameHolder@?1???$DataMapInit@UVTFFileHeaderV7_1_t@@@@YAPAUdatamap_t@@PAUVTFFileHeaderV7_1_t@@@Z@YAXXZ 100c05d0 f   vtf:vtf.obj
 0001:000bf5e0       ??__FnameHolder@?1???$DataMapInit@UVTFFileHeaderV7_2_t@@@@YAPAUdatamap_t@@PAUVTFFileHeaderV7_2_t@@@Z@YAXXZ 100c05e0 f   vtf:vtf.obj
 0001:000bf5f0       ??__FnameHolder@?1???$DataMapInit@UVTFFileHeaderV7_3_t@@@@YAPAUdatamap_t@@PAUVTFFileHeaderV7_3_t@@@Z@YAXXZ 100c05f0 f   vtf:vtf.obj
 0001:000bf600       ??__FnameHolder@?1???$DataMapInit@UVTFFileHeader_t@@@@YAPAUdatamap_t@@PAUVTFFileHeader_t@@@Z@YAXXZ 100c0600 f   vtf:vtf.obj
 0001:000bf610       ??__FnameHolder@?1???$DataMapInit@UVTFFileHeaderX360_t@@@@YAPAUdatamap_t@@PAUVTFFileHeaderX360_t@@@Z@YAXXZ 100c0610 f   vtf:vtf.obj
 0001:000bf61a       ??__Finitlocks@std@@YAXXZ  100c061a f   libcpmt:xlock.obj
 0001:000bf624       ??__Fclassic_locale@std@@YAXXZ 100c0624 f   libcpmt:locale0.obj
 0001:000bf62e       ??__Finitlocks@std@@YAXXZ  100c062e f   libcpmt:iosptrs.obj
 0001:000bf638       ??__Finit_atexit@@YAXXZ    100c0638 f   libcpmt:iosptrs.obj
